# serializer version: 1
# name: test_ahb_diff_view_55001
  list([
    dict({
      'code_ahb_status_a': 'X',
      'code_ahb_status_b': 'X',
      'code_name_a': 'Marktlokation',
      'code_name_b': 'Marktlokation',
      'code_value_a': 'Z16',
      'code_value_b': 'Z16',
      'dataelement_id_a': 'D_3227',
      'dataelement_id_b': 'D_3227',
      'dataelement_name_a': 'Ortsangabe, Qualifier',
      'dataelement_name_b': 'Ortsangabe, Qualifier',
      'diff_status': 'modified',
      'id_path': 'SG4>SG5>LOC>D_3227>Z16>',
      'path': 'Vorgangs-Identifikation > Marktlokation > Marktlokation > Ortsangabe, Qualifier > Marktlokation',
      'segment_ahb_status_a': 'Muss',
      'segment_ahb_status_b': 'Muss',
      'segment_id_a': 'LOC',
      'segment_id_b': 'LOC',
      'segment_name_a': 'Marktlokation',
      'segment_name_b': 'Marktlokation',
      'segmentgroup_ahb_status_a': 'Muss [2061] ∧ [67]',
      'segmentgroup_ahb_status_b': '''
        Muss [2061] ∧ [328]
        Soll [333] ∧ [165] ∧ [2061]
      ''',
      'segmentgroup_name_a': 'Marktlokation',
      'segmentgroup_name_b': 'Marktlokation',
      'sort_path': '00005-00004-00000-00000-00000-',
      'type': 'code',
    }),
    dict({
      'code_ahb_status_a': 'X',
      'code_ahb_status_b': 'X',
      'code_name_a': 'Daten der Marktlokation',
      'code_name_b': 'Daten der Marktlokation',
      'code_value_a': 'Z01',
      'code_value_b': 'Z01',
      'dataelement_id_a': 'D_1229',
      'dataelement_id_b': 'D_1229',
      'dataelement_name_a': 'Handlung, Code',
      'dataelement_name_b': 'Handlung, Code',
      'diff_status': 'modified',
      'id_path': 'SG4>SG8>SEQ>D_1229>Z01>',
      'path': 'Vorgangs-Identifikation > Daten der Marktlokation > Daten der Marktlokation > Handlung, Code > Daten der Marktlokation',
      'segment_ahb_status_a': 'Muss',
      'segment_ahb_status_b': 'Muss',
      'segment_id_a': 'SEQ',
      'segment_id_b': 'SEQ',
      'segment_name_a': 'Daten der Marktlokation',
      'segment_name_b': 'Daten der Marktlokation',
      'segmentgroup_ahb_status_a': 'Muss [480] ∧ [2061]',
      'segmentgroup_ahb_status_b': 'Muss [2061]',
      'segmentgroup_name_a': 'Daten der Marktlokation',
      'segmentgroup_name_b': 'Daten der Marktlokation',
      'sort_path': '00005-00009-00000-00000-00000-',
      'type': 'code',
    }),
    dict({
      'code_ahb_status_a': 'X',
      'code_ahb_status_b': 'X',
      'code_name_a': 'Korrespondenzanschrift des Kunden des LF',
      'code_name_b': 'Korrespondenzanschrift des Kunden des LF',
      'code_value_a': 'Z04',
      'code_value_b': 'Z04',
      'dataelement_id_a': 'D_3035',
      'dataelement_id_b': 'D_3035',
      'dataelement_name_a': 'Beteiligter, Qualifier',
      'dataelement_name_b': 'Beteiligter, Qualifier',
      'diff_status': 'modified',
      'id_path': 'SG4>SG12>NAD>D_3035>Z04>',
      'path': 'Vorgangs-Identifikation > Korrespondenzanschrift des Kunden des Lieferanten > Korrespondenzanschrift des Kunden des Lieferanten > Beteiligter, Qualifier > Korrespondenzanschrift des Kunden des LF',
      'segment_ahb_status_a': 'Muss',
      'segment_ahb_status_b': 'Muss',
      'segment_id_a': 'NAD',
      'segment_id_b': 'NAD',
      'segment_name_a': 'Korrespondenzanschrift des Kunden des Lieferanten',
      'segment_name_b': 'Korrespondenzanschrift des Kunden des Lieferanten',
      'segmentgroup_ahb_status_a': 'Muss [556]',
      'segmentgroup_ahb_status_b': 'Muss [556] ∧ [559]',
      'segmentgroup_name_a': 'Korrespondenzanschrift des Kunden des Lieferanten',
      'segmentgroup_name_b': 'Korrespondenzanschrift des Kunden des Lieferanten',
      'sort_path': '00005-00012-00000-00000-00000-',
      'type': 'code',
    }),
  ])
# ---
