# serializer version: 1
# name: test_mig_diff_snapshot_comdis
  list([
    dict({
      'diff_status': 'added',
      'id_path': 'UNH>C_S009>D_0057>1.0e>',
      'line_type': 'code',
      'new_code_value': '1.0e',
      'new_dataelement_id': 'D_0057',
      'new_format': 'COMDIS',
      'new_format_version': 'FV2504',
      'new_line_name': 'Versionsnummer der zugrundeliegenden BDEW-Nachrichtenbeschreibung',
      'new_line_status_specification': 'R',
      'new_line_status_std': 'C',
      'new_segment_id': 'UNH',
      'old_format': 'COMDIS',
      'old_format_version': 'FV2410',
      'path': 'Nachrichten-Kopfsegment > Nachrichten-Kennung > Anwendungscode der zuständigen Organisation > Versionsnummer der zugrundeliegenden BDEW-Nachrichtenbeschreibung',
      'sort_path': '00000-00001-00004-00000-',
    }),
    dict({
      'diff_status': 'deleted',
      'id_path': 'UNH>C_S009>D_0057>1.0d>',
      'line_type': 'code',
      'new_format': 'COMDIS',
      'new_format_version': 'FV2504',
      'old_code_value': '1.0d',
      'old_dataelement_id': 'D_0057',
      'old_format': 'COMDIS',
      'old_format_version': 'FV2410',
      'old_line_name': 'Versionsnummer der zugrundeliegenden BDEW-Nachrichtenbeschreibung',
      'old_line_status_specification': 'R',
      'old_line_status_std': 'C',
      'old_segment_id': 'UNH',
      'path': 'Nachrichten-Kopfsegment > Nachrichten-Kennung > Anwendungscode der zuständigen Organisation > Versionsnummer der zugrundeliegenden BDEW-Nachrichtenbeschreibung',
      'sort_path': '00000-00001-00004-00000-',
    }),
    dict({
      'changed_columns': 'line_name',
      'diff_status': 'modified',
      'id_path': 'SG2>SG3>FTX>C_C107>D_4441>@00007-00002-00001-00002-00000-',
      'line_type': 'dataelement',
      'new_dataelement_id': 'D_4441',
      'new_format': 'COMDIS',
      'new_format_version': 'FV2504',
      'new_line_name': 'Freier Text, Code',
      'new_line_status_specification': 'M',
      'new_line_status_std': 'M',
      'new_segment_id': 'FTX',
      'new_segmentgroup_id': 'SG3',
      'old_dataelement_id': 'D_4441',
      'old_format': 'COMDIS',
      'old_format_version': 'FV2410',
      'old_line_name': 'Nachrichtentyp',
      'old_line_status_specification': 'M',
      'old_line_status_std': 'M',
      'old_segment_id': 'FTX',
      'old_segmentgroup_id': 'SG3',
      'path': 'Dokument-/Nachricht-Einzelheiten > Begründung der Korrektheit > Begründung Richtigkeit mit Angabe einer Nachrichtenreferenz > Text-Referenz > Freier Text, Code',
      'sort_path': '00007-00002-00001-00002-00000-',
    }),
    dict({
      'changed_columns': 'line_name',
      'diff_status': 'modified',
      'id_path': 'SG2>SG3>FTX>C_C108>D_4440>@00007-00002-00001-00003-00002-',
      'line_type': 'dataelement',
      'new_dataelement_id': 'D_4440',
      'new_format': 'COMDIS',
      'new_format_version': 'FV2504',
      'new_line_name': 'Datenaustauschreferenz der Empfangsbestätigung (CONTRL) oder der Anerkennungsmeldung (APERAK)',
      'new_line_status_specification': 'R',
      'new_line_status_std': 'C',
      'new_segment_id': 'FTX',
      'new_segmentgroup_id': 'SG3',
      'old_dataelement_id': 'D_4440',
      'old_format': 'COMDIS',
      'old_format_version': 'FV2410',
      'old_line_name': 'Datenaustauschreferenz der Empfangsbestätigung',
      'old_line_status_specification': 'R',
      'old_line_status_std': 'C',
      'old_segment_id': 'FTX',
      'old_segmentgroup_id': 'SG3',
      'path': 'Dokument-/Nachricht-Einzelheiten > Begründung der Korrektheit > Begründung Richtigkeit mit Angabe einer Nachrichtenreferenz > Text > Datenaustauschreferenz der Empfangsbestätigung (CONTRL) oder der Anerkennungsmeldung (APERAK)',
      'sort_path': '00007-00002-00001-00003-00002-',
    }),
    dict({
      'diff_status': 'added',
      'id_path': 'SG2>SG3>FTX>C_C108>D_4440>@00007-00002-00001-00003-00003-',
      'line_type': 'dataelement',
      'new_dataelement_id': 'D_4440',
      'new_format': 'COMDIS',
      'new_format_version': 'FV2504',
      'new_line_name': 'Nachrichtennummer aus der Anerkennungsmeldung (APERAK)',
      'new_line_status_specification': 'D',
      'new_line_status_std': 'C',
      'new_segment_id': 'FTX',
      'new_segmentgroup_id': 'SG3',
      'old_format': 'COMDIS',
      'old_format_version': 'FV2410',
      'path': 'Dokument-/Nachricht-Einzelheiten > Begründung der Korrektheit > Begründung Richtigkeit mit Angabe einer Nachrichtenreferenz > Text > Nachrichtennummer aus der Anerkennungsmeldung (APERAK)',
      'sort_path': '00007-00002-00001-00003-00003-',
    }),
  ])
# ---
