# serializer version: 1
# name: test_ahb_diff_view_55001
  list([
  ])
# ---
# name: test_ahb_diff_view_various_pruefis
  list([
    dict({
      'diff_status': 'modified',
      'id_path': 'UNH>',
      'line_type': 'segment',
      'new_bedingung': '[555] Die Anwendungsfälle für die Durchführung der BDEW-Anwendungshilfe „Marktprozesse Netzbetreiberwechsel Sparte Strom“ sind ab dem 01.08.2025 für Netzbetreiberwechsel ab dem 01.01.2026 zu verwenden',
      'new_format_version': 'FV2504',
      'new_line_ahb_status': 'Muss [555]',
      'new_line_name': 'Nachrichten-Kopfsegment',
      'new_pruefidentifikator': '55109',
      'new_segment_code': 'UNH',
      'old_format_version': 'FV2410',
      'old_line_ahb_status': 'Muss',
      'old_line_name': 'Nachrichten-Kopfsegment',
      'old_pruefidentifikator': '55109',
      'old_segment_code': 'UNH',
      'path': 'Nachrichten-Kopfsegment',
      'sort_path': '00000-',
    }),
    dict({
      'diff_status': 'deleted',
      'id_path': 'UNH>C_S009>D_0057>S1.1a>',
      'line_type': 'code',
      'new_format_version': 'FV2504',
      'new_pruefidentifikator': '55109',
      'old_data_element': 'D_0057',
      'old_format_version': 'FV2410',
      'old_line_ahb_status': 'X',
      'old_line_name': 'Versionsnummer der zugrundeliegenden BDEW-Nachrichtenbeschreibung',
      'old_pruefidentifikator': '55109',
      'old_qualifier': 'S1.1a',
      'old_segment_code': 'UNH',
      'path': 'Nachrichten-Kopfsegment > Nachrichten-Kennung > Anwendungscode der zuständigen Organisation > Versionsnummer der zugrundeliegenden BDEW-Nachrichtenbeschreibung',
      'sort_path': '00000-00001-00004-00000-',
    }),
    dict({
      'diff_status': 'modified',
      'id_path': 'SG4>STS>',
      'line_type': 'segment',
      'new_format_version': 'FV2504',
      'new_line_ahb_status': 'Muss',
      'new_line_name': 'Transaktionsgrund / Ergänzung / Transaktionsgrund befristete Anmeldung',
      'new_pruefidentifikator': '55109',
      'new_segment_code': 'STS',
      'new_segmentgroup_key': 'SG4',
      'old_bedingung': '[2061] Segment bzw. Segmentgruppe ist genau einmal je SG4 IDE (Vorgang) anzugeben',
      'old_format_version': 'FV2410',
      'old_line_ahb_status': 'Muss [2061]',
      'old_line_name': 'Transaktionsgrund',
      'old_pruefidentifikator': '55109',
      'old_segment_code': 'STS',
      'old_segmentgroup_key': 'SG4',
      'path': 'Vorgangs-Identifikation > Transaktionsgrund / Ergänzung / Transaktionsgrund befristete Anmeldung',
      'sort_path': '00005-00001-',
    }),
    dict({
      'diff_status': 'deleted',
      'id_path': 'SG4>DTM>@00005-00001-',
      'line_type': 'segment',
      'new_format_version': 'FV2504',
      'new_pruefidentifikator': '55109',
      'old_format_version': 'FV2410',
      'old_line_ahb_status': 'Muss',
      'old_line_name': 'Beginn zum',
      'old_pruefidentifikator': '55109',
      'old_segment_code': 'DTM',
      'old_segmentgroup_key': 'SG4',
      'path': 'Vorgangs-Identifikation > Beginn zum',
      'sort_path': '00005-00001-',
    }),
    dict({
      'diff_status': 'deleted',
      'id_path': 'SG4>DTM>C_C507>D_2005>92>',
      'line_type': 'code',
      'new_format_version': 'FV2504',
      'new_pruefidentifikator': '55109',
      'old_data_element': 'D_2005',
      'old_format_version': 'FV2410',
      'old_line_ahb_status': 'X',
      'old_line_name': 'Datum Vertragsbeginn',
      'old_pruefidentifikator': '55109',
      'old_qualifier': '92',
      'old_segment_code': 'DTM',
      'old_segmentgroup_key': 'SG4',
      'path': 'Vorgangs-Identifikation > Beginn zum > Datum/Uhrzeit/Zeitspanne > Datums- oder Uhrzeit- oder Zeitspannen-Funktion, Qualifier > Datum Vertragsbeginn',
      'sort_path': '00005-00001-00000-00000-00000-',
    }),
    dict({
      'diff_status': 'deleted',
      'id_path': 'SG4>DTM>C_C507>D_2380>@00005-00001-00000-00001-',
      'line_type': 'dataelement',
      'new_format_version': 'FV2504',
      'new_pruefidentifikator': '55109',
      'old_bedingung': '[UB1] ([931] ∧ [932] [490]) ⊻ ([931] ∧ [933] [491])',
      'old_data_element': 'D_2380',
      'old_format_version': 'FV2410',
      'old_line_ahb_status': 'X [UB1]',
      'old_line_name': 'Datum oder Uhrzeit oder Zeitspanne, Wert',
      'old_pruefidentifikator': '55109',
      'old_segment_code': 'DTM',
      'old_segmentgroup_key': 'SG4',
      'path': 'Vorgangs-Identifikation > Beginn zum > Datum/Uhrzeit/Zeitspanne > Datum oder Uhrzeit oder Zeitspanne, Wert',
      'sort_path': '00005-00001-00000-00001-',
    }),
    dict({
      'diff_status': 'deleted',
      'id_path': 'SG4>DTM>C_C507>D_2379>303>@00005-00001-00000-00002-00000-',
      'line_type': 'code',
      'new_format_version': 'FV2504',
      'new_pruefidentifikator': '55109',
      'old_data_element': 'D_2379',
      'old_format_version': 'FV2410',
      'old_line_ahb_status': 'X',
      'old_line_name': 'CCYYMMDDHHMMZZZ',
      'old_pruefidentifikator': '55109',
      'old_qualifier': '303',
      'old_segment_code': 'DTM',
      'old_segmentgroup_key': 'SG4',
      'path': 'Vorgangs-Identifikation > Beginn zum > Datum/Uhrzeit/Zeitspanne > Datums- oder Uhrzeit- oder Zeitspannen-Format, Code > CCYYMMDDHHMMZZZ',
      'sort_path': '00005-00001-00000-00002-00000-',
    }),
    dict({
      'diff_status': 'deleted',
      'id_path': 'SG4>DTM>@00005-00002-',
      'line_type': 'segment',
      'new_format_version': 'FV2504',
      'new_pruefidentifikator': '55109',
      'old_format_version': 'FV2410',
      'old_line_ahb_status': 'Muss',
      'old_line_name': 'Änderung zum, Gültigkeit, Beginndatum',
      'old_pruefidentifikator': '55109',
      'old_segment_code': 'DTM',
      'old_segmentgroup_key': 'SG4',
      'path': 'Vorgangs-Identifikation > Änderung zum, Gültigkeit, Beginndatum',
      'sort_path': '00005-00002-',
    }),
    dict({
      'diff_status': 'deleted',
      'id_path': 'SG4>DTM>C_C507>D_2005>157>',
      'line_type': 'code',
      'new_format_version': 'FV2504',
      'new_pruefidentifikator': '55109',
      'old_data_element': 'D_2005',
      'old_format_version': 'FV2410',
      'old_line_ahb_status': 'X',
      'old_line_name': 'Gültigkeit, Beginndatum',
      'old_pruefidentifikator': '55109',
      'old_qualifier': '157',
      'old_segment_code': 'DTM',
      'old_segmentgroup_key': 'SG4',
      'path': 'Vorgangs-Identifikation > Änderung zum, Gültigkeit, Beginndatum > Datum/Uhrzeit/Zeitspanne > Datums- oder Uhrzeit- oder Zeitspannen-Funktion, Qualifier > Gültigkeit, Beginndatum',
      'sort_path': '00005-00002-00000-00000-00000-',
    }),
    dict({
      'diff_status': 'deleted',
      'id_path': 'SG4>DTM>C_C507>D_2380>@00005-00002-00000-00001-',
      'line_type': 'dataelement',
      'new_format_version': 'FV2504',
      'new_pruefidentifikator': '55109',
      'old_bedingung': '[UB1] ([931] ∧ [932] [490]) ⊻ ([931] ∧ [933] [491])',
      'old_data_element': 'D_2380',
      'old_format_version': 'FV2410',
      'old_line_ahb_status': 'X [UB1]',
      'old_line_name': 'Datum oder Uhrzeit oder Zeitspanne, Wert',
      'old_pruefidentifikator': '55109',
      'old_segment_code': 'DTM',
      'old_segmentgroup_key': 'SG4',
      'path': 'Vorgangs-Identifikation > Änderung zum, Gültigkeit, Beginndatum > Datum/Uhrzeit/Zeitspanne > Datum oder Uhrzeit oder Zeitspanne, Wert',
      'sort_path': '00005-00002-00000-00001-',
    }),
    dict({
      'diff_status': 'deleted',
      'id_path': 'SG4>DTM>C_C507>D_2379>303>@00005-00002-00000-00002-00000-',
      'line_type': 'code',
      'new_format_version': 'FV2504',
      'new_pruefidentifikator': '55109',
      'old_data_element': 'D_2379',
      'old_format_version': 'FV2410',
      'old_line_ahb_status': 'X',
      'old_line_name': 'CCYYMMDDHHMMZZZ',
      'old_pruefidentifikator': '55109',
      'old_qualifier': '303',
      'old_segment_code': 'DTM',
      'old_segmentgroup_key': 'SG4',
      'path': 'Vorgangs-Identifikation > Änderung zum, Gültigkeit, Beginndatum > Datum/Uhrzeit/Zeitspanne > Datums- oder Uhrzeit- oder Zeitspannen-Format, Code > CCYYMMDDHHMMZZZ',
      'sort_path': '00005-00002-00000-00002-00000-',
    }),
    dict({
      'diff_status': 'modified',
      'id_path': 'SG4>SG6>RFF>C_C506>D_1154>55109>',
      'line_type': 'code',
      'new_data_element': 'D_1154',
      'new_format_version': 'FV2504',
      'new_line_ahb_status': 'X',
      'new_line_name': 'GPKE / Änderung Daten der MaLo vom LF an NB',
      'new_pruefidentifikator': '55109',
      'new_qualifier': '55109',
      'new_segment_code': 'RFF',
      'new_segmentgroup_key': 'SG6',
      'old_data_element': 'D_1154',
      'old_format_version': 'FV2410',
      'old_line_ahb_status': 'X',
      'old_line_name': 'SDÄ Strom / Nicht bila.rel. Änderung vom LF an NB',
      'old_pruefidentifikator': '55109',
      'old_qualifier': '55109',
      'old_segment_code': 'RFF',
      'old_segmentgroup_key': 'SG6',
      'path': 'Vorgangs-Identifikation > Prüfidentifikator > Prüfidentifikator > Referenz > Prüfidentifikator > GPKE / Änderung Daten der MaLo vom LF an NB',
      'sort_path': '00005-00003-00000-00000-00001-00000-',
    }),
    dict({
      'diff_status': 'deleted',
      'id_path': 'SG4>STS>C_C556>D_9013>ZE6>',
      'line_type': 'code',
      'new_format_version': 'FV2504',
      'new_pruefidentifikator': '55109',
      'old_data_element': 'D_9013',
      'old_format_version': 'FV2410',
      'old_line_ahb_status': 'X',
      'old_line_name': 'Nicht bila.rel. Änderung vom LF',
      'old_pruefidentifikator': '55109',
      'old_qualifier': 'ZE6',
      'old_segment_code': 'STS',
      'old_segmentgroup_key': 'SG4',
      'path': 'Vorgangs-Identifikation > Transaktionsgrund > Statusanlaß > Statusanlass, Code > Nicht bila.rel. Änderung vom LF',
      'sort_path': '00005-00003-00001-00000-00000-',
    }),
    dict({
      'diff_status': 'deleted',
      'id_path': 'SG4>SG6>',
      'line_type': 'segment_group',
      'new_format_version': 'FV2504',
      'new_pruefidentifikator': '55109',
      'old_format_version': 'FV2410',
      'old_line_ahb_status': 'Muss',
      'old_line_name': 'Prüfidentifikator',
      'old_pruefidentifikator': '55109',
      'old_segmentgroup_key': 'SG6',
      'path': 'Vorgangs-Identifikation > Prüfidentifikator',
      'sort_path': '00005-00005-',
    }),
    dict({
      'diff_status': 'deleted',
      'id_path': 'SG4>SG6>RFF>',
      'line_type': 'segment',
      'new_format_version': 'FV2504',
      'new_pruefidentifikator': '55109',
      'old_format_version': 'FV2410',
      'old_line_ahb_status': 'Muss',
      'old_line_name': 'Prüfidentifikator',
      'old_pruefidentifikator': '55109',
      'old_segment_code': 'RFF',
      'old_segmentgroup_key': 'SG6',
      'path': 'Vorgangs-Identifikation > Prüfidentifikator > Prüfidentifikator',
      'sort_path': '00005-00005-00000-',
    }),
    dict({
      'diff_status': 'modified',
      'id_path': 'SG4>SG8>@00005-00006-',
      'line_type': 'segment_group',
      'new_bedingung': '''
        [2004] Segmentgruppe ist genau einmal für jede Zeitraum-ID aus dem DE1156 der SG6 RFF+Z49 (Verwendungszeitraum der Daten: "Gültige Daten") anzugeben
        [480] Wenn SG4 STS+7++xxx+ZW4 (Transaktionsgrundergänzung Verbrauchende Marktlokation) vorhanden
      ''',
      'new_format_version': 'FV2504',
      'new_line_ahb_status': 'Muss [480] ∧ [2004]',
      'new_line_name': 'Daten des Kunden des Lieferanten',
      'new_pruefidentifikator': '55109',
      'new_segmentgroup_key': 'SG8',
      'old_bedingung': '[2061] Segment bzw. Segmentgruppe ist genau einmal je SG4 IDE (Vorgang) anzugeben',
      'old_format_version': 'FV2410',
      'old_line_ahb_status': 'Muss [2061]',
      'old_line_name': 'Daten der Marktlokation',
      'old_pruefidentifikator': '55109',
      'old_segmentgroup_key': 'SG8',
      'path': 'Vorgangs-Identifikation > Daten des Kunden des Lieferanten',
      'sort_path': '00005-00006-',
    }),
    dict({
      'diff_status': 'modified',
      'id_path': 'SG4>SG8>SEQ>@00005-00006-00000-',
      'line_type': 'segment',
      'new_format_version': 'FV2504',
      'new_line_ahb_status': 'Muss',
      'new_line_name': 'Daten des Kunden des Lieferanten',
      'new_pruefidentifikator': '55109',
      'new_segment_code': 'SEQ',
      'new_segmentgroup_key': 'SG8',
      'old_format_version': 'FV2410',
      'old_line_ahb_status': 'Muss',
      'old_line_name': 'Daten der Marktlokation',
      'old_pruefidentifikator': '55109',
      'old_segment_code': 'SEQ',
      'old_segmentgroup_key': 'SG8',
      'path': 'Vorgangs-Identifikation > Daten des Kunden des Lieferanten > Daten des Kunden des Lieferanten',
      'sort_path': '00005-00006-00000-',
    }),
    dict({
      'diff_status': 'deleted',
      'id_path': 'SG4>SG8>RFF>',
      'line_type': 'segment',
      'new_format_version': 'FV2504',
      'new_pruefidentifikator': '55109',
      'old_format_version': 'FV2410',
      'old_line_ahb_status': 'Muss',
      'old_line_name': 'Referenz auf die ID der Marktlokation',
      'old_pruefidentifikator': '55109',
      'old_segment_code': 'RFF',
      'old_segmentgroup_key': 'SG8',
      'path': 'Vorgangs-Identifikation > Daten der Marktlokation > Referenz auf die ID der Marktlokation',
      'sort_path': '00005-00006-00001-',
    }),
    dict({
      'diff_status': 'deleted',
      'id_path': 'SG4>SG8>RFF>C_C506>D_1153>Z18>',
      'line_type': 'code',
      'new_format_version': 'FV2504',
      'new_pruefidentifikator': '55109',
      'old_data_element': 'D_1153',
      'old_format_version': 'FV2410',
      'old_line_ahb_status': 'X',
      'old_line_name': 'Marktlokation',
      'old_pruefidentifikator': '55109',
      'old_qualifier': 'Z18',
      'old_segment_code': 'RFF',
      'old_segmentgroup_key': 'SG8',
      'path': 'Vorgangs-Identifikation > Daten der Marktlokation > Referenz auf die ID der Marktlokation > Referenz > Referenz, Qualifier > Marktlokation',
      'sort_path': '00005-00006-00001-00000-00000-00000-',
    }),
    dict({
      'diff_status': 'deleted',
      'id_path': 'SG4>SG8>RFF>C_C506>D_1154>',
      'line_type': 'dataelement',
      'new_format_version': 'FV2504',
      'new_pruefidentifikator': '55109',
      'old_bedingung': '[950] Format: Marktlokations-ID',
      'old_data_element': 'D_1154',
      'old_format_version': 'FV2410',
      'old_line_ahb_status': 'X [950]',
      'old_line_name': 'ID der Marktlokation',
      'old_pruefidentifikator': '55109',
      'old_segment_code': 'RFF',
      'old_segmentgroup_key': 'SG8',
      'path': 'Vorgangs-Identifikation > Daten der Marktlokation > Referenz auf die ID der Marktlokation > Referenz > ID der Marktlokation',
      'sort_path': '00005-00006-00001-00000-00001-',
    }),
    dict({
      'diff_status': 'deleted',
      'id_path': 'SG4>SG8>SG10>@00005-00006-00002-',
      'line_type': 'segment_group',
      'new_format_version': 'FV2504',
      'new_pruefidentifikator': '55109',
      'old_format_version': 'FV2410',
      'old_line_ahb_status': 'Muss',
      'old_line_name': 'Lieferrichtung',
      'old_pruefidentifikator': '55109',
      'old_segmentgroup_key': 'SG10',
      'path': 'Vorgangs-Identifikation > Daten der Marktlokation > Lieferrichtung',
      'sort_path': '00005-00006-00002-',
    }),
    dict({
      'diff_status': 'deleted',
      'id_path': 'SG4>SG8>SG10>CCI>@00005-00006-00002-00000-',
      'line_type': 'segment',
      'new_format_version': 'FV2504',
      'new_pruefidentifikator': '55109',
      'old_format_version': 'FV2410',
      'old_line_ahb_status': 'Muss',
      'old_line_name': 'Lieferrichtung',
      'old_pruefidentifikator': '55109',
      'old_segment_code': 'CCI',
      'old_segmentgroup_key': 'SG10',
      'path': 'Vorgangs-Identifikation > Daten der Marktlokation > Lieferrichtung > Lieferrichtung',
      'sort_path': '00005-00006-00002-00000-',
    }),
    dict({
      'diff_status': 'deleted',
      'id_path': 'SG4>SG8>SG10>CCI>D_7059>Z30>',
      'line_type': 'code',
      'new_format_version': 'FV2504',
      'new_pruefidentifikator': '55109',
      'old_data_element': 'D_7059',
      'old_format_version': 'FV2410',
      'old_line_ahb_status': 'X',
      'old_line_name': 'Lieferrichtung',
      'old_pruefidentifikator': '55109',
      'old_qualifier': 'Z30',
      'old_segment_code': 'CCI',
      'old_segmentgroup_key': 'SG10',
      'path': 'Vorgangs-Identifikation > Daten der Marktlokation > Lieferrichtung > Lieferrichtung > Klassentyp, Code > Lieferrichtung',
      'sort_path': '00005-00006-00002-00000-00000-00000-',
    }),
    dict({
      'diff_status': 'deleted',
      'id_path': 'SG4>SG8>SG10>CCI>C_C240>D_7037>Z06>',
      'line_type': 'code',
      'new_format_version': 'FV2504',
      'new_pruefidentifikator': '55109',
      'old_data_element': 'D_7037',
      'old_format_version': 'FV2410',
      'old_line_ahb_status': 'X',
      'old_line_name': 'Erzeugung',
      'old_pruefidentifikator': '55109',
      'old_qualifier': 'Z06',
      'old_segment_code': 'CCI',
      'old_segmentgroup_key': 'SG10',
      'path': 'Vorgangs-Identifikation > Daten der Marktlokation > Lieferrichtung > Lieferrichtung > Merkmalsbeschreibung > Lieferrichtung > Erzeugung',
      'sort_path': '00005-00006-00002-00000-00001-00000-00000-',
    }),
    dict({
      'diff_status': 'deleted',
      'id_path': 'SG4>SG8>SG10>CCI>C_C240>D_7037>Z07>',
      'line_type': 'code',
      'new_format_version': 'FV2504',
      'new_pruefidentifikator': '55109',
      'old_data_element': 'D_7037',
      'old_format_version': 'FV2410',
      'old_line_ahb_status': 'X',
      'old_line_name': 'Verbrauch',
      'old_pruefidentifikator': '55109',
      'old_qualifier': 'Z07',
      'old_segment_code': 'CCI',
      'old_segmentgroup_key': 'SG10',
      'path': 'Vorgangs-Identifikation > Daten der Marktlokation > Lieferrichtung > Lieferrichtung > Merkmalsbeschreibung > Lieferrichtung > Verbrauch',
      'sort_path': '00005-00006-00002-00000-00001-00000-00001-',
    }),
    dict({
      'diff_status': 'deleted',
      'id_path': 'SG4>SG8>SG10>@00005-00006-00003-',
      'line_type': 'segment_group',
      'new_format_version': 'FV2504',
      'new_pruefidentifikator': '55109',
      'old_bedingung': '[92] Wenn Wert innerhalb SG bzw. Segment geändert wird',
      'old_format_version': 'FV2410',
      'old_line_ahb_status': 'Soll [92]',
      'old_line_name': 'Gruppenzuordnung (nach EnWG)',
      'old_pruefidentifikator': '55109',
      'old_segmentgroup_key': 'SG10',
      'path': 'Vorgangs-Identifikation > Daten der Marktlokation > Gruppenzuordnung (nach EnWG)',
      'sort_path': '00005-00006-00003-',
    }),
    dict({
      'diff_status': 'deleted',
      'id_path': 'SG4>SG8>SG10>CCI>@00005-00006-00003-00000-',
      'line_type': 'segment',
      'new_format_version': 'FV2504',
      'new_pruefidentifikator': '55109',
      'old_format_version': 'FV2410',
      'old_line_ahb_status': 'Muss',
      'old_line_name': 'Gruppenzuordnung (nach EnWG)',
      'old_pruefidentifikator': '55109',
      'old_segment_code': 'CCI',
      'old_segmentgroup_key': 'SG10',
      'path': 'Vorgangs-Identifikation > Daten der Marktlokation > Gruppenzuordnung (nach EnWG) > Gruppenzuordnung (nach EnWG)',
      'sort_path': '00005-00006-00003-00000-',
    }),
    dict({
      'diff_status': 'deleted',
      'id_path': 'SG4>SG8>@00005-00007-',
      'line_type': 'segment_group',
      'new_format_version': 'FV2504',
      'new_pruefidentifikator': '55109',
      'old_bedingung': '[92] Wenn Wert innerhalb SG bzw. Segment geändert wird',
      'old_format_version': 'FV2410',
      'old_line_ahb_status': 'Soll [92]',
      'old_line_name': 'Daten des Kunden des Lieferanten',
      'old_pruefidentifikator': '55109',
      'old_segmentgroup_key': 'SG8',
      'path': 'Vorgangs-Identifikation > Daten des Kunden des Lieferanten',
      'sort_path': '00005-00007-',
    }),
    dict({
      'diff_status': 'deleted',
      'id_path': 'SG4>SG8>SEQ>@00005-00007-00000-',
      'line_type': 'segment',
      'new_format_version': 'FV2504',
      'new_pruefidentifikator': '55109',
      'old_format_version': 'FV2410',
      'old_line_ahb_status': 'Muss',
      'old_line_name': 'Daten des Kunden des Lieferanten',
      'old_pruefidentifikator': '55109',
      'old_segment_code': 'SEQ',
      'old_segmentgroup_key': 'SG8',
      'path': 'Vorgangs-Identifikation > Daten des Kunden des Lieferanten > Daten des Kunden des Lieferanten',
      'sort_path': '00005-00007-00000-',
    }),
    dict({
      'diff_status': 'deleted',
      'id_path': 'SG4>SG8>SG10>@00005-00007-00001-',
      'line_type': 'segment_group',
      'new_format_version': 'FV2504',
      'new_pruefidentifikator': '55109',
      'old_format_version': 'FV2410',
      'old_line_ahb_status': 'Muss',
      'old_line_name': 'Grundlage zur Verringerung der Umlagen nach EnFG',
      'old_pruefidentifikator': '55109',
      'old_segmentgroup_key': 'SG10',
      'path': 'Vorgangs-Identifikation > Daten des Kunden des Lieferanten > Grundlage zur Verringerung der Umlagen nach EnFG',
      'sort_path': '00005-00007-00001-',
    }),
    dict({
      'diff_status': 'deleted',
      'id_path': 'SG4>SG8>SG10>CCI>@00005-00007-00001-00000-',
      'line_type': 'segment',
      'new_format_version': 'FV2504',
      'new_pruefidentifikator': '55109',
      'old_format_version': 'FV2410',
      'old_line_ahb_status': 'Muss',
      'old_line_name': 'Grundlage zur Verringerung der Umlagen nach EnFG',
      'old_pruefidentifikator': '55109',
      'old_segment_code': 'CCI',
      'old_segmentgroup_key': 'SG10',
      'path': 'Vorgangs-Identifikation > Daten des Kunden des Lieferanten > Grundlage zur Verringerung der Umlagen nach EnFG > Grundlage zur Verringerung der Umlagen nach EnFG',
      'sort_path': '00005-00007-00001-00000-',
    }),
    dict({
      'diff_status': 'modified',
      'id_path': 'SG4>SG12>@00005-00008-',
      'line_type': 'segment_group',
      'new_bedingung': '''
        [2004] Segmentgruppe ist genau einmal für jede Zeitraum-ID aus dem DE1156 der SG6 RFF+Z49 (Verwendungszeitraum der Daten: "Gültige Daten") anzugeben
        [480] Wenn SG4 STS+7++xxx+ZW4 (Transaktionsgrundergänzung Verbrauchende Marktlokation) vorhanden
      ''',
      'new_format_version': 'FV2504',
      'new_line_ahb_status': 'Muss [480] ∧ [2004]',
      'new_line_name': 'Korrespondenzanschrift des Kunden des Lieferanten',
      'new_pruefidentifikator': '55109',
      'new_segmentgroup_key': 'SG12',
      'old_bedingung': '[92] Wenn Wert innerhalb SG bzw. Segment geändert wird',
      'old_format_version': 'FV2410',
      'old_line_ahb_status': 'Soll [92]',
      'old_line_name': 'Kunde des Lieferanten',
      'old_pruefidentifikator': '55109',
      'old_segmentgroup_key': 'SG12',
      'path': 'Vorgangs-Identifikation > Korrespondenzanschrift des Kunden des Lieferanten',
      'sort_path': '00005-00008-',
    }),
    dict({
      'diff_status': 'modified',
      'id_path': 'SG4>SG12>NAD>@00005-00008-00000-',
      'line_type': 'segment',
      'new_format_version': 'FV2504',
      'new_line_ahb_status': 'Muss',
      'new_line_name': 'Korrespondenzanschrift des Kunden des Lieferanten',
      'new_pruefidentifikator': '55109',
      'new_segment_code': 'NAD',
      'new_segmentgroup_key': 'SG12',
      'old_format_version': 'FV2410',
      'old_line_ahb_status': 'Muss',
      'old_line_name': 'Kunde des Lieferanten',
      'old_pruefidentifikator': '55109',
      'old_segment_code': 'NAD',
      'old_segmentgroup_key': 'SG12',
      'path': 'Vorgangs-Identifikation > Korrespondenzanschrift des Kunden des Lieferanten > Korrespondenzanschrift des Kunden des Lieferanten',
      'sort_path': '00005-00008-00000-',
    }),
    dict({
      'diff_status': 'modified',
      'id_path': 'SG4>SG12>RFF>@00005-00008-00001-',
      'line_type': 'segment',
      'new_format_version': 'FV2504',
      'new_line_ahb_status': 'Muss',
      'new_line_name': 'Referenz auf Zeitraum.ID',
      'new_pruefidentifikator': '55109',
      'new_segment_code': 'RFF',
      'new_segmentgroup_key': 'SG12',
      'old_format_version': 'FV2410',
      'old_line_ahb_status': 'Kann',
      'old_line_name': 'Kundennummer beim Lieferanten',
      'old_pruefidentifikator': '55109',
      'old_segment_code': 'RFF',
      'old_segmentgroup_key': 'SG12',
      'path': 'Vorgangs-Identifikation > Korrespondenzanschrift des Kunden des Lieferanten > Referenz auf Zeitraum.ID',
      'sort_path': '00005-00008-00001-',
    }),
    dict({
      'diff_status': 'modified',
      'id_path': 'SG4>SG12>RFF>C_C506>D_1154>@00005-00008-00001-00000-00001-',
      'line_type': 'dataelement',
      'new_bedingung': '''
        [22] Es ist die Zeitraum-ID vom DE1156 aus einem passenden SG6 RFF+Z47/ Z48/ Z49 (Verwendungszeitraum der Daten) einzutragen
        [914] Format: Möglicher Wert: > 0
        [937] Format: keine Nachkommastelle
      ''',
      'new_data_element': 'D_1154',
      'new_format_version': 'FV2504',
      'new_line_ahb_status': 'X [914] ∧ [937] [22]',
      'new_line_name': 'Referenz auf Zeitraum-ID',
      'new_pruefidentifikator': '55109',
      'new_segment_code': 'RFF',
      'new_segmentgroup_key': 'SG12',
      'old_data_element': 'D_1154',
      'old_format_version': 'FV2410',
      'old_line_ahb_status': 'X',
      'old_line_name': 'Kundennummer beim LF',
      'old_pruefidentifikator': '55109',
      'old_segment_code': 'RFF',
      'old_segmentgroup_key': 'SG12',
      'path': 'Vorgangs-Identifikation > Korrespondenzanschrift des Kunden des Lieferanten > Referenz auf Zeitraum.ID > Referenz > Referenz auf Zeitraum-ID',
      'sort_path': '00005-00008-00001-00000-00001-',
    }),
    dict({
      'diff_status': 'deleted',
      'id_path': 'SG4>SG12>RFF>@00005-00008-00002-',
      'line_type': 'segment',
      'new_format_version': 'FV2504',
      'new_pruefidentifikator': '55109',
      'old_format_version': 'FV2410',
      'old_line_ahb_status': 'Muss',
      'old_line_name': 'Referenz auf die ID der Marktlokation',
      'old_pruefidentifikator': '55109',
      'old_segment_code': 'RFF',
      'old_segmentgroup_key': 'SG12',
      'path': 'Vorgangs-Identifikation > Kunde des Lieferanten > Referenz auf die ID der Marktlokation',
      'sort_path': '00005-00008-00002-',
    }),
    dict({
      'diff_status': 'deleted',
      'id_path': 'SG4>SG12>RFF>C_C506>D_1153>Z18>@00005-00008-00002-00000-00000-00000-',
      'line_type': 'code',
      'new_format_version': 'FV2504',
      'new_pruefidentifikator': '55109',
      'old_data_element': 'D_1153',
      'old_format_version': 'FV2410',
      'old_line_ahb_status': 'X',
      'old_line_name': 'Marktlokation',
      'old_pruefidentifikator': '55109',
      'old_qualifier': 'Z18',
      'old_segment_code': 'RFF',
      'old_segmentgroup_key': 'SG12',
      'path': 'Vorgangs-Identifikation > Kunde des Lieferanten > Referenz auf die ID der Marktlokation > Referenz > Referenz, Qualifier > Marktlokation',
      'sort_path': '00005-00008-00002-00000-00000-00000-',
    }),
    dict({
      'diff_status': 'deleted',
      'id_path': 'SG4>SG12>RFF>C_C506>D_1154>@00005-00008-00002-00000-00001-',
      'line_type': 'dataelement',
      'new_format_version': 'FV2504',
      'new_pruefidentifikator': '55109',
      'old_bedingung': '[950] Format: Marktlokations-ID',
      'old_data_element': 'D_1154',
      'old_format_version': 'FV2410',
      'old_line_ahb_status': 'X [950]',
      'old_line_name': 'ID der Marktlokation',
      'old_pruefidentifikator': '55109',
      'old_segment_code': 'RFF',
      'old_segmentgroup_key': 'SG12',
      'path': 'Vorgangs-Identifikation > Kunde des Lieferanten > Referenz auf die ID der Marktlokation > Referenz > ID der Marktlokation',
      'sort_path': '00005-00008-00002-00000-00001-',
    }),
    dict({
      'diff_status': 'deleted',
      'id_path': 'SG4>SG12>@00005-00009-',
      'line_type': 'segment_group',
      'new_format_version': 'FV2504',
      'new_pruefidentifikator': '55109',
      'old_bedingung': '[92] Wenn Wert innerhalb SG bzw. Segment geändert wird',
      'old_format_version': 'FV2410',
      'old_line_ahb_status': 'Soll [92]',
      'old_line_name': 'Korrespondenzanschrift des Kunden des Lieferanten',
      'old_pruefidentifikator': '55109',
      'old_segmentgroup_key': 'SG12',
      'path': 'Vorgangs-Identifikation > Korrespondenzanschrift des Kunden des Lieferanten',
      'sort_path': '00005-00009-',
    }),
    dict({
      'diff_status': 'deleted',
      'id_path': 'SG4>SG12>NAD>@00005-00009-00000-',
      'line_type': 'segment',
      'new_format_version': 'FV2504',
      'new_pruefidentifikator': '55109',
      'old_format_version': 'FV2410',
      'old_line_ahb_status': 'Muss',
      'old_line_name': 'Korrespondenzanschrift des Kunden des Lieferanten',
      'old_pruefidentifikator': '55109',
      'old_segment_code': 'NAD',
      'old_segmentgroup_key': 'SG12',
      'path': 'Vorgangs-Identifikation > Korrespondenzanschrift des Kunden des Lieferanten > Korrespondenzanschrift des Kunden des Lieferanten',
      'sort_path': '00005-00009-00000-',
    }),
    dict({
      'diff_status': 'deleted',
      'id_path': 'SG4>SG12>NAD>C_C080>D_3036>@00005-00009-00000-00001-00000-',
      'line_type': 'dataelement',
      'new_format_version': 'FV2504',
      'new_pruefidentifikator': '55109',
      'old_data_element': 'D_3036',
      'old_format_version': 'FV2410',
      'old_line_ahb_status': 'X',
      'old_line_name': 'Name',
      'old_pruefidentifikator': '55109',
      'old_segment_code': 'NAD',
      'old_segmentgroup_key': 'SG12',
      'path': 'Vorgangs-Identifikation > Korrespondenzanschrift des Kunden des Lieferanten > Korrespondenzanschrift des Kunden des Lieferanten > Name des Beteiligten > Name',
      'sort_path': '00005-00009-00000-00001-00000-',
    }),
    dict({
      'diff_status': 'deleted',
      'id_path': 'SG4>SG12>NAD>C_C080>D_3045>Z01>@00005-00009-00000-00001-00001-00000-',
      'line_type': 'code',
      'new_format_version': 'FV2504',
      'new_pruefidentifikator': '55109',
      'old_data_element': 'D_3045',
      'old_format_version': 'FV2410',
      'old_line_ahb_status': 'X',
      'old_line_name': 'Struktur von Personennamen',
      'old_pruefidentifikator': '55109',
      'old_qualifier': 'Z01',
      'old_segment_code': 'NAD',
      'old_segmentgroup_key': 'SG12',
      'path': 'Vorgangs-Identifikation > Korrespondenzanschrift des Kunden des Lieferanten > Korrespondenzanschrift des Kunden des Lieferanten > Name des Beteiligten > Format für den Namen des Beteiligten, Code > Struktur von Personennamen',
      'sort_path': '00005-00009-00000-00001-00001-00000-',
    }),
    dict({
      'diff_status': 'deleted',
      'id_path': 'SG4>SG12>NAD>C_C080>D_3045>Z02>@00005-00009-00000-00001-00001-00001-',
      'line_type': 'code',
      'new_format_version': 'FV2504',
      'new_pruefidentifikator': '55109',
      'old_data_element': 'D_3045',
      'old_format_version': 'FV2410',
      'old_line_ahb_status': 'X',
      'old_line_name': 'Struktur der Firmenbezeichnung',
      'old_pruefidentifikator': '55109',
      'old_qualifier': 'Z02',
      'old_segment_code': 'NAD',
      'old_segmentgroup_key': 'SG12',
      'path': 'Vorgangs-Identifikation > Korrespondenzanschrift des Kunden des Lieferanten > Korrespondenzanschrift des Kunden des Lieferanten > Name des Beteiligten > Format für den Namen des Beteiligten, Code > Struktur der Firmenbezeichnung',
      'sort_path': '00005-00009-00000-00001-00001-00001-',
    }),
    dict({
      'diff_status': 'deleted',
      'id_path': 'SG4>SG12>RFF>@00005-00009-00001-',
      'line_type': 'segment',
      'new_format_version': 'FV2504',
      'new_pruefidentifikator': '55109',
      'old_format_version': 'FV2410',
      'old_line_ahb_status': 'Muss',
      'old_line_name': 'Referenz auf die ID der Marktlokation',
      'old_pruefidentifikator': '55109',
      'old_segment_code': 'RFF',
      'old_segmentgroup_key': 'SG12',
      'path': 'Vorgangs-Identifikation > Korrespondenzanschrift des Kunden des Lieferanten > Referenz auf die ID der Marktlokation',
      'sort_path': '00005-00009-00001-',
    }),
    dict({
      'diff_status': 'deleted',
      'id_path': 'SG4>SG12>RFF>C_C506>D_1153>Z18>@00005-00009-00001-00000-00000-00000-',
      'line_type': 'code',
      'new_format_version': 'FV2504',
      'new_pruefidentifikator': '55109',
      'old_data_element': 'D_1153',
      'old_format_version': 'FV2410',
      'old_line_ahb_status': 'X',
      'old_line_name': 'Marktlokation',
      'old_pruefidentifikator': '55109',
      'old_qualifier': 'Z18',
      'old_segment_code': 'RFF',
      'old_segmentgroup_key': 'SG12',
      'path': 'Vorgangs-Identifikation > Korrespondenzanschrift des Kunden des Lieferanten > Referenz auf die ID der Marktlokation > Referenz > Referenz, Qualifier > Marktlokation',
      'sort_path': '00005-00009-00001-00000-00000-00000-',
    }),
    dict({
      'diff_status': 'deleted',
      'id_path': 'SG4>SG12>RFF>C_C506>D_1154>@00005-00009-00001-00000-00001-',
      'line_type': 'dataelement',
      'new_format_version': 'FV2504',
      'new_pruefidentifikator': '55109',
      'old_bedingung': '[950] Format: Marktlokations-ID',
      'old_data_element': 'D_1154',
      'old_format_version': 'FV2410',
      'old_line_ahb_status': 'X [950]',
      'old_line_name': 'ID der Marktlokation',
      'old_pruefidentifikator': '55109',
      'old_segment_code': 'RFF',
      'old_segmentgroup_key': 'SG12',
      'path': 'Vorgangs-Identifikation > Korrespondenzanschrift des Kunden des Lieferanten > Referenz auf die ID der Marktlokation > Referenz > ID der Marktlokation',
      'sort_path': '00005-00009-00001-00000-00001-',
    }),
    dict({
      'diff_status': 'deleted',
      'id_path': 'UNH>C_S009>D_0057>1.0d>',
      'line_type': 'code',
      'new_format_version': 'FV2504',
      'new_pruefidentifikator': '29002',
      'old_data_element': 'D_0057',
      'old_format_version': 'FV2410',
      'old_line_ahb_status': 'X',
      'old_line_name': 'Versionsnummer der zugrundeliegenden BDEW-Nachrichtenbeschreibung',
      'old_pruefidentifikator': '29002',
      'old_qualifier': '1.0d',
      'old_segment_code': 'UNH',
      'path': 'Nachrichten-Kopfsegment > Nachrichten-Kennung > Anwendungscode der zuständigen Organisation > Versionsnummer der zugrundeliegenden BDEW-Nachrichtenbeschreibung',
      'sort_path': '00000-00001-00004-00000-',
    }),
    dict({
      'diff_status': 'deleted',
      'id_path': 'UNH>C_S009>D_0057>2.8c>',
      'line_type': 'code',
      'new_format_version': 'FV2504',
      'new_pruefidentifikator': '31005',
      'old_data_element': 'D_0057',
      'old_format_version': 'FV2410',
      'old_line_ahb_status': 'X',
      'old_line_name': 'Versionsnummer der zugrundeliegenden BDEW-Nachrichtenbeschreibung',
      'old_pruefidentifikator': '31005',
      'old_qualifier': '2.8c',
      'old_segment_code': 'UNH',
      'path': 'Nachrichtenanfang > Nachrichten-Kennung > Anwendungscode der zuständigen Organisation > Versionsnummer der zugrundeliegenden BDEW-Nachrichtenbeschreibung',
      'sort_path': '00000-00001-00004-00000-',
    }),
    dict({
      'diff_status': 'deleted',
      'id_path': 'UNH>C_S009>D_0057>2.0c>',
      'line_type': 'code',
      'new_format_version': 'FV2504',
      'new_pruefidentifikator': '27001',
      'old_data_element': 'D_0057',
      'old_format_version': 'FV2410',
      'old_line_ahb_status': 'x',
      'old_line_name': 'Versionsnummer der zugrundeliegenden BDEW-Nachrichtenbeschreibung',
      'old_pruefidentifikator': '27001',
      'old_qualifier': '2.0c',
      'old_segment_code': 'UNH',
      'path': 'Nachrichten-Kopfsegment > Nachrichten-Kennung > Anwendungscode der zuständigen Organisation > Versionsnummer der zugrundeliegenden BDEW-Nachrichtenbeschreibung',
      'sort_path': '00000-00001-00004-00000-',
    }),
    dict({
      'diff_status': 'modified',
      'id_path': 'SG17>SG36>SG40>',
      'line_type': 'segment_group',
      'new_bedingung': '[53] Diese SG40 darf genau einmal in der SG36 angegeben werden',
      'new_format_version': 'FV2504',
      'new_line_ahb_status': 'Muss [53]',
      'new_line_name': 'Preisangabe',
      'new_pruefidentifikator': '27001',
      'new_segmentgroup_key': 'SG40',
      'old_format_version': 'FV2410',
      'old_line_ahb_status': 'Muss',
      'old_line_name': 'Preisangabe',
      'old_pruefidentifikator': '27001',
      'old_segmentgroup_key': 'SG40',
      'path': 'PGI-SG36 > LIN-PIA-IMD-MEA-QTY-HAN-ALI-DTM-RFF-LOC-DOC-PTY-FTX-SG37-SG38-SG39-SG40-SG41-SG47-SG48-SG49-SG50-SG51-SG52-SG54-SG55-SG56 > Preisangabe',
      'sort_path': '00008-00001-00001-',
    }),
    dict({
      'diff_status': 'modified',
      'id_path': 'SG1>RFF>C_C506>D_1154>@00004-00000-00000-00001-',
      'line_type': 'dataelement',
      'new_bedingung': '[529] Hinweis: Wert aus BGM+7 DE1004 der ORDERS mit der die Anforderung von Messwerten erfolgt ist.',
      'new_data_element': 'D_1154',
      'new_format_version': 'FV2504',
      'new_line_ahb_status': 'X [529]',
      'new_line_name': 'Referenznummer',
      'new_pruefidentifikator': '13002',
      'new_segment_code': 'RFF',
      'new_segmentgroup_key': 'SG1',
      'old_bedingung': '[529] Hinweis: Wert aus BGM+7 DE1004 der ORDERS mit der die Anforderung von Messwerten erfolgt ist.',
      'old_data_element': 'D_1154',
      'old_format_version': 'FV2410',
      'old_line_ahb_status': 'X [529]',
      'old_line_name': 'Referenz, Identifikation',
      'old_pruefidentifikator': '13002',
      'old_segment_code': 'RFF',
      'old_segmentgroup_key': 'SG1',
      'path': 'Referenz > Referenzangaben > Referenz > Referenznummer',
      'sort_path': '00004-00000-00000-00001-',
    }),
    dict({
      'diff_status': 'modified',
      'id_path': 'SG2>SG4>COM>C_C076>D_3148>',
      'line_type': 'dataelement',
      'new_bedingung': '''
        [142] wenn im DE3155 in demselben COM der Code EM vorhanden ist
        [143] wenn im DE3155 in demselben COM der Code TE / FX / AJ / AL vorhanden ist
        [576] Hinweis: Es darf nur eine Information im DE3148 übermittelt werden
        [939] Format: Die Zeichenkette muss die Zeichen @ und . enthalten
        [940] Format: Die Zeichenkette muss mit dem Zeichen + beginnen und danach dürfen nur noch Ziffern folgen
      ''',
      'new_data_element': 'D_3148',
      'new_format_version': 'FV2504',
      'new_line_ahb_status': 'X (([939] [142]) ∨ ([940] [143])) ∧ [576]',
      'new_line_name': 'Kommunikationsadresse, Identifikation',
      'new_pruefidentifikator': '13002',
      'new_segment_code': 'COM',
      'new_segmentgroup_key': 'SG4',
      'old_bedingung': '''
        [142] wenn im DE3155 im demselben COM der Code EM vorhanden ist
        [143] wenn im DE3155 im demselben COM der Code TE / FX / AJ / AL vorhanden ist
        [576] Hinweis: Es darf nur eine Information im DE3148 übermittelt werden
        [939] Format: Die Zeichenkette muss die Zeichen @ und . enthalten
        [940] Format: Die Zeichenkette muss mit dem Zeichen + beginnen und danach dürfen nur noch Ziffern folgen
      ''',
      'old_data_element': 'D_3148',
      'old_format_version': 'FV2410',
      'old_line_ahb_status': 'X (([939] [142]) ∨ ([940] [143])) ∧ [576]',
      'old_line_name': 'Kommunikationsadresse, Identifikation',
      'old_pruefidentifikator': '13002',
      'old_segment_code': 'COM',
      'old_segmentgroup_key': 'SG4',
      'path': 'MP-ID Absender > Kontaktinformation > Kommunikationsverbindung > Kommunikationsverbindung > Kommunikationsadresse, Identifikation',
      'sort_path': '00007-00001-00001-00000-00000-',
    }),
    dict({
      'diff_status': 'deleted',
      'id_path': 'UNH>C_S009>D_0057>1.3>',
      'line_type': 'code',
      'new_format_version': 'FV2504',
      'new_pruefidentifikator': '19011',
      'old_data_element': 'D_0057',
      'old_format_version': 'FV2410',
      'old_line_ahb_status': 'X',
      'old_line_name': 'Versionsnummer der zugrundeliegenden BDEW-Nachrichtenbeschreibung',
      'old_pruefidentifikator': '19011',
      'old_qualifier': '1.3',
      'old_segment_code': 'UNH',
      'path': 'Nachrichten-Kopfsegment > Nachrichten-Kennung > Anwendungscode der zuständigen Organisation > Versionsnummer der zugrundeliegenden BDEW-Nachrichtenbeschreibung',
      'sort_path': '00000-00001-00004-00000-',
    }),
    dict({
      'diff_status': 'modified',
      'id_path': 'SG3>SG6>COM>C_C076>D_3148>',
      'line_type': 'dataelement',
      'new_bedingung': '''
        [50] wenn im DE3155 in demselben COM der Code EM vorhanden ist
        [51] wenn im DE3155 in demselben COM der Code TE / FX / AJ / AL vorhanden ist
        [540] Hinweis: Es darf nur eine Information im DE3148 übermittelt werden
        [939] Format: Die Zeichenkette muss die Zeichen @ und . enthalten
        [940] Format: Die Zeichenkette muss mit dem Zeichen + beginnen und danach dürfen nur noch Ziffern folgen
      ''',
      'new_data_element': 'D_3148',
      'new_format_version': 'FV2504',
      'new_line_ahb_status': 'X (([939] [50]) ∨ ([940] [51])) ∧ [540]',
      'new_line_name': 'Kommunikationsadresse, Identifikation',
      'new_pruefidentifikator': '19011',
      'new_segment_code': 'COM',
      'new_segmentgroup_key': 'SG6',
      'old_data_element': 'D_3148',
      'old_format_version': 'FV2410',
      'old_line_ahb_status': 'X',
      'old_line_name': 'Kommunikationsadresse, Identifikation',
      'old_pruefidentifikator': '19011',
      'old_segment_code': 'COM',
      'old_segmentgroup_key': 'SG6',
      'path': 'MP-ID Absender > Kontaktinformationen > Kommunikationsverbindung > Kommunikationsverbindung > Kommunikationsadresse, Identifikation',
      'sort_path': '00007-00001-00001-00000-00000-',
    }),
  ])
# ---
