# serializer version: 1
# name: test_ahb_diff_view_55001
  list([
    dict({
      'diff_status': 'modified',
      'id_path': 'SG4>DTM>',
      'path': 'Vorgangs-Identifikation > Beginn zum',
      'segment_ahb_status_a': 'Muss',
      'segment_ahb_status_b': 'Muss [10]',
      'segment_id_a': 'DTM',
      'segment_id_b': 'DTM',
      'segment_name_a': 'Beginn zum',
      'segment_name_b': 'Ende zum',
      'segmentgroup_ahb_status_a': 'Muss',
      'segmentgroup_ahb_status_b': 'Muss',
      'segmentgroup_name_a': 'Vorgangs-Identifikation',
      'segmentgroup_name_b': 'Vorgangs-Identifikation',
      'sort_path': '00005-00001-',
      'type': 'segment',
    }),
    dict({
      'dataelementgroup_id_a': 'C_C507',
      'dataelementgroup_id_b': 'C_C507',
      'dataelementgroup_name_a': 'Datum/Uhrzeit/Zeitspanne',
      'dataelementgroup_name_b': 'Datum/Uhrzeit/Zeitspanne',
      'diff_status': 'modified',
      'id_path': 'SG4>DTM>C_C507>',
      'path': 'Vorgangs-Identifikation > Beginn zum > Datum/Uhrzeit/Zeitspanne',
      'segment_ahb_status_a': 'Muss',
      'segment_ahb_status_b': 'Muss [10]',
      'segment_id_a': 'DTM',
      'segment_id_b': 'DTM',
      'segment_name_a': 'Beginn zum',
      'segment_name_b': 'Ende zum',
      'segmentgroup_ahb_status_a': 'Muss',
      'segmentgroup_ahb_status_b': 'Muss',
      'segmentgroup_name_a': 'Vorgangs-Identifikation',
      'segmentgroup_name_b': 'Vorgangs-Identifikation',
      'sort_path': '00005-00001-00000-',
      'type': 'dataelementgroup',
    }),
    dict({
      'dataelement_id_a': 'D_2005',
      'dataelement_id_b': 'D_2005',
      'dataelement_name_a': 'Datums- oder Uhrzeit- oder Zeitspannen-Funktion, Qualifier',
      'dataelement_name_b': 'Datums- oder Uhrzeit- oder Zeitspannen-Funktion, Qualifier',
      'dataelementgroup_id_a': 'C_C507',
      'dataelementgroup_id_b': 'C_C507',
      'dataelementgroup_name_a': 'Datum/Uhrzeit/Zeitspanne',
      'dataelementgroup_name_b': 'Datum/Uhrzeit/Zeitspanne',
      'diff_status': 'modified',
      'id_path': 'SG4>DTM>C_C507>D_2005>',
      'path': 'Vorgangs-Identifikation > Beginn zum > Datum/Uhrzeit/Zeitspanne > Datums- oder Uhrzeit- oder Zeitspannen-Funktion, Qualifier',
      'segment_ahb_status_a': 'Muss',
      'segment_ahb_status_b': 'Muss [10]',
      'segment_id_a': 'DTM',
      'segment_id_b': 'DTM',
      'segment_name_a': 'Beginn zum',
      'segment_name_b': 'Ende zum',
      'segmentgroup_ahb_status_a': 'Muss',
      'segmentgroup_ahb_status_b': 'Muss',
      'segmentgroup_name_a': 'Vorgangs-Identifikation',
      'segmentgroup_name_b': 'Vorgangs-Identifikation',
      'sort_path': '00005-00001-00000-00000-',
      'type': 'dataelement',
    }),
    dict({
      'dataelement_ahb_status_a': 'X [UB1]',
      'dataelement_ahb_status_b': 'X [UB1]',
      'dataelement_id_a': 'D_2380',
      'dataelement_id_b': 'D_2380',
      'dataelement_name_a': 'Datum oder Uhrzeit oder Zeitspanne, Wert',
      'dataelement_name_b': 'Datum oder Uhrzeit oder Zeitspanne, Wert',
      'dataelementgroup_id_a': 'C_C507',
      'dataelementgroup_id_b': 'C_C507',
      'dataelementgroup_name_a': 'Datum/Uhrzeit/Zeitspanne',
      'dataelementgroup_name_b': 'Datum/Uhrzeit/Zeitspanne',
      'diff_status': 'modified',
      'id_path': 'SG4>DTM>C_C507>D_2380>',
      'path': 'Vorgangs-Identifikation > Beginn zum > Datum/Uhrzeit/Zeitspanne > Datum oder Uhrzeit oder Zeitspanne, Wert',
      'segment_ahb_status_a': 'Muss',
      'segment_ahb_status_b': 'Muss [10]',
      'segment_id_a': 'DTM',
      'segment_id_b': 'DTM',
      'segment_name_a': 'Beginn zum',
      'segment_name_b': 'Ende zum',
      'segmentgroup_ahb_status_a': 'Muss',
      'segmentgroup_ahb_status_b': 'Muss',
      'segmentgroup_name_a': 'Vorgangs-Identifikation',
      'segmentgroup_name_b': 'Vorgangs-Identifikation',
      'sort_path': '00005-00001-00000-00001-',
      'type': 'dataelement',
    }),
    dict({
      'dataelement_id_a': 'D_2379',
      'dataelement_id_b': 'D_2379',
      'dataelement_name_a': 'Datums- oder Uhrzeit- oder Zeitspannen-Format, Code',
      'dataelement_name_b': 'Datums- oder Uhrzeit- oder Zeitspannen-Format, Code',
      'dataelementgroup_id_a': 'C_C507',
      'dataelementgroup_id_b': 'C_C507',
      'dataelementgroup_name_a': 'Datum/Uhrzeit/Zeitspanne',
      'dataelementgroup_name_b': 'Datum/Uhrzeit/Zeitspanne',
      'diff_status': 'modified',
      'id_path': 'SG4>DTM>C_C507>D_2379>',
      'path': 'Vorgangs-Identifikation > Beginn zum > Datum/Uhrzeit/Zeitspanne > Datums- oder Uhrzeit- oder Zeitspannen-Format, Code',
      'segment_ahb_status_a': 'Muss',
      'segment_ahb_status_b': 'Muss [10]',
      'segment_id_a': 'DTM',
      'segment_id_b': 'DTM',
      'segment_name_a': 'Beginn zum',
      'segment_name_b': 'Ende zum',
      'segmentgroup_ahb_status_a': 'Muss',
      'segmentgroup_ahb_status_b': 'Muss',
      'segmentgroup_name_a': 'Vorgangs-Identifikation',
      'segmentgroup_name_b': 'Vorgangs-Identifikation',
      'sort_path': '00005-00001-00000-00002-',
      'type': 'dataelement',
    }),
    dict({
      'code_ahb_status_a': 'X',
      'code_ahb_status_b': 'X',
      'code_name_a': 'CCYYMMDDHHMMZZZ',
      'code_name_b': 'CCYYMMDDHHMMZZZ',
      'code_value_a': '303',
      'code_value_b': '303',
      'dataelement_id_a': 'D_2379',
      'dataelement_id_b': 'D_2379',
      'dataelement_name_a': 'Datums- oder Uhrzeit- oder Zeitspannen-Format, Code',
      'dataelement_name_b': 'Datums- oder Uhrzeit- oder Zeitspannen-Format, Code',
      'dataelementgroup_id_a': 'C_C507',
      'dataelementgroup_id_b': 'C_C507',
      'dataelementgroup_name_a': 'Datum/Uhrzeit/Zeitspanne',
      'dataelementgroup_name_b': 'Datum/Uhrzeit/Zeitspanne',
      'diff_status': 'modified',
      'id_path': 'SG4>DTM>C_C507>D_2379>303>',
      'path': 'Vorgangs-Identifikation > Beginn zum > Datum/Uhrzeit/Zeitspanne > Datums- oder Uhrzeit- oder Zeitspannen-Format, Code > CCYYMMDDHHMMZZZ',
      'segment_ahb_status_a': 'Muss',
      'segment_ahb_status_b': 'Muss [10]',
      'segment_id_a': 'DTM',
      'segment_id_b': 'DTM',
      'segment_name_a': 'Beginn zum',
      'segment_name_b': 'Ende zum',
      'segmentgroup_ahb_status_a': 'Muss',
      'segmentgroup_ahb_status_b': 'Muss',
      'segmentgroup_name_a': 'Vorgangs-Identifikation',
      'segmentgroup_name_b': 'Vorgangs-Identifikation',
      'sort_path': '00005-00001-00000-00002-00000-',
      'type': 'code',
    }),
    dict({
      'diff_status': 'modified',
      'id_path': 'SG4>DTM>',
      'path': 'Vorgangs-Identifikation > Beginn zum',
      'segment_ahb_status_a': 'Muss',
      'segment_ahb_status_b': 'Muss [10]',
      'segment_id_a': 'DTM',
      'segment_id_b': 'DTM',
      'segment_name_a': 'Beginn zum',
      'segment_name_b': 'Ende zum',
      'segmentgroup_ahb_status_a': 'Muss',
      'segmentgroup_ahb_status_b': 'Muss',
      'segmentgroup_name_a': 'Vorgangs-Identifikation',
      'segmentgroup_name_b': 'Vorgangs-Identifikation',
      'sort_path': '00005-00001-',
      'type': 'segment',
    }),
    dict({
      'dataelementgroup_id_a': 'C_C507',
      'dataelementgroup_id_b': 'C_C507',
      'dataelementgroup_name_a': 'Datum/Uhrzeit/Zeitspanne',
      'dataelementgroup_name_b': 'Datum/Uhrzeit/Zeitspanne',
      'diff_status': 'modified',
      'id_path': 'SG4>DTM>C_C507>',
      'path': 'Vorgangs-Identifikation > Beginn zum > Datum/Uhrzeit/Zeitspanne',
      'segment_ahb_status_a': 'Muss',
      'segment_ahb_status_b': 'Muss [10]',
      'segment_id_a': 'DTM',
      'segment_id_b': 'DTM',
      'segment_name_a': 'Beginn zum',
      'segment_name_b': 'Ende zum',
      'segmentgroup_ahb_status_a': 'Muss',
      'segmentgroup_ahb_status_b': 'Muss',
      'segmentgroup_name_a': 'Vorgangs-Identifikation',
      'segmentgroup_name_b': 'Vorgangs-Identifikation',
      'sort_path': '00005-00001-00000-',
      'type': 'dataelementgroup',
    }),
    dict({
      'dataelement_id_a': 'D_2005',
      'dataelement_id_b': 'D_2005',
      'dataelement_name_a': 'Datums- oder Uhrzeit- oder Zeitspannen-Funktion, Qualifier',
      'dataelement_name_b': 'Datums- oder Uhrzeit- oder Zeitspannen-Funktion, Qualifier',
      'dataelementgroup_id_a': 'C_C507',
      'dataelementgroup_id_b': 'C_C507',
      'dataelementgroup_name_a': 'Datum/Uhrzeit/Zeitspanne',
      'dataelementgroup_name_b': 'Datum/Uhrzeit/Zeitspanne',
      'diff_status': 'modified',
      'id_path': 'SG4>DTM>C_C507>D_2005>',
      'path': 'Vorgangs-Identifikation > Beginn zum > Datum/Uhrzeit/Zeitspanne > Datums- oder Uhrzeit- oder Zeitspannen-Funktion, Qualifier',
      'segment_ahb_status_a': 'Muss',
      'segment_ahb_status_b': 'Muss [10]',
      'segment_id_a': 'DTM',
      'segment_id_b': 'DTM',
      'segment_name_a': 'Beginn zum',
      'segment_name_b': 'Ende zum',
      'segmentgroup_ahb_status_a': 'Muss',
      'segmentgroup_ahb_status_b': 'Muss',
      'segmentgroup_name_a': 'Vorgangs-Identifikation',
      'segmentgroup_name_b': 'Vorgangs-Identifikation',
      'sort_path': '00005-00001-00000-00000-',
      'type': 'dataelement',
    }),
    dict({
      'dataelement_ahb_status_a': 'X [UB1]',
      'dataelement_ahb_status_b': 'X [UB1]',
      'dataelement_id_a': 'D_2380',
      'dataelement_id_b': 'D_2380',
      'dataelement_name_a': 'Datum oder Uhrzeit oder Zeitspanne, Wert',
      'dataelement_name_b': 'Datum oder Uhrzeit oder Zeitspanne, Wert',
      'dataelementgroup_id_a': 'C_C507',
      'dataelementgroup_id_b': 'C_C507',
      'dataelementgroup_name_a': 'Datum/Uhrzeit/Zeitspanne',
      'dataelementgroup_name_b': 'Datum/Uhrzeit/Zeitspanne',
      'diff_status': 'modified',
      'id_path': 'SG4>DTM>C_C507>D_2380>',
      'path': 'Vorgangs-Identifikation > Beginn zum > Datum/Uhrzeit/Zeitspanne > Datum oder Uhrzeit oder Zeitspanne, Wert',
      'segment_ahb_status_a': 'Muss',
      'segment_ahb_status_b': 'Muss [10]',
      'segment_id_a': 'DTM',
      'segment_id_b': 'DTM',
      'segment_name_a': 'Beginn zum',
      'segment_name_b': 'Ende zum',
      'segmentgroup_ahb_status_a': 'Muss',
      'segmentgroup_ahb_status_b': 'Muss',
      'segmentgroup_name_a': 'Vorgangs-Identifikation',
      'segmentgroup_name_b': 'Vorgangs-Identifikation',
      'sort_path': '00005-00001-00000-00001-',
      'type': 'dataelement',
    }),
    dict({
      'dataelement_id_a': 'D_2379',
      'dataelement_id_b': 'D_2379',
      'dataelement_name_a': 'Datums- oder Uhrzeit- oder Zeitspannen-Format, Code',
      'dataelement_name_b': 'Datums- oder Uhrzeit- oder Zeitspannen-Format, Code',
      'dataelementgroup_id_a': 'C_C507',
      'dataelementgroup_id_b': 'C_C507',
      'dataelementgroup_name_a': 'Datum/Uhrzeit/Zeitspanne',
      'dataelementgroup_name_b': 'Datum/Uhrzeit/Zeitspanne',
      'diff_status': 'modified',
      'id_path': 'SG4>DTM>C_C507>D_2379>',
      'path': 'Vorgangs-Identifikation > Beginn zum > Datum/Uhrzeit/Zeitspanne > Datums- oder Uhrzeit- oder Zeitspannen-Format, Code',
      'segment_ahb_status_a': 'Muss',
      'segment_ahb_status_b': 'Muss [10]',
      'segment_id_a': 'DTM',
      'segment_id_b': 'DTM',
      'segment_name_a': 'Beginn zum',
      'segment_name_b': 'Ende zum',
      'segmentgroup_ahb_status_a': 'Muss',
      'segmentgroup_ahb_status_b': 'Muss',
      'segmentgroup_name_a': 'Vorgangs-Identifikation',
      'segmentgroup_name_b': 'Vorgangs-Identifikation',
      'sort_path': '00005-00001-00000-00002-',
      'type': 'dataelement',
    }),
    dict({
      'code_ahb_status_a': 'X',
      'code_ahb_status_b': 'X',
      'code_name_a': 'CCYYMMDDHHMMZZZ',
      'code_name_b': 'CCYYMMDDHHMMZZZ',
      'code_value_a': '303',
      'code_value_b': '303',
      'dataelement_id_a': 'D_2379',
      'dataelement_id_b': 'D_2379',
      'dataelement_name_a': 'Datums- oder Uhrzeit- oder Zeitspannen-Format, Code',
      'dataelement_name_b': 'Datums- oder Uhrzeit- oder Zeitspannen-Format, Code',
      'dataelementgroup_id_a': 'C_C507',
      'dataelementgroup_id_b': 'C_C507',
      'dataelementgroup_name_a': 'Datum/Uhrzeit/Zeitspanne',
      'dataelementgroup_name_b': 'Datum/Uhrzeit/Zeitspanne',
      'diff_status': 'modified',
      'id_path': 'SG4>DTM>C_C507>D_2379>303>',
      'path': 'Vorgangs-Identifikation > Beginn zum > Datum/Uhrzeit/Zeitspanne > Datums- oder Uhrzeit- oder Zeitspannen-Format, Code > CCYYMMDDHHMMZZZ',
      'segment_ahb_status_a': 'Muss',
      'segment_ahb_status_b': 'Muss [10]',
      'segment_id_a': 'DTM',
      'segment_id_b': 'DTM',
      'segment_name_a': 'Beginn zum',
      'segment_name_b': 'Ende zum',
      'segmentgroup_ahb_status_a': 'Muss',
      'segmentgroup_ahb_status_b': 'Muss',
      'segmentgroup_name_a': 'Vorgangs-Identifikation',
      'segmentgroup_name_b': 'Vorgangs-Identifikation',
      'sort_path': '00005-00001-00000-00002-00000-',
      'type': 'code',
    }),
    dict({
      'diff_status': 'modified',
      'id_path': 'SG4>STS>',
      'path': 'Vorgangs-Identifikation > Transaktionsgrund / Ergänzung / Transaktionsgrund befristete Anmeldung',
      'segment_ahb_status_a': 'Muss',
      'segment_ahb_status_b': 'Muss [2061]',
      'segment_id_a': 'STS',
      'segment_id_b': 'STS',
      'segment_name_a': 'Transaktionsgrund / Ergänzung / Transaktionsgrund befristete Anmeldung',
      'segment_name_b': 'Transaktionsgrund',
      'segmentgroup_ahb_status_a': 'Muss',
      'segmentgroup_ahb_status_b': 'Muss',
      'segmentgroup_name_a': 'Vorgangs-Identifikation',
      'segmentgroup_name_b': 'Vorgangs-Identifikation',
      'sort_path': '00005-00003-',
      'type': 'segment',
    }),
    dict({
      'diff_status': 'modified',
      'id_path': 'SG4>STS>',
      'path': 'Vorgangs-Identifikation > Transaktionsgrund / Ergänzung / Transaktionsgrund befristete Anmeldung',
      'segment_ahb_status_a': 'Muss',
      'segment_ahb_status_b': 'Muss [2061]',
      'segment_id_a': 'STS',
      'segment_id_b': 'STS',
      'segment_name_a': 'Transaktionsgrund / Ergänzung / Transaktionsgrund befristete Anmeldung',
      'segment_name_b': 'Transaktionsgrund',
      'segmentgroup_ahb_status_a': 'Muss',
      'segmentgroup_ahb_status_b': 'Muss',
      'segmentgroup_name_a': 'Vorgangs-Identifikation',
      'segmentgroup_name_b': 'Vorgangs-Identifikation',
      'sort_path': '00005-00003-',
      'type': 'segment',
    }),
    dict({
      'dataelementgroup_id_a': 'C_C601',
      'dataelementgroup_id_b': 'C_C601',
      'dataelementgroup_name_a': 'Statuskategorie',
      'dataelementgroup_name_b': 'Statuskategorie',
      'diff_status': 'modified',
      'id_path': 'SG4>STS>C_C601>',
      'path': 'Vorgangs-Identifikation > Transaktionsgrund / Ergänzung / Transaktionsgrund befristete Anmeldung > Statuskategorie',
      'segment_ahb_status_a': 'Muss',
      'segment_ahb_status_b': 'Muss [2061]',
      'segment_id_a': 'STS',
      'segment_id_b': 'STS',
      'segment_name_a': 'Transaktionsgrund / Ergänzung / Transaktionsgrund befristete Anmeldung',
      'segment_name_b': 'Transaktionsgrund',
      'segmentgroup_ahb_status_a': 'Muss',
      'segmentgroup_ahb_status_b': 'Muss',
      'segmentgroup_name_a': 'Vorgangs-Identifikation',
      'segmentgroup_name_b': 'Vorgangs-Identifikation',
      'sort_path': '00005-00003-00000-',
      'type': 'dataelementgroup',
    }),
    dict({
      'dataelementgroup_id_a': 'C_C601',
      'dataelementgroup_id_b': 'C_C601',
      'dataelementgroup_name_a': 'Statuskategorie',
      'dataelementgroup_name_b': 'Statuskategorie',
      'diff_status': 'modified',
      'id_path': 'SG4>STS>C_C601>',
      'path': 'Vorgangs-Identifikation > Transaktionsgrund / Ergänzung / Transaktionsgrund befristete Anmeldung > Statuskategorie',
      'segment_ahb_status_a': 'Muss',
      'segment_ahb_status_b': 'Muss [2061]',
      'segment_id_a': 'STS',
      'segment_id_b': 'STS',
      'segment_name_a': 'Transaktionsgrund / Ergänzung / Transaktionsgrund befristete Anmeldung',
      'segment_name_b': 'Transaktionsgrund',
      'segmentgroup_ahb_status_a': 'Muss',
      'segmentgroup_ahb_status_b': 'Muss',
      'segmentgroup_name_a': 'Vorgangs-Identifikation',
      'segmentgroup_name_b': 'Vorgangs-Identifikation',
      'sort_path': '00005-00003-00000-',
      'type': 'dataelementgroup',
    }),
    dict({
      'dataelement_id_a': 'D_9015',
      'dataelement_id_b': 'D_9015',
      'dataelement_name_a': 'Statuskategorie, Code',
      'dataelement_name_b': 'Statuskategorie, Code',
      'dataelementgroup_id_a': 'C_C601',
      'dataelementgroup_id_b': 'C_C601',
      'dataelementgroup_name_a': 'Statuskategorie',
      'dataelementgroup_name_b': 'Statuskategorie',
      'diff_status': 'modified',
      'id_path': 'SG4>STS>C_C601>D_9015>',
      'path': 'Vorgangs-Identifikation > Transaktionsgrund / Ergänzung / Transaktionsgrund befristete Anmeldung > Statuskategorie > Statuskategorie, Code',
      'segment_ahb_status_a': 'Muss',
      'segment_ahb_status_b': 'Muss [2061]',
      'segment_id_a': 'STS',
      'segment_id_b': 'STS',
      'segment_name_a': 'Transaktionsgrund / Ergänzung / Transaktionsgrund befristete Anmeldung',
      'segment_name_b': 'Transaktionsgrund',
      'segmentgroup_ahb_status_a': 'Muss',
      'segmentgroup_ahb_status_b': 'Muss',
      'segmentgroup_name_a': 'Vorgangs-Identifikation',
      'segmentgroup_name_b': 'Vorgangs-Identifikation',
      'sort_path': '00005-00003-00000-00000-',
      'type': 'dataelement',
    }),
    dict({
      'dataelement_id_a': 'D_9015',
      'dataelement_id_b': 'D_9015',
      'dataelement_name_a': 'Statuskategorie, Code',
      'dataelement_name_b': 'Statuskategorie, Code',
      'dataelementgroup_id_a': 'C_C601',
      'dataelementgroup_id_b': 'C_C601',
      'dataelementgroup_name_a': 'Statuskategorie',
      'dataelementgroup_name_b': 'Statuskategorie',
      'diff_status': 'modified',
      'id_path': 'SG4>STS>C_C601>D_9015>',
      'path': 'Vorgangs-Identifikation > Transaktionsgrund / Ergänzung / Transaktionsgrund befristete Anmeldung > Statuskategorie > Statuskategorie, Code',
      'segment_ahb_status_a': 'Muss',
      'segment_ahb_status_b': 'Muss [2061]',
      'segment_id_a': 'STS',
      'segment_id_b': 'STS',
      'segment_name_a': 'Transaktionsgrund / Ergänzung / Transaktionsgrund befristete Anmeldung',
      'segment_name_b': 'Transaktionsgrund',
      'segmentgroup_ahb_status_a': 'Muss',
      'segmentgroup_ahb_status_b': 'Muss',
      'segmentgroup_name_a': 'Vorgangs-Identifikation',
      'segmentgroup_name_b': 'Vorgangs-Identifikation',
      'sort_path': '00005-00003-00000-00000-',
      'type': 'dataelement',
    }),
    dict({
      'code_ahb_status_a': 'X',
      'code_ahb_status_b': 'X',
      'code_name_a': 'Transaktionsgrund',
      'code_name_b': 'Transaktionsgrund',
      'code_value_a': '7',
      'code_value_b': '7',
      'dataelement_id_a': 'D_9015',
      'dataelement_id_b': 'D_9015',
      'dataelement_name_a': 'Statuskategorie, Code',
      'dataelement_name_b': 'Statuskategorie, Code',
      'dataelementgroup_id_a': 'C_C601',
      'dataelementgroup_id_b': 'C_C601',
      'dataelementgroup_name_a': 'Statuskategorie',
      'dataelementgroup_name_b': 'Statuskategorie',
      'diff_status': 'modified',
      'id_path': 'SG4>STS>C_C601>D_9015>7>',
      'path': 'Vorgangs-Identifikation > Transaktionsgrund / Ergänzung / Transaktionsgrund befristete Anmeldung > Statuskategorie > Statuskategorie, Code > Transaktionsgrund',
      'segment_ahb_status_a': 'Muss',
      'segment_ahb_status_b': 'Muss [2061]',
      'segment_id_a': 'STS',
      'segment_id_b': 'STS',
      'segment_name_a': 'Transaktionsgrund / Ergänzung / Transaktionsgrund befristete Anmeldung',
      'segment_name_b': 'Transaktionsgrund',
      'segmentgroup_ahb_status_a': 'Muss',
      'segmentgroup_ahb_status_b': 'Muss',
      'segmentgroup_name_a': 'Vorgangs-Identifikation',
      'segmentgroup_name_b': 'Vorgangs-Identifikation',
      'sort_path': '00005-00003-00000-00000-00000-',
      'type': 'code',
    }),
    dict({
      'dataelementgroup_id_a': 'C_C556',
      'dataelementgroup_id_b': 'C_C556',
      'dataelementgroup_name_a': 'Statusanlaß',
      'dataelementgroup_name_b': 'Statusanlaß',
      'diff_status': 'modified',
      'id_path': 'SG4>STS>C_C556>',
      'path': 'Vorgangs-Identifikation > Transaktionsgrund / Ergänzung / Transaktionsgrund befristete Anmeldung > Statusanlaß',
      'segment_ahb_status_a': 'Muss',
      'segment_ahb_status_b': 'Muss [2061]',
      'segment_id_a': 'STS',
      'segment_id_b': 'STS',
      'segment_name_a': 'Transaktionsgrund / Ergänzung / Transaktionsgrund befristete Anmeldung',
      'segment_name_b': 'Transaktionsgrund',
      'segmentgroup_ahb_status_a': 'Muss',
      'segmentgroup_ahb_status_b': 'Muss',
      'segmentgroup_name_a': 'Vorgangs-Identifikation',
      'segmentgroup_name_b': 'Vorgangs-Identifikation',
      'sort_path': '00005-00003-00001-',
      'type': 'dataelementgroup',
    }),
    dict({
      'dataelementgroup_id_a': 'C_C556',
      'dataelementgroup_id_b': 'C_C556',
      'dataelementgroup_name_a': 'Statusanlaß',
      'dataelementgroup_name_b': 'Statusanlaß',
      'diff_status': 'modified',
      'id_path': 'SG4>STS>C_C556>',
      'path': 'Vorgangs-Identifikation > Transaktionsgrund / Ergänzung / Transaktionsgrund befristete Anmeldung > Statusanlaß',
      'segment_ahb_status_a': 'Muss',
      'segment_ahb_status_b': 'Muss [2061]',
      'segment_id_a': 'STS',
      'segment_id_b': 'STS',
      'segment_name_a': 'Transaktionsgrund / Ergänzung / Transaktionsgrund befristete Anmeldung',
      'segment_name_b': 'Transaktionsgrund',
      'segmentgroup_ahb_status_a': 'Muss',
      'segmentgroup_ahb_status_b': 'Muss',
      'segmentgroup_name_a': 'Vorgangs-Identifikation',
      'segmentgroup_name_b': 'Vorgangs-Identifikation',
      'sort_path': '00005-00003-00001-',
      'type': 'dataelementgroup',
    }),
    dict({
      'dataelement_id_a': 'D_9013',
      'dataelement_id_b': 'D_9013',
      'dataelement_name_a': 'Transaktionsgrund',
      'dataelement_name_b': 'Statusanlass, Code',
      'dataelementgroup_id_a': 'C_C556',
      'dataelementgroup_id_b': 'C_C556',
      'dataelementgroup_name_a': 'Statusanlaß',
      'dataelementgroup_name_b': 'Statusanlaß',
      'diff_status': 'modified',
      'id_path': 'SG4>STS>C_C556>D_9013>',
      'path': 'Vorgangs-Identifikation > Transaktionsgrund / Ergänzung / Transaktionsgrund befristete Anmeldung > Statusanlaß > Transaktionsgrund',
      'segment_ahb_status_a': 'Muss',
      'segment_ahb_status_b': 'Muss [2061]',
      'segment_id_a': 'STS',
      'segment_id_b': 'STS',
      'segment_name_a': 'Transaktionsgrund / Ergänzung / Transaktionsgrund befristete Anmeldung',
      'segment_name_b': 'Transaktionsgrund',
      'segmentgroup_ahb_status_a': 'Muss',
      'segmentgroup_ahb_status_b': 'Muss',
      'segmentgroup_name_a': 'Vorgangs-Identifikation',
      'segmentgroup_name_b': 'Vorgangs-Identifikation',
      'sort_path': '00005-00003-00001-00000-',
      'type': 'dataelement',
    }),
    dict({
      'dataelement_id_a': 'D_9013',
      'dataelement_id_b': 'D_9013',
      'dataelement_name_a': 'Transaktionsgrund',
      'dataelement_name_b': 'Statusanlass, Code',
      'dataelementgroup_id_a': 'C_C556',
      'dataelementgroup_id_b': 'C_C556',
      'dataelementgroup_name_a': 'Statusanlaß',
      'dataelementgroup_name_b': 'Statusanlaß',
      'diff_status': 'modified',
      'id_path': 'SG4>STS>C_C556>D_9013>',
      'path': 'Vorgangs-Identifikation > Transaktionsgrund / Ergänzung / Transaktionsgrund befristete Anmeldung > Statusanlaß > Transaktionsgrund',
      'segment_ahb_status_a': 'Muss',
      'segment_ahb_status_b': 'Muss [2061]',
      'segment_id_a': 'STS',
      'segment_id_b': 'STS',
      'segment_name_a': 'Transaktionsgrund / Ergänzung / Transaktionsgrund befristete Anmeldung',
      'segment_name_b': 'Transaktionsgrund',
      'segmentgroup_ahb_status_a': 'Muss',
      'segmentgroup_ahb_status_b': 'Muss',
      'segmentgroup_name_a': 'Vorgangs-Identifikation',
      'segmentgroup_name_b': 'Vorgangs-Identifikation',
      'sort_path': '00005-00003-00001-00000-',
      'type': 'dataelement',
    }),
    dict({
      'code_ahb_status_a': 'X',
      'code_ahb_status_b': 'X',
      'code_name_a': 'Ein-/Auszug (Umzug)',
      'code_name_b': 'Ein-/Auszug (Umzug)',
      'code_value_a': 'E01',
      'code_value_b': 'E01',
      'dataelement_id_a': 'D_9013',
      'dataelement_id_b': 'D_9013',
      'dataelement_name_a': 'Transaktionsgrund',
      'dataelement_name_b': 'Statusanlass, Code',
      'dataelementgroup_id_a': 'C_C556',
      'dataelementgroup_id_b': 'C_C556',
      'dataelementgroup_name_a': 'Statusanlaß',
      'dataelementgroup_name_b': 'Statusanlaß',
      'diff_status': 'modified',
      'id_path': 'SG4>STS>C_C556>D_9013>E01>',
      'path': 'Vorgangs-Identifikation > Transaktionsgrund / Ergänzung / Transaktionsgrund befristete Anmeldung > Statusanlaß > Transaktionsgrund > Ein-/Auszug (Umzug)',
      'segment_ahb_status_a': 'Muss',
      'segment_ahb_status_b': 'Muss [2061]',
      'segment_id_a': 'STS',
      'segment_id_b': 'STS',
      'segment_name_a': 'Transaktionsgrund / Ergänzung / Transaktionsgrund befristete Anmeldung',
      'segment_name_b': 'Transaktionsgrund',
      'segmentgroup_ahb_status_a': 'Muss',
      'segmentgroup_ahb_status_b': 'Muss',
      'segmentgroup_name_a': 'Vorgangs-Identifikation',
      'segmentgroup_name_b': 'Vorgangs-Identifikation',
      'sort_path': '00005-00003-00001-00000-00000-',
      'type': 'code',
    }),
    dict({
      'code_ahb_status_a': 'X',
      'code_ahb_status_b': 'X',
      'code_name_a': 'Ein-/Auszug (Umzug)',
      'code_name_b': 'Ein-/Auszug (Umzug)',
      'code_value_a': 'E01',
      'code_value_b': 'E01',
      'dataelement_id_a': 'D_9013',
      'dataelement_id_b': 'D_9013',
      'dataelement_name_a': 'Transaktionsgrund',
      'dataelement_name_b': 'Statusanlass, Code',
      'dataelementgroup_id_a': 'C_C556',
      'dataelementgroup_id_b': 'C_C556',
      'dataelementgroup_name_a': 'Statusanlaß',
      'dataelementgroup_name_b': 'Statusanlaß',
      'diff_status': 'modified',
      'id_path': 'SG4>STS>C_C556>D_9013>E01>',
      'path': 'Vorgangs-Identifikation > Transaktionsgrund / Ergänzung / Transaktionsgrund befristete Anmeldung > Statusanlaß > Transaktionsgrund > Ein-/Auszug (Umzug)',
      'segment_ahb_status_a': 'Muss',
      'segment_ahb_status_b': 'Muss [2061]',
      'segment_id_a': 'STS',
      'segment_id_b': 'STS',
      'segment_name_a': 'Transaktionsgrund / Ergänzung / Transaktionsgrund befristete Anmeldung',
      'segment_name_b': 'Transaktionsgrund',
      'segmentgroup_ahb_status_a': 'Muss',
      'segmentgroup_ahb_status_b': 'Muss',
      'segmentgroup_name_a': 'Vorgangs-Identifikation',
      'segmentgroup_name_b': 'Vorgangs-Identifikation',
      'sort_path': '00005-00003-00001-00000-00000-',
      'type': 'code',
    }),
    dict({
      'code_ahb_status_a': 'X',
      'code_ahb_status_b': 'X',
      'code_name_a': 'Wechsel',
      'code_name_b': 'Wechsel',
      'code_value_a': 'E03',
      'code_value_b': 'E03',
      'dataelement_id_a': 'D_9013',
      'dataelement_id_b': 'D_9013',
      'dataelement_name_a': 'Transaktionsgrund',
      'dataelement_name_b': 'Statusanlass, Code',
      'dataelementgroup_id_a': 'C_C556',
      'dataelementgroup_id_b': 'C_C556',
      'dataelementgroup_name_a': 'Statusanlaß',
      'dataelementgroup_name_b': 'Statusanlaß',
      'diff_status': 'modified',
      'id_path': 'SG4>STS>C_C556>D_9013>E03>',
      'path': 'Vorgangs-Identifikation > Transaktionsgrund / Ergänzung / Transaktionsgrund befristete Anmeldung > Statusanlaß > Transaktionsgrund > Wechsel',
      'segment_ahb_status_a': 'Muss',
      'segment_ahb_status_b': 'Muss [2061]',
      'segment_id_a': 'STS',
      'segment_id_b': 'STS',
      'segment_name_a': 'Transaktionsgrund / Ergänzung / Transaktionsgrund befristete Anmeldung',
      'segment_name_b': 'Transaktionsgrund',
      'segmentgroup_ahb_status_a': 'Muss',
      'segmentgroup_ahb_status_b': 'Muss',
      'segmentgroup_name_a': 'Vorgangs-Identifikation',
      'segmentgroup_name_b': 'Vorgangs-Identifikation',
      'sort_path': '00005-00003-00001-00000-00001-',
      'type': 'code',
    }),
    dict({
      'code_ahb_status_a': 'X',
      'code_ahb_status_b': 'X',
      'code_name_a': 'Wechsel',
      'code_name_b': 'Wechsel',
      'code_value_a': 'E03',
      'code_value_b': 'E03',
      'dataelement_id_a': 'D_9013',
      'dataelement_id_b': 'D_9013',
      'dataelement_name_a': 'Transaktionsgrund',
      'dataelement_name_b': 'Statusanlass, Code',
      'dataelementgroup_id_a': 'C_C556',
      'dataelementgroup_id_b': 'C_C556',
      'dataelementgroup_name_a': 'Statusanlaß',
      'dataelementgroup_name_b': 'Statusanlaß',
      'diff_status': 'modified',
      'id_path': 'SG4>STS>C_C556>D_9013>E03>',
      'path': 'Vorgangs-Identifikation > Transaktionsgrund / Ergänzung / Transaktionsgrund befristete Anmeldung > Statusanlaß > Transaktionsgrund > Wechsel',
      'segment_ahb_status_a': 'Muss',
      'segment_ahb_status_b': 'Muss [2061]',
      'segment_id_a': 'STS',
      'segment_id_b': 'STS',
      'segment_name_a': 'Transaktionsgrund / Ergänzung / Transaktionsgrund befristete Anmeldung',
      'segment_name_b': 'Transaktionsgrund',
      'segmentgroup_ahb_status_a': 'Muss',
      'segmentgroup_ahb_status_b': 'Muss',
      'segmentgroup_name_a': 'Vorgangs-Identifikation',
      'segmentgroup_name_b': 'Vorgangs-Identifikation',
      'sort_path': '00005-00003-00001-00000-00001-',
      'type': 'code',
    }),
    dict({
      'dataelementgroup_id_a': 'C_C556',
      'dataelementgroup_id_b': 'C_C556',
      'dataelementgroup_name_a': 'Statusanlaß',
      'dataelementgroup_name_b': 'Statusanlaß',
      'diff_status': 'modified',
      'id_path': 'SG4>STS>C_C556>',
      'path': 'Vorgangs-Identifikation > Transaktionsgrund / Ergänzung / Transaktionsgrund befristete Anmeldung > Statusanlaß',
      'segment_ahb_status_a': 'Muss',
      'segment_ahb_status_b': 'Muss [2061]',
      'segment_id_a': 'STS',
      'segment_id_b': 'STS',
      'segment_name_a': 'Transaktionsgrund / Ergänzung / Transaktionsgrund befristete Anmeldung',
      'segment_name_b': 'Transaktionsgrund',
      'segmentgroup_ahb_status_a': 'Muss',
      'segmentgroup_ahb_status_b': 'Muss',
      'segmentgroup_name_a': 'Vorgangs-Identifikation',
      'segmentgroup_name_b': 'Vorgangs-Identifikation',
      'sort_path': '00005-00003-00001-',
      'type': 'dataelementgroup',
    }),
    dict({
      'dataelementgroup_id_a': 'C_C556',
      'dataelementgroup_id_b': 'C_C556',
      'dataelementgroup_name_a': 'Statusanlaß',
      'dataelementgroup_name_b': 'Statusanlaß',
      'diff_status': 'modified',
      'id_path': 'SG4>STS>C_C556>',
      'path': 'Vorgangs-Identifikation > Transaktionsgrund / Ergänzung / Transaktionsgrund befristete Anmeldung > Statusanlaß',
      'segment_ahb_status_a': 'Muss',
      'segment_ahb_status_b': 'Muss [2061]',
      'segment_id_a': 'STS',
      'segment_id_b': 'STS',
      'segment_name_a': 'Transaktionsgrund / Ergänzung / Transaktionsgrund befristete Anmeldung',
      'segment_name_b': 'Transaktionsgrund',
      'segmentgroup_ahb_status_a': 'Muss',
      'segmentgroup_ahb_status_b': 'Muss',
      'segmentgroup_name_a': 'Vorgangs-Identifikation',
      'segmentgroup_name_b': 'Vorgangs-Identifikation',
      'sort_path': '00005-00003-00001-',
      'type': 'dataelementgroup',
    }),
    dict({
      'dataelement_id_a': 'D_9013',
      'dataelement_id_b': 'D_9013',
      'dataelement_name_a': 'Transaktionsgrund',
      'dataelement_name_b': 'Statusanlass, Code',
      'dataelementgroup_id_a': 'C_C556',
      'dataelementgroup_id_b': 'C_C556',
      'dataelementgroup_name_a': 'Statusanlaß',
      'dataelementgroup_name_b': 'Statusanlaß',
      'diff_status': 'modified',
      'id_path': 'SG4>STS>C_C556>D_9013>',
      'path': 'Vorgangs-Identifikation > Transaktionsgrund / Ergänzung / Transaktionsgrund befristete Anmeldung > Statusanlaß > Transaktionsgrund',
      'segment_ahb_status_a': 'Muss',
      'segment_ahb_status_b': 'Muss [2061]',
      'segment_id_a': 'STS',
      'segment_id_b': 'STS',
      'segment_name_a': 'Transaktionsgrund / Ergänzung / Transaktionsgrund befristete Anmeldung',
      'segment_name_b': 'Transaktionsgrund',
      'segmentgroup_ahb_status_a': 'Muss',
      'segmentgroup_ahb_status_b': 'Muss',
      'segmentgroup_name_a': 'Vorgangs-Identifikation',
      'segmentgroup_name_b': 'Vorgangs-Identifikation',
      'sort_path': '00005-00003-00001-00000-',
      'type': 'dataelement',
    }),
    dict({
      'dataelement_id_a': 'D_9013',
      'dataelement_id_b': 'D_9013',
      'dataelement_name_a': 'Transaktionsgrund',
      'dataelement_name_b': 'Statusanlass, Code',
      'dataelementgroup_id_a': 'C_C556',
      'dataelementgroup_id_b': 'C_C556',
      'dataelementgroup_name_a': 'Statusanlaß',
      'dataelementgroup_name_b': 'Statusanlaß',
      'diff_status': 'modified',
      'id_path': 'SG4>STS>C_C556>D_9013>',
      'path': 'Vorgangs-Identifikation > Transaktionsgrund / Ergänzung / Transaktionsgrund befristete Anmeldung > Statusanlaß > Transaktionsgrund',
      'segment_ahb_status_a': 'Muss',
      'segment_ahb_status_b': 'Muss [2061]',
      'segment_id_a': 'STS',
      'segment_id_b': 'STS',
      'segment_name_a': 'Transaktionsgrund / Ergänzung / Transaktionsgrund befristete Anmeldung',
      'segment_name_b': 'Transaktionsgrund',
      'segmentgroup_ahb_status_a': 'Muss',
      'segmentgroup_ahb_status_b': 'Muss',
      'segmentgroup_name_a': 'Vorgangs-Identifikation',
      'segmentgroup_name_b': 'Vorgangs-Identifikation',
      'sort_path': '00005-00003-00001-00000-',
      'type': 'dataelement',
    }),
    dict({
      'diff_status': 'modified',
      'id_path': 'SG4>SG5>',
      'path': 'Vorgangs-Identifikation > Marktlokation',
      'segmentgroup_ahb_status_a': 'Muss [2061] ∧ [67]',
      'segmentgroup_ahb_status_b': '''
        Muss [2061] ∧ [328]
        Soll [333] ∧ [165] ∧ [2061]
      ''',
      'segmentgroup_name_a': 'Marktlokation',
      'segmentgroup_name_b': 'Marktlokation',
      'sort_path': '00005-00004-',
      'type': 'segment_group',
    }),
    dict({
      'diff_status': 'modified',
      'id_path': 'SG4>SG5>LOC>',
      'path': 'Vorgangs-Identifikation > Marktlokation > Marktlokation',
      'segment_ahb_status_a': 'Muss',
      'segment_ahb_status_b': 'Muss',
      'segment_id_a': 'LOC',
      'segment_id_b': 'LOC',
      'segment_name_a': 'Marktlokation',
      'segment_name_b': 'Marktlokation',
      'segmentgroup_ahb_status_a': 'Muss [2061] ∧ [67]',
      'segmentgroup_ahb_status_b': '''
        Muss [2061] ∧ [328]
        Soll [333] ∧ [165] ∧ [2061]
      ''',
      'segmentgroup_name_a': 'Marktlokation',
      'segmentgroup_name_b': 'Marktlokation',
      'sort_path': '00005-00004-00000-',
      'type': 'segment',
    }),
    dict({
      'dataelement_id_a': 'D_3227',
      'dataelement_id_b': 'D_3227',
      'dataelement_name_a': 'Ortsangabe, Qualifier',
      'dataelement_name_b': 'Ortsangabe, Qualifier',
      'diff_status': 'modified',
      'id_path': 'SG4>SG5>LOC>D_3227>',
      'path': 'Vorgangs-Identifikation > Marktlokation > Marktlokation > Ortsangabe, Qualifier',
      'segment_ahb_status_a': 'Muss',
      'segment_ahb_status_b': 'Muss',
      'segment_id_a': 'LOC',
      'segment_id_b': 'LOC',
      'segment_name_a': 'Marktlokation',
      'segment_name_b': 'Marktlokation',
      'segmentgroup_ahb_status_a': 'Muss [2061] ∧ [67]',
      'segmentgroup_ahb_status_b': '''
        Muss [2061] ∧ [328]
        Soll [333] ∧ [165] ∧ [2061]
      ''',
      'segmentgroup_name_a': 'Marktlokation',
      'segmentgroup_name_b': 'Marktlokation',
      'sort_path': '00005-00004-00000-00000-',
      'type': 'dataelement',
    }),
    dict({
      'code_ahb_status_a': 'X',
      'code_ahb_status_b': 'X',
      'code_name_a': 'Marktlokation',
      'code_name_b': 'Marktlokation',
      'code_value_a': 'Z16',
      'code_value_b': 'Z16',
      'dataelement_id_a': 'D_3227',
      'dataelement_id_b': 'D_3227',
      'dataelement_name_a': 'Ortsangabe, Qualifier',
      'dataelement_name_b': 'Ortsangabe, Qualifier',
      'diff_status': 'modified',
      'id_path': 'SG4>SG5>LOC>D_3227>Z16>',
      'path': 'Vorgangs-Identifikation > Marktlokation > Marktlokation > Ortsangabe, Qualifier > Marktlokation',
      'segment_ahb_status_a': 'Muss',
      'segment_ahb_status_b': 'Muss',
      'segment_id_a': 'LOC',
      'segment_id_b': 'LOC',
      'segment_name_a': 'Marktlokation',
      'segment_name_b': 'Marktlokation',
      'segmentgroup_ahb_status_a': 'Muss [2061] ∧ [67]',
      'segmentgroup_ahb_status_b': '''
        Muss [2061] ∧ [328]
        Soll [333] ∧ [165] ∧ [2061]
      ''',
      'segmentgroup_name_a': 'Marktlokation',
      'segmentgroup_name_b': 'Marktlokation',
      'sort_path': '00005-00004-00000-00000-00000-',
      'type': 'code',
    }),
    dict({
      'dataelementgroup_id_a': 'C_C517',
      'dataelementgroup_id_b': 'C_C517',
      'dataelementgroup_name_a': 'Ortsangabe',
      'dataelementgroup_name_b': 'Ortsangabe',
      'diff_status': 'modified',
      'id_path': 'SG4>SG5>LOC>C_C517>',
      'path': 'Vorgangs-Identifikation > Marktlokation > Marktlokation > Ortsangabe',
      'segment_ahb_status_a': 'Muss',
      'segment_ahb_status_b': 'Muss',
      'segment_id_a': 'LOC',
      'segment_id_b': 'LOC',
      'segment_name_a': 'Marktlokation',
      'segment_name_b': 'Marktlokation',
      'segmentgroup_ahb_status_a': 'Muss [2061] ∧ [67]',
      'segmentgroup_ahb_status_b': '''
        Muss [2061] ∧ [328]
        Soll [333] ∧ [165] ∧ [2061]
      ''',
      'segmentgroup_name_a': 'Marktlokation',
      'segmentgroup_name_b': 'Marktlokation',
      'sort_path': '00005-00004-00000-00001-',
      'type': 'dataelementgroup',
    }),
    dict({
      'dataelement_ahb_status_a': 'X [950]',
      'dataelement_ahb_status_b': 'X [950]',
      'dataelement_id_a': 'D_3225',
      'dataelement_id_b': 'D_3225',
      'dataelement_name_a': 'ID der Marktlokation',
      'dataelement_name_b': 'ID der Marktlokation',
      'dataelementgroup_id_a': 'C_C517',
      'dataelementgroup_id_b': 'C_C517',
      'dataelementgroup_name_a': 'Ortsangabe',
      'dataelementgroup_name_b': 'Ortsangabe',
      'diff_status': 'modified',
      'id_path': 'SG4>SG5>LOC>C_C517>D_3225>',
      'path': 'Vorgangs-Identifikation > Marktlokation > Marktlokation > Ortsangabe > ID der Marktlokation',
      'segment_ahb_status_a': 'Muss',
      'segment_ahb_status_b': 'Muss',
      'segment_id_a': 'LOC',
      'segment_id_b': 'LOC',
      'segment_name_a': 'Marktlokation',
      'segment_name_b': 'Marktlokation',
      'segmentgroup_ahb_status_a': 'Muss [2061] ∧ [67]',
      'segmentgroup_ahb_status_b': '''
        Muss [2061] ∧ [328]
        Soll [333] ∧ [165] ∧ [2061]
      ''',
      'segmentgroup_name_a': 'Marktlokation',
      'segmentgroup_name_b': 'Marktlokation',
      'sort_path': '00005-00004-00000-00001-00000-',
      'type': 'dataelement',
    }),
    dict({
      'diff_status': 'modified',
      'id_path': 'SG4>SG8>',
      'path': 'Vorgangs-Identifikation > Daten der Marktlokation',
      'segmentgroup_ahb_status_a': 'Muss [480] ∧ [2061]',
      'segmentgroup_ahb_status_b': 'Muss [2061]',
      'segmentgroup_name_a': 'Daten der Marktlokation',
      'segmentgroup_name_b': 'Daten der Marktlokation',
      'sort_path': '00005-00009-',
      'type': 'segment_group',
    }),
    dict({
      'diff_status': 'modified',
      'id_path': 'SG4>SG8>SEQ>',
      'path': 'Vorgangs-Identifikation > Daten der Marktlokation > Daten der Marktlokation',
      'segment_ahb_status_a': 'Muss',
      'segment_ahb_status_b': 'Muss',
      'segment_id_a': 'SEQ',
      'segment_id_b': 'SEQ',
      'segment_name_a': 'Daten der Marktlokation',
      'segment_name_b': 'Daten der Marktlokation',
      'segmentgroup_ahb_status_a': 'Muss [480] ∧ [2061]',
      'segmentgroup_ahb_status_b': 'Muss [2061]',
      'segmentgroup_name_a': 'Daten der Marktlokation',
      'segmentgroup_name_b': 'Daten der Marktlokation',
      'sort_path': '00005-00009-00000-',
      'type': 'segment',
    }),
    dict({
      'dataelement_id_a': 'D_1229',
      'dataelement_id_b': 'D_1229',
      'dataelement_name_a': 'Handlung, Code',
      'dataelement_name_b': 'Handlung, Code',
      'diff_status': 'modified',
      'id_path': 'SG4>SG8>SEQ>D_1229>',
      'path': 'Vorgangs-Identifikation > Daten der Marktlokation > Daten der Marktlokation > Handlung, Code',
      'segment_ahb_status_a': 'Muss',
      'segment_ahb_status_b': 'Muss',
      'segment_id_a': 'SEQ',
      'segment_id_b': 'SEQ',
      'segment_name_a': 'Daten der Marktlokation',
      'segment_name_b': 'Daten der Marktlokation',
      'segmentgroup_ahb_status_a': 'Muss [480] ∧ [2061]',
      'segmentgroup_ahb_status_b': 'Muss [2061]',
      'segmentgroup_name_a': 'Daten der Marktlokation',
      'segmentgroup_name_b': 'Daten der Marktlokation',
      'sort_path': '00005-00009-00000-00000-',
      'type': 'dataelement',
    }),
    dict({
      'code_ahb_status_a': 'X',
      'code_ahb_status_b': 'X',
      'code_name_a': 'Daten der Marktlokation',
      'code_name_b': 'Daten der Marktlokation',
      'code_value_a': 'Z01',
      'code_value_b': 'Z01',
      'dataelement_id_a': 'D_1229',
      'dataelement_id_b': 'D_1229',
      'dataelement_name_a': 'Handlung, Code',
      'dataelement_name_b': 'Handlung, Code',
      'diff_status': 'modified',
      'id_path': 'SG4>SG8>SEQ>D_1229>Z01>',
      'path': 'Vorgangs-Identifikation > Daten der Marktlokation > Daten der Marktlokation > Handlung, Code > Daten der Marktlokation',
      'segment_ahb_status_a': 'Muss',
      'segment_ahb_status_b': 'Muss',
      'segment_id_a': 'SEQ',
      'segment_id_b': 'SEQ',
      'segment_name_a': 'Daten der Marktlokation',
      'segment_name_b': 'Daten der Marktlokation',
      'segmentgroup_ahb_status_a': 'Muss [480] ∧ [2061]',
      'segmentgroup_ahb_status_b': 'Muss [2061]',
      'segmentgroup_name_a': 'Daten der Marktlokation',
      'segmentgroup_name_b': 'Daten der Marktlokation',
      'sort_path': '00005-00009-00000-00000-00000-',
      'type': 'code',
    }),
    dict({
      'diff_status': 'modified',
      'id_path': 'SG4>SG12>',
      'path': 'Vorgangs-Identifikation > Korrespondenzanschrift des Kunden des Lieferanten',
      'segmentgroup_ahb_status_a': 'Muss [556]',
      'segmentgroup_ahb_status_b': 'Muss [556] ∧ [559]',
      'segmentgroup_name_a': 'Korrespondenzanschrift des Kunden des Lieferanten',
      'segmentgroup_name_b': 'Korrespondenzanschrift des Kunden des Lieferanten',
      'sort_path': '00005-00012-',
      'type': 'segment_group',
    }),
    dict({
      'diff_status': 'modified',
      'id_path': 'SG4>SG12>NAD>',
      'path': 'Vorgangs-Identifikation > Korrespondenzanschrift des Kunden des Lieferanten > Korrespondenzanschrift des Kunden des Lieferanten',
      'segment_ahb_status_a': 'Muss',
      'segment_ahb_status_b': 'Muss',
      'segment_id_a': 'NAD',
      'segment_id_b': 'NAD',
      'segment_name_a': 'Korrespondenzanschrift des Kunden des Lieferanten',
      'segment_name_b': 'Korrespondenzanschrift des Kunden des Lieferanten',
      'segmentgroup_ahb_status_a': 'Muss [556]',
      'segmentgroup_ahb_status_b': 'Muss [556] ∧ [559]',
      'segmentgroup_name_a': 'Korrespondenzanschrift des Kunden des Lieferanten',
      'segmentgroup_name_b': 'Korrespondenzanschrift des Kunden des Lieferanten',
      'sort_path': '00005-00012-00000-',
      'type': 'segment',
    }),
    dict({
      'dataelement_id_a': 'D_3035',
      'dataelement_id_b': 'D_3035',
      'dataelement_name_a': 'Beteiligter, Qualifier',
      'dataelement_name_b': 'Beteiligter, Qualifier',
      'diff_status': 'modified',
      'id_path': 'SG4>SG12>NAD>D_3035>',
      'path': 'Vorgangs-Identifikation > Korrespondenzanschrift des Kunden des Lieferanten > Korrespondenzanschrift des Kunden des Lieferanten > Beteiligter, Qualifier',
      'segment_ahb_status_a': 'Muss',
      'segment_ahb_status_b': 'Muss',
      'segment_id_a': 'NAD',
      'segment_id_b': 'NAD',
      'segment_name_a': 'Korrespondenzanschrift des Kunden des Lieferanten',
      'segment_name_b': 'Korrespondenzanschrift des Kunden des Lieferanten',
      'segmentgroup_ahb_status_a': 'Muss [556]',
      'segmentgroup_ahb_status_b': 'Muss [556] ∧ [559]',
      'segmentgroup_name_a': 'Korrespondenzanschrift des Kunden des Lieferanten',
      'segmentgroup_name_b': 'Korrespondenzanschrift des Kunden des Lieferanten',
      'sort_path': '00005-00012-00000-00000-',
      'type': 'dataelement',
    }),
    dict({
      'code_ahb_status_a': 'X',
      'code_ahb_status_b': 'X',
      'code_name_a': 'Korrespondenzanschrift des Kunden des LF',
      'code_name_b': 'Korrespondenzanschrift des Kunden des LF',
      'code_value_a': 'Z04',
      'code_value_b': 'Z04',
      'dataelement_id_a': 'D_3035',
      'dataelement_id_b': 'D_3035',
      'dataelement_name_a': 'Beteiligter, Qualifier',
      'dataelement_name_b': 'Beteiligter, Qualifier',
      'diff_status': 'modified',
      'id_path': 'SG4>SG12>NAD>D_3035>Z04>',
      'path': 'Vorgangs-Identifikation > Korrespondenzanschrift des Kunden des Lieferanten > Korrespondenzanschrift des Kunden des Lieferanten > Beteiligter, Qualifier > Korrespondenzanschrift des Kunden des LF',
      'segment_ahb_status_a': 'Muss',
      'segment_ahb_status_b': 'Muss',
      'segment_id_a': 'NAD',
      'segment_id_b': 'NAD',
      'segment_name_a': 'Korrespondenzanschrift des Kunden des Lieferanten',
      'segment_name_b': 'Korrespondenzanschrift des Kunden des Lieferanten',
      'segmentgroup_ahb_status_a': 'Muss [556]',
      'segmentgroup_ahb_status_b': 'Muss [556] ∧ [559]',
      'segmentgroup_name_a': 'Korrespondenzanschrift des Kunden des Lieferanten',
      'segmentgroup_name_b': 'Korrespondenzanschrift des Kunden des Lieferanten',
      'sort_path': '00005-00012-00000-00000-00000-',
      'type': 'code',
    }),
    dict({
      'dataelementgroup_id_a': 'C_C080',
      'dataelementgroup_id_b': 'C_C080',
      'dataelementgroup_name_a': 'Name des Beteiligten',
      'dataelementgroup_name_b': 'Name des Beteiligten',
      'diff_status': 'modified',
      'id_path': 'SG4>SG12>NAD>C_C080>',
      'path': 'Vorgangs-Identifikation > Korrespondenzanschrift des Kunden des Lieferanten > Korrespondenzanschrift des Kunden des Lieferanten > Name des Beteiligten',
      'segment_ahb_status_a': 'Muss',
      'segment_ahb_status_b': 'Muss',
      'segment_id_a': 'NAD',
      'segment_id_b': 'NAD',
      'segment_name_a': 'Korrespondenzanschrift des Kunden des Lieferanten',
      'segment_name_b': 'Korrespondenzanschrift des Kunden des Lieferanten',
      'segmentgroup_ahb_status_a': 'Muss [556]',
      'segmentgroup_ahb_status_b': 'Muss [556] ∧ [559]',
      'segmentgroup_name_a': 'Korrespondenzanschrift des Kunden des Lieferanten',
      'segmentgroup_name_b': 'Korrespondenzanschrift des Kunden des Lieferanten',
      'sort_path': '00005-00012-00000-00001-',
      'type': 'dataelementgroup',
    }),
    dict({
      'dataelement_ahb_status_a': 'X',
      'dataelement_ahb_status_b': 'X',
      'dataelement_id_a': 'D_3036',
      'dataelement_id_b': 'D_3036',
      'dataelement_name_a': 'Name',
      'dataelement_name_b': 'Name',
      'dataelementgroup_id_a': 'C_C080',
      'dataelementgroup_id_b': 'C_C080',
      'dataelementgroup_name_a': 'Name des Beteiligten',
      'dataelementgroup_name_b': 'Name des Beteiligten',
      'diff_status': 'modified',
      'id_path': 'SG4>SG12>NAD>C_C080>D_3036>',
      'path': 'Vorgangs-Identifikation > Korrespondenzanschrift des Kunden des Lieferanten > Korrespondenzanschrift des Kunden des Lieferanten > Name des Beteiligten > Name',
      'segment_ahb_status_a': 'Muss',
      'segment_ahb_status_b': 'Muss',
      'segment_id_a': 'NAD',
      'segment_id_b': 'NAD',
      'segment_name_a': 'Korrespondenzanschrift des Kunden des Lieferanten',
      'segment_name_b': 'Korrespondenzanschrift des Kunden des Lieferanten',
      'segmentgroup_ahb_status_a': 'Muss [556]',
      'segmentgroup_ahb_status_b': 'Muss [556] ∧ [559]',
      'segmentgroup_name_a': 'Korrespondenzanschrift des Kunden des Lieferanten',
      'segmentgroup_name_b': 'Korrespondenzanschrift des Kunden des Lieferanten',
      'sort_path': '00005-00012-00000-00001-00000-',
      'type': 'dataelement',
    }),
    dict({
      'dataelement_id_a': 'D_3045',
      'dataelement_id_b': 'D_3045',
      'dataelement_name_a': 'Format für den Namen des Beteiligten, Code',
      'dataelement_name_b': 'Format für den Namen des Beteiligten, Code',
      'dataelementgroup_id_a': 'C_C080',
      'dataelementgroup_id_b': 'C_C080',
      'dataelementgroup_name_a': 'Name des Beteiligten',
      'dataelementgroup_name_b': 'Name des Beteiligten',
      'diff_status': 'modified',
      'id_path': 'SG4>SG12>NAD>C_C080>D_3045>',
      'path': 'Vorgangs-Identifikation > Korrespondenzanschrift des Kunden des Lieferanten > Korrespondenzanschrift des Kunden des Lieferanten > Name des Beteiligten > Format für den Namen des Beteiligten, Code',
      'segment_ahb_status_a': 'Muss',
      'segment_ahb_status_b': 'Muss',
      'segment_id_a': 'NAD',
      'segment_id_b': 'NAD',
      'segment_name_a': 'Korrespondenzanschrift des Kunden des Lieferanten',
      'segment_name_b': 'Korrespondenzanschrift des Kunden des Lieferanten',
      'segmentgroup_ahb_status_a': 'Muss [556]',
      'segmentgroup_ahb_status_b': 'Muss [556] ∧ [559]',
      'segmentgroup_name_a': 'Korrespondenzanschrift des Kunden des Lieferanten',
      'segmentgroup_name_b': 'Korrespondenzanschrift des Kunden des Lieferanten',
      'sort_path': '00005-00012-00000-00001-00001-',
      'type': 'dataelement',
    }),
    dict({
      'code_ahb_status_a': 'X',
      'code_ahb_status_b': 'X',
      'code_name_a': 'Struktur von Personennamen',
      'code_name_b': 'Struktur von Personennamen',
      'code_value_a': 'Z01',
      'code_value_b': 'Z01',
      'dataelement_id_a': 'D_3045',
      'dataelement_id_b': 'D_3045',
      'dataelement_name_a': 'Format für den Namen des Beteiligten, Code',
      'dataelement_name_b': 'Format für den Namen des Beteiligten, Code',
      'dataelementgroup_id_a': 'C_C080',
      'dataelementgroup_id_b': 'C_C080',
      'dataelementgroup_name_a': 'Name des Beteiligten',
      'dataelementgroup_name_b': 'Name des Beteiligten',
      'diff_status': 'modified',
      'id_path': 'SG4>SG12>NAD>C_C080>D_3045>Z01>',
      'path': 'Vorgangs-Identifikation > Korrespondenzanschrift des Kunden des Lieferanten > Korrespondenzanschrift des Kunden des Lieferanten > Name des Beteiligten > Format für den Namen des Beteiligten, Code > Struktur von Personennamen',
      'segment_ahb_status_a': 'Muss',
      'segment_ahb_status_b': 'Muss',
      'segment_id_a': 'NAD',
      'segment_id_b': 'NAD',
      'segment_name_a': 'Korrespondenzanschrift des Kunden des Lieferanten',
      'segment_name_b': 'Korrespondenzanschrift des Kunden des Lieferanten',
      'segmentgroup_ahb_status_a': 'Muss [556]',
      'segmentgroup_ahb_status_b': 'Muss [556] ∧ [559]',
      'segmentgroup_name_a': 'Korrespondenzanschrift des Kunden des Lieferanten',
      'segmentgroup_name_b': 'Korrespondenzanschrift des Kunden des Lieferanten',
      'sort_path': '00005-00012-00000-00001-00001-00000-',
      'type': 'code',
    }),
    dict({
      'code_ahb_status_a': 'X',
      'code_ahb_status_b': 'X',
      'code_name_a': 'Struktur der Firmenbezeichnung',
      'code_name_b': 'Struktur der Firmenbezeichnung',
      'code_value_a': 'Z02',
      'code_value_b': 'Z02',
      'dataelement_id_a': 'D_3045',
      'dataelement_id_b': 'D_3045',
      'dataelement_name_a': 'Format für den Namen des Beteiligten, Code',
      'dataelement_name_b': 'Format für den Namen des Beteiligten, Code',
      'dataelementgroup_id_a': 'C_C080',
      'dataelementgroup_id_b': 'C_C080',
      'dataelementgroup_name_a': 'Name des Beteiligten',
      'dataelementgroup_name_b': 'Name des Beteiligten',
      'diff_status': 'modified',
      'id_path': 'SG4>SG12>NAD>C_C080>D_3045>Z02>',
      'path': 'Vorgangs-Identifikation > Korrespondenzanschrift des Kunden des Lieferanten > Korrespondenzanschrift des Kunden des Lieferanten > Name des Beteiligten > Format für den Namen des Beteiligten, Code > Struktur der Firmenbezeichnung',
      'segment_ahb_status_a': 'Muss',
      'segment_ahb_status_b': 'Muss',
      'segment_id_a': 'NAD',
      'segment_id_b': 'NAD',
      'segment_name_a': 'Korrespondenzanschrift des Kunden des Lieferanten',
      'segment_name_b': 'Korrespondenzanschrift des Kunden des Lieferanten',
      'segmentgroup_ahb_status_a': 'Muss [556]',
      'segmentgroup_ahb_status_b': 'Muss [556] ∧ [559]',
      'segmentgroup_name_a': 'Korrespondenzanschrift des Kunden des Lieferanten',
      'segmentgroup_name_b': 'Korrespondenzanschrift des Kunden des Lieferanten',
      'sort_path': '00005-00012-00000-00001-00001-00001-',
      'type': 'code',
    }),
    dict({
      'dataelementgroup_id_a': 'C_C059',
      'dataelementgroup_id_b': 'C_C059',
      'dataelementgroup_name_a': 'Straße',
      'dataelementgroup_name_b': 'Straße',
      'diff_status': 'modified',
      'id_path': 'SG4>SG12>NAD>C_C059>',
      'path': 'Vorgangs-Identifikation > Korrespondenzanschrift des Kunden des Lieferanten > Korrespondenzanschrift des Kunden des Lieferanten > Straße',
      'segment_ahb_status_a': 'Muss',
      'segment_ahb_status_b': 'Muss',
      'segment_id_a': 'NAD',
      'segment_id_b': 'NAD',
      'segment_name_a': 'Korrespondenzanschrift des Kunden des Lieferanten',
      'segment_name_b': 'Korrespondenzanschrift des Kunden des Lieferanten',
      'segmentgroup_ahb_status_a': 'Muss [556]',
      'segmentgroup_ahb_status_b': 'Muss [556] ∧ [559]',
      'segmentgroup_name_a': 'Korrespondenzanschrift des Kunden des Lieferanten',
      'segmentgroup_name_b': 'Korrespondenzanschrift des Kunden des Lieferanten',
      'sort_path': '00005-00012-00000-00002-',
      'type': 'dataelementgroup',
    }),
    dict({
      'dataelement_ahb_status_a': 'X',
      'dataelement_ahb_status_b': 'X',
      'dataelement_id_a': 'D_3042',
      'dataelement_id_b': 'D_3042',
      'dataelement_name_a': 'Straße und Hausnummer oder Postfach',
      'dataelement_name_b': 'Straße und Hausnummer oder Postfach',
      'dataelementgroup_id_a': 'C_C059',
      'dataelementgroup_id_b': 'C_C059',
      'dataelementgroup_name_a': 'Straße',
      'dataelementgroup_name_b': 'Straße',
      'diff_status': 'modified',
      'id_path': 'SG4>SG12>NAD>C_C059>D_3042>',
      'path': 'Vorgangs-Identifikation > Korrespondenzanschrift des Kunden des Lieferanten > Korrespondenzanschrift des Kunden des Lieferanten > Straße > Straße und Hausnummer oder Postfach',
      'segment_ahb_status_a': 'Muss',
      'segment_ahb_status_b': 'Muss',
      'segment_id_a': 'NAD',
      'segment_id_b': 'NAD',
      'segment_name_a': 'Korrespondenzanschrift des Kunden des Lieferanten',
      'segment_name_b': 'Korrespondenzanschrift des Kunden des Lieferanten',
      'segmentgroup_ahb_status_a': 'Muss [556]',
      'segmentgroup_ahb_status_b': 'Muss [556] ∧ [559]',
      'segmentgroup_name_a': 'Korrespondenzanschrift des Kunden des Lieferanten',
      'segmentgroup_name_b': 'Korrespondenzanschrift des Kunden des Lieferanten',
      'sort_path': '00005-00012-00000-00002-00000-',
      'type': 'dataelement',
    }),
    dict({
      'dataelement_ahb_status_a': 'X',
      'dataelement_ahb_status_b': 'X',
      'dataelement_id_a': 'D_3164',
      'dataelement_id_b': 'D_3164',
      'dataelement_name_a': 'Ort',
      'dataelement_name_b': 'Ort',
      'diff_status': 'modified',
      'id_path': 'SG4>SG12>NAD>D_3164>',
      'path': 'Vorgangs-Identifikation > Korrespondenzanschrift des Kunden des Lieferanten > Korrespondenzanschrift des Kunden des Lieferanten > Ort',
      'segment_ahb_status_a': 'Muss',
      'segment_ahb_status_b': 'Muss',
      'segment_id_a': 'NAD',
      'segment_id_b': 'NAD',
      'segment_name_a': 'Korrespondenzanschrift des Kunden des Lieferanten',
      'segment_name_b': 'Korrespondenzanschrift des Kunden des Lieferanten',
      'segmentgroup_ahb_status_a': 'Muss [556]',
      'segmentgroup_ahb_status_b': 'Muss [556] ∧ [559]',
      'segmentgroup_name_a': 'Korrespondenzanschrift des Kunden des Lieferanten',
      'segmentgroup_name_b': 'Korrespondenzanschrift des Kunden des Lieferanten',
      'sort_path': '00005-00012-00000-00003-',
      'type': 'dataelement',
    }),
    dict({
      'dataelement_ahb_status_a': '''
        M [268]
        S [166]
      ''',
      'dataelement_ahb_status_b': '''
        M [268]
        S [166]
      ''',
      'dataelement_id_a': 'D_3251',
      'dataelement_id_b': 'D_3251',
      'dataelement_name_a': 'Postleitzahl',
      'dataelement_name_b': 'Postleitzahl',
      'diff_status': 'modified',
      'id_path': 'SG4>SG12>NAD>D_3251>',
      'path': 'Vorgangs-Identifikation > Korrespondenzanschrift des Kunden des Lieferanten > Korrespondenzanschrift des Kunden des Lieferanten > Postleitzahl',
      'segment_ahb_status_a': 'Muss',
      'segment_ahb_status_b': 'Muss',
      'segment_id_a': 'NAD',
      'segment_id_b': 'NAD',
      'segment_name_a': 'Korrespondenzanschrift des Kunden des Lieferanten',
      'segment_name_b': 'Korrespondenzanschrift des Kunden des Lieferanten',
      'segmentgroup_ahb_status_a': 'Muss [556]',
      'segmentgroup_ahb_status_b': 'Muss [556] ∧ [559]',
      'segmentgroup_name_a': 'Korrespondenzanschrift des Kunden des Lieferanten',
      'segmentgroup_name_b': 'Korrespondenzanschrift des Kunden des Lieferanten',
      'sort_path': '00005-00012-00000-00004-',
      'type': 'dataelement',
    }),
    dict({
      'dataelement_ahb_status_a': 'X',
      'dataelement_ahb_status_b': 'X',
      'dataelement_id_a': 'D_3207',
      'dataelement_id_b': 'D_3207',
      'dataelement_name_a': 'Ländername, Code',
      'dataelement_name_b': 'Ländername, Code',
      'diff_status': 'modified',
      'id_path': 'SG4>SG12>NAD>D_3207>',
      'path': 'Vorgangs-Identifikation > Korrespondenzanschrift des Kunden des Lieferanten > Korrespondenzanschrift des Kunden des Lieferanten > Ländername, Code',
      'segment_ahb_status_a': 'Muss',
      'segment_ahb_status_b': 'Muss',
      'segment_id_a': 'NAD',
      'segment_id_b': 'NAD',
      'segment_name_a': 'Korrespondenzanschrift des Kunden des Lieferanten',
      'segment_name_b': 'Korrespondenzanschrift des Kunden des Lieferanten',
      'segmentgroup_ahb_status_a': 'Muss [556]',
      'segmentgroup_ahb_status_b': 'Muss [556] ∧ [559]',
      'segmentgroup_name_a': 'Korrespondenzanschrift des Kunden des Lieferanten',
      'segmentgroup_name_b': 'Korrespondenzanschrift des Kunden des Lieferanten',
      'sort_path': '00005-00012-00000-00005-',
      'type': 'dataelement',
    }),
  ])
# ---
