# serializer version: 1
# name: test_create_db_and_ahbesser_view
  list([
    dict({
      'data_element': None,
      'description': 'Berechnungsformel',
      'direction': 'NB an MSB / LF',
      'format_version': 'FV2310',
      'id_path': 'UNH>',
      'line_ahb_status': 'Muss',
      'line_name': 'Nachrichten-Kopfsegment',
      'path': 'Nachrichten-Kopfsegment',
      'pruefidentifikator': '25001',
      'qualifier': None,
      'segment_code': 'UNH',
      'segmentgroup_key': None,
      'sort_path': '00000-',
    }),
    dict({
      'data_element': 'D_0062',
      'description': 'Berechnungsformel',
      'direction': 'NB an MSB / LF',
      'format_version': 'FV2310',
      'id_path': 'UNH>D_0062>',
      'line_ahb_status': 'X',
      'line_name': 'Nachrichten-Referenznummer',
      'path': 'Nachrichten-Kopfsegment > Nachrichten-Referenznummer',
      'pruefidentifikator': '25001',
      'qualifier': None,
      'segment_code': 'UNH',
      'segmentgroup_key': None,
      'sort_path': '00000-00000-',
    }),
    dict({
      'data_element': 'D_0065',
      'description': 'Berechnungsformel',
      'direction': 'NB an MSB / LF',
      'format_version': 'FV2310',
      'id_path': 'UNH>C_S009>D_0065>UTILTS>',
      'line_ahb_status': 'X',
      'line_name': 'Netznutzungszeiten-Nachricht',
      'path': 'Nachrichten-Kopfsegment > Nachrichten-Kennung > Nachrichtentyp-Kennung > Netznutzungszeiten-Nachricht',
      'pruefidentifikator': '25001',
      'qualifier': 'UTILTS',
      'segment_code': 'UNH',
      'segmentgroup_key': None,
      'sort_path': '00000-00001-00000-00000-',
    }),
    dict({
      'data_element': 'D_0052',
      'description': 'Berechnungsformel',
      'direction': 'NB an MSB / LF',
      'format_version': 'FV2310',
      'id_path': 'UNH>C_S009>D_0052>D>',
      'line_ahb_status': 'X',
      'line_name': 'Entwurfs-Version',
      'path': 'Nachrichten-Kopfsegment > Nachrichten-Kennung > Versionsnummer des Nachrichtentyps > Entwurfs-Version',
      'pruefidentifikator': '25001',
      'qualifier': 'D',
      'segment_code': 'UNH',
      'segmentgroup_key': None,
      'sort_path': '00000-00001-00001-00000-',
    }),
    dict({
      'data_element': 'D_0054',
      'description': 'Berechnungsformel',
      'direction': 'NB an MSB / LF',
      'format_version': 'FV2310',
      'id_path': 'UNH>C_S009>D_0054>18A>',
      'line_ahb_status': 'X',
      'line_name': 'Ausgabe 2018 - A',
      'path': 'Nachrichten-Kopfsegment > Nachrichten-Kennung > Freigabenummer des Nachrichtentyps > Ausgabe 2018 - A',
      'pruefidentifikator': '25001',
      'qualifier': '18A',
      'segment_code': 'UNH',
      'segmentgroup_key': None,
      'sort_path': '00000-00001-00002-00000-',
    }),
    dict({
      'data_element': 'D_0051',
      'description': 'Berechnungsformel',
      'direction': 'NB an MSB / LF',
      'format_version': 'FV2310',
      'id_path': 'UNH>C_S009>D_0051>UN>',
      'line_ahb_status': 'X',
      'line_name': 'UN/CEFACT',
      'path': 'Nachrichten-Kopfsegment > Nachrichten-Kennung > Verwaltende Organisation > UN/CEFACT',
      'pruefidentifikator': '25001',
      'qualifier': 'UN',
      'segment_code': 'UNH',
      'segmentgroup_key': None,
      'sort_path': '00000-00001-00003-00000-',
    }),
    dict({
      'data_element': 'D_0057',
      'description': 'Berechnungsformel',
      'direction': 'NB an MSB / LF',
      'format_version': 'FV2310',
      'id_path': 'UNH>C_S009>D_0057>1.1d>',
      'line_ahb_status': 'X',
      'line_name': 'Versionsnummer der zugrundeliegenden BDEW-Nachrichtenbeschreibung',
      'path': 'Nachrichten-Kopfsegment > Nachrichten-Kennung > Anwendungscode der zuständigen Organisation > Versionsnummer der zugrundeliegenden BDEW-Nachrichtenbeschreibung',
      'pruefidentifikator': '25001',
      'qualifier': '1.1d',
      'segment_code': 'UNH',
      'segmentgroup_key': None,
      'sort_path': '00000-00001-00004-00000-',
    }),
    dict({
      'data_element': None,
      'description': 'Berechnungsformel',
      'direction': 'NB an MSB / LF',
      'format_version': 'FV2310',
      'id_path': 'BGM>',
      'line_ahb_status': 'Muss',
      'line_name': 'Beginn der Nachricht',
      'path': 'Beginn der Nachricht',
      'pruefidentifikator': '25001',
      'qualifier': None,
      'segment_code': 'BGM',
      'segmentgroup_key': None,
      'sort_path': '00001-',
    }),
    dict({
      'data_element': 'D_1001',
      'description': 'Berechnungsformel',
      'direction': 'NB an MSB / LF',
      'format_version': 'FV2310',
      'id_path': 'BGM>C_C002>D_1001>Z36>',
      'line_ahb_status': 'X',
      'line_name': 'Berechnungsformel',
      'path': 'Beginn der Nachricht > Dokumenten-/Nachrichtenname > Dokumentenname, Code > Berechnungsformel',
      'pruefidentifikator': '25001',
      'qualifier': 'Z36',
      'segment_code': 'BGM',
      'segmentgroup_key': None,
      'sort_path': '00001-00000-00000-00000-',
    }),
    dict({
      'data_element': 'D_1004',
      'description': 'Berechnungsformel',
      'direction': 'NB an MSB / LF',
      'format_version': 'FV2310',
      'id_path': 'BGM>C_C106>D_1004>',
      'line_ahb_status': 'X',
      'line_name': 'Dokumentennummer',
      'path': 'Beginn der Nachricht > Dokumenten-/Nachrichten-Identifikation > Dokumentennummer',
      'pruefidentifikator': '25001',
      'qualifier': None,
      'segment_code': 'BGM',
      'segmentgroup_key': None,
      'sort_path': '00001-00001-00000-',
    }),
    dict({
      'data_element': None,
      'description': 'Berechnungsformel',
      'direction': 'NB an MSB / LF',
      'format_version': 'FV2310',
      'id_path': 'DTM>',
      'line_ahb_status': 'Muss',
      'line_name': 'Nachrichtendatum',
      'path': 'Nachrichtendatum',
      'pruefidentifikator': '25001',
      'qualifier': None,
      'segment_code': 'DTM',
      'segmentgroup_key': None,
      'sort_path': '00002-',
    }),
    dict({
      'data_element': 'D_2005',
      'description': 'Berechnungsformel',
      'direction': 'NB an MSB / LF',
      'format_version': 'FV2310',
      'id_path': 'DTM>C_C507>D_2005>137>',
      'line_ahb_status': 'X',
      'line_name': 'Dokumenten-/Nachrichtendatum/-zeit',
      'path': 'Nachrichtendatum > Datum/Uhrzeit/Zeitspanne > Datums- oder Uhrzeit- oder Zeitspannen-Funktion, Qualifier > Dokumenten-/Nachrichtendatum/-zeit',
      'pruefidentifikator': '25001',
      'qualifier': '137',
      'segment_code': 'DTM',
      'segmentgroup_key': None,
      'sort_path': '00002-00000-00000-00000-',
    }),
    dict({
      'data_element': 'D_2380',
      'description': 'Berechnungsformel',
      'direction': 'NB an MSB / LF',
      'format_version': 'FV2310',
      'id_path': 'DTM>C_C507>D_2380>',
      'line_ahb_status': 'X [931][494]',
      'line_name': 'Datum oder Uhrzeit oder Zeitspanne, Wert',
      'path': 'Nachrichtendatum > Datum/Uhrzeit/Zeitspanne > Datum oder Uhrzeit oder Zeitspanne, Wert',
      'pruefidentifikator': '25001',
      'qualifier': None,
      'segment_code': 'DTM',
      'segmentgroup_key': None,
      'sort_path': '00002-00000-00001-',
    }),
    dict({
      'data_element': 'D_2379',
      'description': 'Berechnungsformel',
      'direction': 'NB an MSB / LF',
      'format_version': 'FV2310',
      'id_path': 'DTM>C_C507>D_2379>303>',
      'line_ahb_status': 'X',
      'line_name': 'CCYYMMDDHHMMZZZ',
      'path': 'Nachrichtendatum > Datum/Uhrzeit/Zeitspanne > Datums- oder Uhrzeit- oder Zeitspannen-Format, Code > CCYYMMDDHHMMZZZ',
      'pruefidentifikator': '25001',
      'qualifier': '303',
      'segment_code': 'DTM',
      'segmentgroup_key': None,
      'sort_path': '00002-00000-00002-00000-',
    }),
    dict({
      'data_element': None,
      'description': 'Berechnungsformel',
      'direction': 'NB an MSB / LF',
      'format_version': 'FV2310',
      'id_path': 'SG2>',
      'line_ahb_status': 'Muss',
      'line_name': 'MP-ID Absender',
      'path': 'MP-ID Absender',
      'pruefidentifikator': '25001',
      'qualifier': None,
      'segment_code': None,
      'segmentgroup_key': 'SGSG2',
      'sort_path': '00003-',
    }),
    dict({
      'data_element': None,
      'description': 'Berechnungsformel',
      'direction': 'NB an MSB / LF',
      'format_version': 'FV2310',
      'id_path': 'SG2>NAD>',
      'line_ahb_status': 'Muss',
      'line_name': 'MP-ID Absender',
      'path': 'MP-ID Absender > MP-ID Absender',
      'pruefidentifikator': '25001',
      'qualifier': None,
      'segment_code': 'NAD',
      'segmentgroup_key': 'SGSG2',
      'sort_path': '00003-00000-',
    }),
    dict({
      'data_element': 'D_3035',
      'description': 'Berechnungsformel',
      'direction': 'NB an MSB / LF',
      'format_version': 'FV2310',
      'id_path': 'SG2>NAD>D_3035>MS>',
      'line_ahb_status': 'X',
      'line_name': 'Dokumenten-/Nachrichtenaussteller bzw. -absender',
      'path': 'MP-ID Absender > MP-ID Absender > Beteiligter, Qualifier > Dokumenten-/Nachrichtenaussteller bzw. -absender',
      'pruefidentifikator': '25001',
      'qualifier': 'MS',
      'segment_code': 'NAD',
      'segmentgroup_key': 'SGSG2',
      'sort_path': '00003-00000-00000-00000-',
    }),
    dict({
      'data_element': 'D_3039',
      'description': 'Berechnungsformel',
      'direction': 'NB an MSB / LF',
      'format_version': 'FV2310',
      'id_path': 'SG2>NAD>C_C082>D_3039>',
      'line_ahb_status': 'X [1]',
      'line_name': 'MP-ID',
      'path': 'MP-ID Absender > MP-ID Absender > Identifikation des Beteiligten > MP-ID',
      'pruefidentifikator': '25001',
      'qualifier': None,
      'segment_code': 'NAD',
      'segmentgroup_key': 'SGSG2',
      'sort_path': '00003-00000-00001-00000-',
    }),
    dict({
      'data_element': 'D_3055',
      'description': 'Berechnungsformel',
      'direction': 'NB an MSB / LF',
      'format_version': 'FV2310',
      'id_path': 'SG2>NAD>C_C082>D_3055>9>',
      'line_ahb_status': 'X',
      'line_name': 'GS1',
      'path': 'MP-ID Absender > MP-ID Absender > Identifikation des Beteiligten > Verantwortliche Stelle für die Codepflege, Code > GS1',
      'pruefidentifikator': '25001',
      'qualifier': '9',
      'segment_code': 'NAD',
      'segmentgroup_key': 'SGSG2',
      'sort_path': '00003-00000-00001-00001-00000-',
    }),
    dict({
      'data_element': 'D_3055',
      'description': 'Berechnungsformel',
      'direction': 'NB an MSB / LF',
      'format_version': 'FV2310',
      'id_path': 'SG2>NAD>C_C082>D_3055>293>',
      'line_ahb_status': 'X',
      'line_name': 'DE, BDEW (Bundesverband der Energie- und Wasserwirtschaft e.V.)',
      'path': 'MP-ID Absender > MP-ID Absender > Identifikation des Beteiligten > Verantwortliche Stelle für die Codepflege, Code > DE, BDEW (Bundesverband der Energie- und Wasserwirtschaft e.V.)',
      'pruefidentifikator': '25001',
      'qualifier': '293',
      'segment_code': 'NAD',
      'segmentgroup_key': 'SGSG2',
      'sort_path': '00003-00000-00001-00001-00001-',
    }),
    dict({
      'data_element': None,
      'description': 'Berechnungsformel',
      'direction': 'NB an MSB / LF',
      'format_version': 'FV2310',
      'id_path': 'SG2>SG3>',
      'line_ahb_status': '''
        Muss [2]
        Kann
      ''',
      'line_name': 'Kontaktinformationen',
      'path': 'MP-ID Absender > Kontaktinformationen',
      'pruefidentifikator': '25001',
      'qualifier': None,
      'segment_code': None,
      'segmentgroup_key': 'SG3',
      'sort_path': '00003-00001-',
    }),
    dict({
      'data_element': None,
      'description': 'Berechnungsformel',
      'direction': 'NB an MSB / LF',
      'format_version': 'FV2310',
      'id_path': 'SG2>SG3>CTA>',
      'line_ahb_status': 'Muss',
      'line_name': 'Ansprechpartner',
      'path': 'MP-ID Absender > Kontaktinformationen > Ansprechpartner',
      'pruefidentifikator': '25001',
      'qualifier': None,
      'segment_code': 'CTA',
      'segmentgroup_key': 'SG3',
      'sort_path': '00003-00001-00000-',
    }),
    dict({
      'data_element': 'D_3139',
      'description': 'Berechnungsformel',
      'direction': 'NB an MSB / LF',
      'format_version': 'FV2310',
      'id_path': 'SG2>SG3>CTA>D_3139>IC>',
      'line_ahb_status': 'X',
      'line_name': 'Informationskontakt',
      'path': 'MP-ID Absender > Kontaktinformationen > Ansprechpartner > Funktion des Ansprechpartners, Code > Informationskontakt',
      'pruefidentifikator': '25001',
      'qualifier': 'IC',
      'segment_code': 'CTA',
      'segmentgroup_key': 'SG3',
      'sort_path': '00003-00001-00000-00000-00000-',
    }),
    dict({
      'data_element': 'D_3412',
      'description': 'Berechnungsformel',
      'direction': 'NB an MSB / LF',
      'format_version': 'FV2310',
      'id_path': 'SG2>SG3>CTA>C_C056>D_3412>',
      'line_ahb_status': 'X',
      'line_name': 'Name vom Ansprechpartner',
      'path': 'MP-ID Absender > Kontaktinformationen > Ansprechpartner > Kontaktangaben > Name vom Ansprechpartner',
      'pruefidentifikator': '25001',
      'qualifier': None,
      'segment_code': 'CTA',
      'segmentgroup_key': 'SG3',
      'sort_path': '00003-00001-00000-00001-00000-',
    }),
    dict({
      'data_element': None,
      'description': 'Berechnungsformel',
      'direction': 'NB an MSB / LF',
      'format_version': 'FV2310',
      'id_path': 'SG2>SG3>COM>',
      'line_ahb_status': 'Muss',
      'line_name': 'Kommunikationsverbindung',
      'path': 'MP-ID Absender > Kontaktinformationen > Kommunikationsverbindung',
      'pruefidentifikator': '25001',
      'qualifier': None,
      'segment_code': 'COM',
      'segmentgroup_key': 'SG3',
      'sort_path': '00003-00001-00001-',
    }),
    dict({
      'data_element': 'D_3148',
      'description': 'Berechnungsformel',
      'direction': 'NB an MSB / LF',
      'format_version': 'FV2310',
      'id_path': 'SG2>SG3>COM>C_C076>D_3148>',
      'line_ahb_status': 'X (([939][53]) ∨ ([940][54])) ∧ [530]',
      'line_name': 'Nummer / Adresse',
      'path': 'MP-ID Absender > Kontaktinformationen > Kommunikationsverbindung > Kommunikationsverbindung > Nummer / Adresse',
      'pruefidentifikator': '25001',
      'qualifier': None,
      'segment_code': 'COM',
      'segmentgroup_key': 'SG3',
      'sort_path': '00003-00001-00001-00000-00000-',
    }),
    dict({
      'data_element': 'D_3155',
      'description': 'Berechnungsformel',
      'direction': 'NB an MSB / LF',
      'format_version': 'FV2310',
      'id_path': 'SG2>SG3>COM>C_C076>D_3155>EM>',
      'line_ahb_status': 'X [1P0..1]',
      'line_name': 'Elektronische Post',
      'path': 'MP-ID Absender > Kontaktinformationen > Kommunikationsverbindung > Kommunikationsverbindung > Art des Kommunikationsmittels, Code > Elektronische Post',
      'pruefidentifikator': '25001',
      'qualifier': 'EM',
      'segment_code': 'COM',
      'segmentgroup_key': 'SG3',
      'sort_path': '00003-00001-00001-00000-00001-00000-',
    }),
    dict({
      'data_element': 'D_3155',
      'description': 'Berechnungsformel',
      'direction': 'NB an MSB / LF',
      'format_version': 'FV2310',
      'id_path': 'SG2>SG3>COM>C_C076>D_3155>FX>',
      'line_ahb_status': 'X [1P0..1]',
      'line_name': 'Telefax',
      'path': 'MP-ID Absender > Kontaktinformationen > Kommunikationsverbindung > Kommunikationsverbindung > Art des Kommunikationsmittels, Code > Telefax',
      'pruefidentifikator': '25001',
      'qualifier': 'FX',
      'segment_code': 'COM',
      'segmentgroup_key': 'SG3',
      'sort_path': '00003-00001-00001-00000-00001-00001-',
    }),
    dict({
      'data_element': 'D_3155',
      'description': 'Berechnungsformel',
      'direction': 'NB an MSB / LF',
      'format_version': 'FV2310',
      'id_path': 'SG2>SG3>COM>C_C076>D_3155>TE>',
      'line_ahb_status': 'X [1P0..1]',
      'line_name': 'Telefon',
      'path': 'MP-ID Absender > Kontaktinformationen > Kommunikationsverbindung > Kommunikationsverbindung > Art des Kommunikationsmittels, Code > Telefon',
      'pruefidentifikator': '25001',
      'qualifier': 'TE',
      'segment_code': 'COM',
      'segmentgroup_key': 'SG3',
      'sort_path': '00003-00001-00001-00000-00001-00002-',
    }),
    dict({
      'data_element': 'D_3155',
      'description': 'Berechnungsformel',
      'direction': 'NB an MSB / LF',
      'format_version': 'FV2310',
      'id_path': 'SG2>SG3>COM>C_C076>D_3155>AJ>',
      'line_ahb_status': 'X [1P0..1]',
      'line_name': 'weiteres Telefon',
      'path': 'MP-ID Absender > Kontaktinformationen > Kommunikationsverbindung > Kommunikationsverbindung > Art des Kommunikationsmittels, Code > weiteres Telefon',
      'pruefidentifikator': '25001',
      'qualifier': 'AJ',
      'segment_code': 'COM',
      'segmentgroup_key': 'SG3',
      'sort_path': '00003-00001-00001-00000-00001-00003-',
    }),
    dict({
      'data_element': 'D_3155',
      'description': 'Berechnungsformel',
      'direction': 'NB an MSB / LF',
      'format_version': 'FV2310',
      'id_path': 'SG2>SG3>COM>C_C076>D_3155>AL>',
      'line_ahb_status': 'X [1P0..1]',
      'line_name': 'Handy',
      'path': 'MP-ID Absender > Kontaktinformationen > Kommunikationsverbindung > Kommunikationsverbindung > Art des Kommunikationsmittels, Code > Handy',
      'pruefidentifikator': '25001',
      'qualifier': 'AL',
      'segment_code': 'COM',
      'segmentgroup_key': 'SG3',
      'sort_path': '00003-00001-00001-00000-00001-00004-',
    }),
    dict({
      'data_element': None,
      'description': 'Berechnungsformel',
      'direction': 'NB an MSB / LF',
      'format_version': 'FV2310',
      'id_path': 'SG2>SG2>',
      'line_ahb_status': 'Muss',
      'line_name': 'MP-ID Empfänger',
      'path': 'MP-ID Absender > MP-ID Empfänger',
      'pruefidentifikator': '25001',
      'qualifier': None,
      'segment_code': None,
      'segmentgroup_key': 'SG2',
      'sort_path': '00003-00002-',
    }),
    dict({
      'data_element': None,
      'description': 'Berechnungsformel',
      'direction': 'NB an MSB / LF',
      'format_version': 'FV2310',
      'id_path': 'SG2>SG2>NAD>',
      'line_ahb_status': 'Muss',
      'line_name': 'MP-ID Empfänger',
      'path': 'MP-ID Absender > MP-ID Empfänger > MP-ID Empfänger',
      'pruefidentifikator': '25001',
      'qualifier': None,
      'segment_code': 'NAD',
      'segmentgroup_key': 'SG2',
      'sort_path': '00003-00002-00000-',
    }),
    dict({
      'data_element': 'D_3035',
      'description': 'Berechnungsformel',
      'direction': 'NB an MSB / LF',
      'format_version': 'FV2310',
      'id_path': 'SG2>SG2>NAD>D_3035>MR>',
      'line_ahb_status': 'X',
      'line_name': 'Nachrichtenempfänger',
      'path': 'MP-ID Absender > MP-ID Empfänger > MP-ID Empfänger > Beteiligter, Qualifier > Nachrichtenempfänger',
      'pruefidentifikator': '25001',
      'qualifier': 'MR',
      'segment_code': 'NAD',
      'segmentgroup_key': 'SG2',
      'sort_path': '00003-00002-00000-00000-00000-',
    }),
    dict({
      'data_element': 'D_3039',
      'description': 'Berechnungsformel',
      'direction': 'NB an MSB / LF',
      'format_version': 'FV2310',
      'id_path': 'SG2>SG2>NAD>C_C082>D_3039>',
      'line_ahb_status': 'X [1]',
      'line_name': 'MP-ID',
      'path': 'MP-ID Absender > MP-ID Empfänger > MP-ID Empfänger > Identifikation des Beteiligten > MP-ID',
      'pruefidentifikator': '25001',
      'qualifier': None,
      'segment_code': 'NAD',
      'segmentgroup_key': 'SG2',
      'sort_path': '00003-00002-00000-00001-00000-',
    }),
    dict({
      'data_element': 'D_3055',
      'description': 'Berechnungsformel',
      'direction': 'NB an MSB / LF',
      'format_version': 'FV2310',
      'id_path': 'SG2>SG2>NAD>C_C082>D_3055>9>',
      'line_ahb_status': 'X',
      'line_name': 'GS1',
      'path': 'MP-ID Absender > MP-ID Empfänger > MP-ID Empfänger > Identifikation des Beteiligten > Verantwortliche Stelle für die Codepflege, Code > GS1',
      'pruefidentifikator': '25001',
      'qualifier': '9',
      'segment_code': 'NAD',
      'segmentgroup_key': 'SG2',
      'sort_path': '00003-00002-00000-00001-00001-00000-',
    }),
    dict({
      'data_element': 'D_3055',
      'description': 'Berechnungsformel',
      'direction': 'NB an MSB / LF',
      'format_version': 'FV2310',
      'id_path': 'SG2>SG2>NAD>C_C082>D_3055>293>',
      'line_ahb_status': 'X',
      'line_name': 'DE, BDEW (Bundesverband der Energie- und Wasserwirtschaft e.V.)',
      'path': 'MP-ID Absender > MP-ID Empfänger > MP-ID Empfänger > Identifikation des Beteiligten > Verantwortliche Stelle für die Codepflege, Code > DE, BDEW (Bundesverband der Energie- und Wasserwirtschaft e.V.)',
      'pruefidentifikator': '25001',
      'qualifier': '293',
      'segment_code': 'NAD',
      'segmentgroup_key': 'SG2',
      'sort_path': '00003-00002-00000-00001-00001-00001-',
    }),
    dict({
      'data_element': None,
      'description': 'Berechnungsformel',
      'direction': 'NB an MSB / LF',
      'format_version': 'FV2310',
      'id_path': 'SG2>SG5>',
      'line_ahb_status': 'Muss',
      'line_name': 'Vorgang',
      'path': 'MP-ID Absender > Vorgang',
      'pruefidentifikator': '25001',
      'qualifier': None,
      'segment_code': None,
      'segmentgroup_key': 'SG5',
      'sort_path': '00003-00003-',
    }),
    dict({
      'data_element': None,
      'description': 'Berechnungsformel',
      'direction': 'NB an MSB / LF',
      'format_version': 'FV2310',
      'id_path': 'SG2>SG5>IDE>',
      'line_ahb_status': 'Muss',
      'line_name': 'Vorgang',
      'path': 'MP-ID Absender > Vorgang > Vorgang',
      'pruefidentifikator': '25001',
      'qualifier': None,
      'segment_code': 'IDE',
      'segmentgroup_key': 'SG5',
      'sort_path': '00003-00003-00000-',
    }),
    dict({
      'data_element': 'D_7495',
      'description': 'Berechnungsformel',
      'direction': 'NB an MSB / LF',
      'format_version': 'FV2310',
      'id_path': 'SG2>SG5>IDE>D_7495>24>',
      'line_ahb_status': 'X',
      'line_name': 'Transaktion',
      'path': 'MP-ID Absender > Vorgang > Vorgang > Objekt, Qualifier > Transaktion',
      'pruefidentifikator': '25001',
      'qualifier': '24',
      'segment_code': 'IDE',
      'segmentgroup_key': 'SG5',
      'sort_path': '00003-00003-00000-00000-00000-',
    }),
    dict({
      'data_element': 'D_7402',
      'description': 'Berechnungsformel',
      'direction': 'NB an MSB / LF',
      'format_version': 'FV2310',
      'id_path': 'SG2>SG5>IDE>C_C206>D_7402>',
      'line_ahb_status': 'X',
      'line_name': 'Vorgangsnummer',
      'path': 'MP-ID Absender > Vorgang > Vorgang > Identifikationsnummer > Vorgangsnummer',
      'pruefidentifikator': '25001',
      'qualifier': None,
      'segment_code': 'IDE',
      'segmentgroup_key': 'SG5',
      'sort_path': '00003-00003-00000-00001-00000-',
    }),
    dict({
      'data_element': None,
      'description': 'Berechnungsformel',
      'direction': 'NB an MSB / LF',
      'format_version': 'FV2310',
      'id_path': 'SG2>SG5>LOC>',
      'line_ahb_status': 'Muss',
      'line_name': 'Meldepunkt',
      'path': 'MP-ID Absender > Vorgang > Meldepunkt',
      'pruefidentifikator': '25001',
      'qualifier': None,
      'segment_code': 'LOC',
      'segmentgroup_key': 'SG5',
      'sort_path': '00003-00003-00001-',
    }),
    dict({
      'data_element': 'D_3227',
      'description': 'Berechnungsformel',
      'direction': 'NB an MSB / LF',
      'format_version': 'FV2310',
      'id_path': 'SG2>SG5>LOC>D_3227>172>',
      'line_ahb_status': 'X',
      'line_name': 'Meldepunkt',
      'path': 'MP-ID Absender > Vorgang > Meldepunkt > Ortsangabe, Qualifier > Meldepunkt',
      'pruefidentifikator': '25001',
      'qualifier': '172',
      'segment_code': 'LOC',
      'segmentgroup_key': 'SG5',
      'sort_path': '00003-00003-00001-00000-00000-',
    }),
    dict({
      'data_element': 'D_3225',
      'description': 'Berechnungsformel',
      'direction': 'NB an MSB / LF',
      'format_version': 'FV2310',
      'id_path': 'SG2>SG5>LOC>C_C517>D_3225>',
      'line_ahb_status': 'X [950] [501] ⊻ [960] [529]',
      'line_name': 'Identifikator',
      'path': 'MP-ID Absender > Vorgang > Meldepunkt > Ortsangabe > Identifikator',
      'pruefidentifikator': '25001',
      'qualifier': None,
      'segment_code': 'LOC',
      'segmentgroup_key': 'SG5',
      'sort_path': '00003-00003-00001-00001-00000-',
    }),
    dict({
      'data_element': None,
      'description': 'Berechnungsformel',
      'direction': 'NB an MSB / LF',
      'format_version': 'FV2310',
      'id_path': 'SG2>SG5>DTM>',
      'line_ahb_status': 'Muss',
      'line_name': 'Gültig ab',
      'path': 'MP-ID Absender > Vorgang > Gültig ab',
      'pruefidentifikator': '25001',
      'qualifier': None,
      'segment_code': 'DTM',
      'segmentgroup_key': 'SG5',
      'sort_path': '00003-00003-00002-',
    }),
    dict({
      'data_element': 'D_2005',
      'description': 'Berechnungsformel',
      'direction': 'NB an MSB / LF',
      'format_version': 'FV2310',
      'id_path': 'SG2>SG5>DTM>C_C507>D_2005>157>',
      'line_ahb_status': 'X',
      'line_name': 'Gültigkeit, Beginndatum',
      'path': 'MP-ID Absender > Vorgang > Gültig ab > Datum/Uhrzeit/Zeitspanne > Datums- oder Uhrzeit- oder Zeitspannen-Funktion, Qualifier > Gültigkeit, Beginndatum',
      'pruefidentifikator': '25001',
      'qualifier': '157',
      'segment_code': 'DTM',
      'segmentgroup_key': 'SG5',
      'sort_path': '00003-00003-00002-00000-00000-00000-',
    }),
    dict({
      'data_element': 'D_2380',
      'description': 'Berechnungsformel',
      'direction': 'NB an MSB / LF',
      'format_version': 'FV2310',
      'id_path': 'SG2>SG5>DTM>C_C507>D_2380>',
      'line_ahb_status': 'X [931] [500] ∧ [UB1]',
      'line_name': 'Datum oder Uhrzeit oder Zeitspanne, Wert',
      'path': 'MP-ID Absender > Vorgang > Gültig ab > Datum/Uhrzeit/Zeitspanne > Datum oder Uhrzeit oder Zeitspanne, Wert',
      'pruefidentifikator': '25001',
      'qualifier': None,
      'segment_code': 'DTM',
      'segmentgroup_key': 'SG5',
      'sort_path': '00003-00003-00002-00000-00001-',
    }),
    dict({
      'data_element': 'D_2379',
      'description': 'Berechnungsformel',
      'direction': 'NB an MSB / LF',
      'format_version': 'FV2310',
      'id_path': 'SG2>SG5>DTM>C_C507>D_2379>303>',
      'line_ahb_status': 'X',
      'line_name': 'CCYYMMDDHHMMZZZ',
      'path': 'MP-ID Absender > Vorgang > Gültig ab > Datum/Uhrzeit/Zeitspanne > Datums- oder Uhrzeit- oder Zeitspannen-Format, Code > CCYYMMDDHHMMZZZ',
      'pruefidentifikator': '25001',
      'qualifier': '303',
      'segment_code': 'DTM',
      'segmentgroup_key': 'SG5',
      'sort_path': '00003-00003-00002-00000-00002-00000-',
    }),
    dict({
      'data_element': None,
      'description': 'Berechnungsformel',
      'direction': 'NB an MSB / LF',
      'format_version': 'FV2310',
      'id_path': 'SG2>SG5>STS>',
      'line_ahb_status': 'Muss',
      'line_name': 'Status der Berechnungsformel',
      'path': 'MP-ID Absender > Vorgang > Status der Berechnungsformel',
      'pruefidentifikator': '25001',
      'qualifier': None,
      'segment_code': 'STS',
      'segmentgroup_key': 'SG5',
      'sort_path': '00003-00003-00003-',
    }),
    dict({
      'data_element': 'D_9015',
      'description': 'Berechnungsformel',
      'direction': 'NB an MSB / LF',
      'format_version': 'FV2310',
      'id_path': 'SG2>SG5>STS>C_C601>D_9015>Z23>',
      'line_ahb_status': 'X',
      'line_name': 'Status der Berechnungsformel',
      'path': 'MP-ID Absender > Vorgang > Status der Berechnungsformel > Statuskategorie > Statuskategorie, Code > Status der Berechnungsformel',
      'pruefidentifikator': '25001',
      'qualifier': 'Z23',
      'segment_code': 'STS',
      'segmentgroup_key': 'SG5',
      'sort_path': '00003-00003-00003-00000-00000-00000-',
    }),
    dict({
      'data_element': 'D_4405',
      'description': 'Berechnungsformel',
      'direction': 'NB an MSB / LF',
      'format_version': 'FV2310',
      'id_path': 'SG2>SG5>STS>C_C555>D_4405>Z33>',
      'line_ahb_status': 'X',
      'line_name': 'Berechnungsformel angefügt',
      'path': 'MP-ID Absender > Vorgang > Status der Berechnungsformel > Status > Status, Code > Berechnungsformel angefügt',
      'pruefidentifikator': '25001',
      'qualifier': 'Z33',
      'segment_code': 'STS',
      'segmentgroup_key': 'SG5',
      'sort_path': '00003-00003-00003-00001-00000-00000-',
    }),
    dict({
      'data_element': 'D_4405',
      'description': 'Berechnungsformel',
      'direction': 'NB an MSB / LF',
      'format_version': 'FV2310',
      'id_path': 'SG2>SG5>STS>C_C555>D_4405>Z34>',
      'line_ahb_status': 'X',
      'line_name': 'Berechnungsformel muss beim Absender angefragt werden',
      'path': 'MP-ID Absender > Vorgang > Status der Berechnungsformel > Status > Status, Code > Berechnungsformel muss beim Absender angefragt werden',
      'pruefidentifikator': '25001',
      'qualifier': 'Z34',
      'segment_code': 'STS',
      'segmentgroup_key': 'SG5',
      'sort_path': '00003-00003-00003-00001-00000-00001-',
    }),
    dict({
      'data_element': 'D_4405',
      'description': 'Berechnungsformel',
      'direction': 'NB an MSB / LF',
      'format_version': 'FV2310',
      'id_path': 'SG2>SG5>STS>C_C555>D_4405>Z40>',
      'line_ahb_status': 'X',
      'line_name': 'Berechnungsformel besitzt keine Rechenoperation',
      'path': 'MP-ID Absender > Vorgang > Status der Berechnungsformel > Status > Status, Code > Berechnungsformel besitzt keine Rechenoperation',
      'pruefidentifikator': '25001',
      'qualifier': 'Z40',
      'segment_code': 'STS',
      'segmentgroup_key': 'SG5',
      'sort_path': '00003-00003-00003-00001-00000-00002-',
    }),
    dict({
      'data_element': 'D_4405',
      'description': 'Berechnungsformel',
      'direction': 'NB an MSB / LF',
      'format_version': 'FV2310',
      'id_path': 'SG2>SG5>STS>C_C555>D_4405>Z41>',
      'line_ahb_status': 'X [18]',
      'line_name': 'Berechnungsformel nicht erforderlich',
      'path': 'MP-ID Absender > Vorgang > Status der Berechnungsformel > Status > Status, Code > Berechnungsformel nicht erforderlich',
      'pruefidentifikator': '25001',
      'qualifier': 'Z41',
      'segment_code': 'STS',
      'segmentgroup_key': 'SG5',
      'sort_path': '00003-00003-00003-00001-00000-00003-',
    }),
    dict({
      'data_element': None,
      'description': 'Berechnungsformel',
      'direction': 'NB an MSB / LF',
      'format_version': 'FV2310',
      'id_path': 'SG2>SG5>SG6>',
      'line_ahb_status': 'Muss',
      'line_name': 'Prüfidentifikator',
      'path': 'MP-ID Absender > Vorgang > Prüfidentifikator',
      'pruefidentifikator': '25001',
      'qualifier': None,
      'segment_code': None,
      'segmentgroup_key': 'SG6',
      'sort_path': '00003-00003-00004-',
    }),
    dict({
      'data_element': None,
      'description': 'Berechnungsformel',
      'direction': 'NB an MSB / LF',
      'format_version': 'FV2310',
      'id_path': 'SG2>SG5>SG6>RFF>',
      'line_ahb_status': 'Muss',
      'line_name': 'Prüfidentifikator',
      'path': 'MP-ID Absender > Vorgang > Prüfidentifikator > Prüfidentifikator',
      'pruefidentifikator': '25001',
      'qualifier': None,
      'segment_code': 'RFF',
      'segmentgroup_key': 'SG6',
      'sort_path': '00003-00003-00004-00000-',
    }),
    dict({
      'data_element': 'D_1153',
      'description': 'Berechnungsformel',
      'direction': 'NB an MSB / LF',
      'format_version': 'FV2310',
      'id_path': 'SG2>SG5>SG6>RFF>C_C506>D_1153>Z13>',
      'line_ahb_status': 'X',
      'line_name': 'Prüfidentifikator',
      'path': 'MP-ID Absender > Vorgang > Prüfidentifikator > Prüfidentifikator > Referenz > Referenz, Qualifier > Prüfidentifikator',
      'pruefidentifikator': '25001',
      'qualifier': 'Z13',
      'segment_code': 'RFF',
      'segmentgroup_key': 'SG6',
      'sort_path': '00003-00003-00004-00000-00000-00000-00000-',
    }),
    dict({
      'data_element': 'D_1154',
      'description': 'Berechnungsformel',
      'direction': 'NB an MSB / LF',
      'format_version': 'FV2310',
      'id_path': 'SG2>SG5>SG6>RFF>C_C506>D_1154>25001>',
      'line_ahb_status': 'X',
      'line_name': 'Berechnungsformel',
      'path': 'MP-ID Absender > Vorgang > Prüfidentifikator > Prüfidentifikator > Referenz > Referenz, Identifikation > Berechnungsformel',
      'pruefidentifikator': '25001',
      'qualifier': '25001',
      'segment_code': 'RFF',
      'segmentgroup_key': 'SG6',
      'sort_path': '00003-00003-00004-00000-00000-00001-00000-',
    }),
    dict({
      'data_element': None,
      'description': 'Berechnungsformel',
      'direction': 'NB an MSB / LF',
      'format_version': 'FV2310',
      'id_path': 'SG2>SG5>SG7>',
      'line_ahb_status': 'Muss [51]',
      'line_name': 'Lieferrichtung',
      'path': 'MP-ID Absender > Vorgang > Lieferrichtung',
      'pruefidentifikator': '25001',
      'qualifier': None,
      'segment_code': None,
      'segmentgroup_key': 'SG7',
      'sort_path': '00003-00003-00005-',
    }),
    dict({
      'data_element': None,
      'description': 'Berechnungsformel',
      'direction': 'NB an MSB / LF',
      'format_version': 'FV2310',
      'id_path': 'SG2>SG5>SG7>CCI>',
      'line_ahb_status': 'Muss',
      'line_name': 'Lieferrichtung',
      'path': 'MP-ID Absender > Vorgang > Lieferrichtung > Lieferrichtung',
      'pruefidentifikator': '25001',
      'qualifier': None,
      'segment_code': 'CCI',
      'segmentgroup_key': 'SG7',
      'sort_path': '00003-00003-00005-00000-',
    }),
    dict({
      'data_element': 'D_7059',
      'description': 'Berechnungsformel',
      'direction': 'NB an MSB / LF',
      'format_version': 'FV2310',
      'id_path': 'SG2>SG5>SG7>CCI>D_7059>Z30>',
      'line_ahb_status': 'X',
      'line_name': 'Lieferrichtung',
      'path': 'MP-ID Absender > Vorgang > Lieferrichtung > Lieferrichtung > Klassentyp, Code > Lieferrichtung',
      'pruefidentifikator': '25001',
      'qualifier': 'Z30',
      'segment_code': 'CCI',
      'segmentgroup_key': 'SG7',
      'sort_path': '00003-00003-00005-00000-00000-00000-',
    }),
    dict({
      'data_element': 'D_7037',
      'description': 'Berechnungsformel',
      'direction': 'NB an MSB / LF',
      'format_version': 'FV2310',
      'id_path': 'SG2>SG5>SG7>CCI>C_C240>D_7037>Z06>',
      'line_ahb_status': 'X',
      'line_name': 'Erzeugung',
      'path': 'MP-ID Absender > Vorgang > Lieferrichtung > Lieferrichtung > Merkmalsbeschreibung > Merkmal, Code > Erzeugung',
      'pruefidentifikator': '25001',
      'qualifier': 'Z06',
      'segment_code': 'CCI',
      'segmentgroup_key': 'SG7',
      'sort_path': '00003-00003-00005-00000-00001-00000-00000-',
    }),
    dict({
      'data_element': 'D_7037',
      'description': 'Berechnungsformel',
      'direction': 'NB an MSB / LF',
      'format_version': 'FV2310',
      'id_path': 'SG2>SG5>SG7>CCI>C_C240>D_7037>Z07>',
      'line_ahb_status': 'X',
      'line_name': 'Verbrauch',
      'path': 'MP-ID Absender > Vorgang > Lieferrichtung > Lieferrichtung > Merkmalsbeschreibung > Merkmal, Code > Verbrauch',
      'pruefidentifikator': '25001',
      'qualifier': 'Z07',
      'segment_code': 'CCI',
      'segmentgroup_key': 'SG7',
      'sort_path': '00003-00003-00005-00000-00001-00000-00001-',
    }),
    dict({
      'data_element': None,
      'description': 'Berechnungsformel',
      'direction': 'NB an MSB / LF',
      'format_version': 'FV2310',
      'id_path': 'SG2>SG5>SG8>',
      'line_ahb_status': 'Muss [3]',
      'line_name': 'Energiemenge der Markt- bzw. Netzlokation',
      'path': 'MP-ID Absender > Vorgang > Energiemenge der Markt- bzw. Netzlokation',
      'pruefidentifikator': '25001',
      'qualifier': None,
      'segment_code': None,
      'segmentgroup_key': 'SG8',
      'sort_path': '00003-00003-00006-',
    }),
    dict({
      'data_element': None,
      'description': 'Berechnungsformel',
      'direction': 'NB an MSB / LF',
      'format_version': 'FV2310',
      'id_path': 'SG2>SG5>SG8>SEQ>',
      'line_ahb_status': 'Muss',
      'line_name': 'Energiemenge der Markt- bzw. Netzlokation',
      'path': 'MP-ID Absender > Vorgang > Energiemenge der Markt- bzw. Netzlokation > Energiemenge der Markt- bzw. Netzlokation',
      'pruefidentifikator': '25001',
      'qualifier': None,
      'segment_code': 'SEQ',
      'segmentgroup_key': 'SG8',
      'sort_path': '00003-00003-00006-00000-',
    }),
    dict({
      'data_element': 'D_1229',
      'description': 'Berechnungsformel',
      'direction': 'NB an MSB / LF',
      'format_version': 'FV2310',
      'id_path': 'SG2>SG5>SG8>SEQ>D_1229>Z36>',
      'line_ahb_status': 'X',
      'line_name': 'Energiemenge der Markt- bzw. Netzlokation',
      'path': 'MP-ID Absender > Vorgang > Energiemenge der Markt- bzw. Netzlokation > Energiemenge der Markt- bzw. Netzlokation > Handlung, Code > Energiemenge der Markt- bzw. Netzlokation',
      'pruefidentifikator': '25001',
      'qualifier': 'Z36',
      'segment_code': 'SEQ',
      'segmentgroup_key': 'SG8',
      'sort_path': '00003-00003-00006-00000-00000-00000-',
    }),
    dict({
      'data_element': None,
      'description': 'Berechnungsformel',
      'direction': 'NB an MSB / LF',
      'format_version': 'FV2310',
      'id_path': 'SG2>SG5>SG8>RFF>',
      'line_ahb_status': 'Muss',
      'line_name': 'Referenz auf einen Rechenschritt',
      'path': 'MP-ID Absender > Vorgang > Energiemenge der Markt- bzw. Netzlokation > Referenz auf einen Rechenschritt',
      'pruefidentifikator': '25001',
      'qualifier': None,
      'segment_code': 'RFF',
      'segmentgroup_key': 'SG8',
      'sort_path': '00003-00003-00006-00001-',
    }),
    dict({
      'data_element': 'D_1153',
      'description': 'Berechnungsformel',
      'direction': 'NB an MSB / LF',
      'format_version': 'FV2310',
      'id_path': 'SG2>SG5>SG8>RFF>C_C506>D_1153>Z23>',
      'line_ahb_status': 'X',
      'line_name': 'Rechenschritt',
      'path': 'MP-ID Absender > Vorgang > Energiemenge der Markt- bzw. Netzlokation > Referenz auf einen Rechenschritt > Referenz > Referenz, Qualifier > Rechenschritt',
      'pruefidentifikator': '25001',
      'qualifier': 'Z23',
      'segment_code': 'RFF',
      'segmentgroup_key': 'SG8',
      'sort_path': '00003-00003-00006-00001-00000-00000-00000-',
    }),
    dict({
      'data_element': 'D_1154',
      'description': 'Berechnungsformel',
      'direction': 'NB an MSB / LF',
      'format_version': 'FV2310',
      'id_path': 'SG2>SG5>SG8>RFF>C_C506>D_1154>',
      'line_ahb_status': 'X [913] [8]',
      'line_name': 'Rechenschrittidentifikator',
      'path': 'MP-ID Absender > Vorgang > Energiemenge der Markt- bzw. Netzlokation > Referenz auf einen Rechenschritt > Referenz > Rechenschrittidentifikator',
      'pruefidentifikator': '25001',
      'qualifier': None,
      'segment_code': 'RFF',
      'segmentgroup_key': 'SG8',
      'sort_path': '00003-00003-00006-00001-00000-00001-',
    }),
    dict({
      'data_element': None,
      'description': 'Berechnungsformel',
      'direction': 'NB an MSB / LF',
      'format_version': 'FV2310',
      'id_path': 'SG2>SG5>SG8>',
      'line_ahb_status': 'Muss [3]',
      'line_name': 'Bestandteil des Rechenschritts',
      'path': 'MP-ID Absender > Vorgang > Bestandteil des Rechenschritts',
      'pruefidentifikator': '25001',
      'qualifier': None,
      'segment_code': None,
      'segmentgroup_key': 'SG8',
      'sort_path': '00003-00003-00007-',
    }),
    dict({
      'data_element': None,
      'description': 'Berechnungsformel',
      'direction': 'NB an MSB / LF',
      'format_version': 'FV2310',
      'id_path': 'SG2>SG5>SG8>SEQ>',
      'line_ahb_status': 'Muss',
      'line_name': 'Bestandteil des Rechenschritts',
      'path': 'MP-ID Absender > Vorgang > Bestandteil des Rechenschritts > Bestandteil des Rechenschritts',
      'pruefidentifikator': '25001',
      'qualifier': None,
      'segment_code': 'SEQ',
      'segmentgroup_key': 'SG8',
      'sort_path': '00003-00003-00007-00000-',
    }),
    dict({
      'data_element': 'D_1229',
      'description': 'Berechnungsformel',
      'direction': 'NB an MSB / LF',
      'format_version': 'FV2310',
      'id_path': 'SG2>SG5>SG8>SEQ>D_1229>Z37>',
      'line_ahb_status': 'X',
      'line_name': 'Bestandteil des Rechenschritts',
      'path': 'MP-ID Absender > Vorgang > Bestandteil des Rechenschritts > Bestandteil des Rechenschritts > Handlung, Code > Bestandteil des Rechenschritts',
      'pruefidentifikator': '25001',
      'qualifier': 'Z37',
      'segment_code': 'SEQ',
      'segmentgroup_key': 'SG8',
      'sort_path': '00003-00003-00007-00000-00000-00000-',
    }),
    dict({
      'data_element': 'D_1050',
      'description': 'Berechnungsformel',
      'direction': 'NB an MSB / LF',
      'format_version': 'FV2310',
      'id_path': 'SG2>SG5>SG8>SEQ>C_C286>D_1050>',
      'line_ahb_status': 'X [913]',
      'line_name': 'Rechenschrittidentifikator',
      'path': 'MP-ID Absender > Vorgang > Bestandteil des Rechenschritts > Bestandteil des Rechenschritts > Information über eine Folge > Rechenschrittidentifikator',
      'pruefidentifikator': '25001',
      'qualifier': None,
      'segment_code': 'SEQ',
      'segmentgroup_key': 'SG8',
      'sort_path': '00003-00003-00007-00000-00001-00000-',
    }),
    dict({
      'data_element': None,
      'description': 'Berechnungsformel',
      'direction': 'NB an MSB / LF',
      'format_version': 'FV2310',
      'id_path': 'SG2>SG5>SG8>RFF>',
      'line_ahb_status': 'Muss [6]',
      'line_name': 'Referenz auf die ID einer Messlokation',
      'path': 'MP-ID Absender > Vorgang > Bestandteil des Rechenschritts > Referenz auf die ID einer Messlokation',
      'pruefidentifikator': '25001',
      'qualifier': None,
      'segment_code': 'RFF',
      'segmentgroup_key': 'SG8',
      'sort_path': '00003-00003-00007-00001-',
    }),
    dict({
      'data_element': 'D_1153',
      'description': 'Berechnungsformel',
      'direction': 'NB an MSB / LF',
      'format_version': 'FV2310',
      'id_path': 'SG2>SG5>SG8>RFF>C_C506>D_1153>Z19>',
      'line_ahb_status': 'X',
      'line_name': 'Messlokation',
      'path': 'MP-ID Absender > Vorgang > Bestandteil des Rechenschritts > Referenz auf die ID einer Messlokation > Referenz > Referenz, Qualifier > Messlokation',
      'pruefidentifikator': '25001',
      'qualifier': 'Z19',
      'segment_code': 'RFF',
      'segmentgroup_key': 'SG8',
      'sort_path': '00003-00003-00007-00001-00000-00000-00000-',
    }),
    dict({
      'data_element': 'D_1154',
      'description': 'Berechnungsformel',
      'direction': 'NB an MSB / LF',
      'format_version': 'FV2310',
      'id_path': 'SG2>SG5>SG8>RFF>C_C506>D_1154>',
      'line_ahb_status': 'X [951] [502]',
      'line_name': 'ID einer Messlokation',
      'path': 'MP-ID Absender > Vorgang > Bestandteil des Rechenschritts > Referenz auf die ID einer Messlokation > Referenz > ID einer Messlokation',
      'pruefidentifikator': '25001',
      'qualifier': None,
      'segment_code': 'RFF',
      'segmentgroup_key': 'SG8',
      'sort_path': '00003-00003-00007-00001-00000-00001-',
    }),
    dict({
      'data_element': None,
      'description': 'Berechnungsformel',
      'direction': 'NB an MSB / LF',
      'format_version': 'FV2310',
      'id_path': 'SG2>SG5>SG8>RFF>',
      'line_ahb_status': 'Muss [5]',
      'line_name': 'Referenz auf einen Rechenschritt',
      'path': 'MP-ID Absender > Vorgang > Bestandteil des Rechenschritts > Referenz auf einen Rechenschritt',
      'pruefidentifikator': '25001',
      'qualifier': None,
      'segment_code': 'RFF',
      'segmentgroup_key': 'SG8',
      'sort_path': '00003-00003-00007-00002-',
    }),
    dict({
      'data_element': 'D_1153',
      'description': 'Berechnungsformel',
      'direction': 'NB an MSB / LF',
      'format_version': 'FV2310',
      'id_path': 'SG2>SG5>SG8>RFF>C_C506>D_1153>Z23>',
      'line_ahb_status': 'X',
      'line_name': 'Rechenschritt',
      'path': 'MP-ID Absender > Vorgang > Bestandteil des Rechenschritts > Referenz auf einen Rechenschritt > Referenz > Referenz, Qualifier > Rechenschritt',
      'pruefidentifikator': '25001',
      'qualifier': 'Z23',
      'segment_code': 'RFF',
      'segmentgroup_key': 'SG8',
      'sort_path': '00003-00003-00007-00002-00000-00000-00000-',
    }),
    dict({
      'data_element': 'D_1154',
      'description': 'Berechnungsformel',
      'direction': 'NB an MSB / LF',
      'format_version': 'FV2310',
      'id_path': 'SG2>SG5>SG8>RFF>C_C506>D_1154>',
      'line_ahb_status': 'X [913] [8] ∧ [9]',
      'line_name': 'Rechenschrittidentifikator',
      'path': 'MP-ID Absender > Vorgang > Bestandteil des Rechenschritts > Referenz auf einen Rechenschritt > Referenz > Rechenschrittidentifikator',
      'pruefidentifikator': '25001',
      'qualifier': None,
      'segment_code': 'RFF',
      'segmentgroup_key': 'SG8',
      'sort_path': '00003-00003-00007-00002-00000-00001-',
    }),
    dict({
      'data_element': None,
      'description': 'Berechnungsformel',
      'direction': 'NB an MSB / LF',
      'format_version': 'FV2310',
      'id_path': 'SG2>SG5>SG8>SG9>',
      'line_ahb_status': 'Muss',
      'line_name': 'Mathematischer Operator',
      'path': 'MP-ID Absender > Vorgang > Bestandteil des Rechenschritts > Mathematischer Operator',
      'pruefidentifikator': '25001',
      'qualifier': None,
      'segment_code': None,
      'segmentgroup_key': 'SG9',
      'sort_path': '00003-00003-00007-00003-',
    }),
    dict({
      'data_element': None,
      'description': 'Berechnungsformel',
      'direction': 'NB an MSB / LF',
      'format_version': 'FV2310',
      'id_path': 'SG2>SG5>SG8>SG9>CCI>',
      'line_ahb_status': 'Muss',
      'line_name': 'Mathematischer Operator',
      'path': 'MP-ID Absender > Vorgang > Bestandteil des Rechenschritts > Mathematischer Operator > Mathematischer Operator',
      'pruefidentifikator': '25001',
      'qualifier': None,
      'segment_code': 'CCI',
      'segmentgroup_key': 'SG9',
      'sort_path': '00003-00003-00007-00003-00000-',
    }),
    dict({
      'data_element': 'D_7037',
      'description': 'Berechnungsformel',
      'direction': 'NB an MSB / LF',
      'format_version': 'FV2310',
      'id_path': 'SG2>SG5>SG8>SG9>CCI>C_C240>D_7037>Z86>',
      'line_ahb_status': 'X',
      'line_name': 'Mathematischer Operator',
      'path': 'MP-ID Absender > Vorgang > Bestandteil des Rechenschritts > Mathematischer Operator > Mathematischer Operator > Merkmalsbeschreibung > Merkmal, Code > Mathematischer Operator',
      'pruefidentifikator': '25001',
      'qualifier': 'Z86',
      'segment_code': 'CCI',
      'segmentgroup_key': 'SG9',
      'sort_path': '00003-00003-00007-00003-00000-00000-00000-00000-',
    }),
    dict({
      'data_element': None,
      'description': 'Berechnungsformel',
      'direction': 'NB an MSB / LF',
      'format_version': 'FV2310',
      'id_path': 'SG2>SG5>SG8>SG9>CAV>',
      'line_ahb_status': 'Muss',
      'line_name': 'Operator / Operation',
      'path': 'MP-ID Absender > Vorgang > Bestandteil des Rechenschritts > Mathematischer Operator > Operator / Operation',
      'pruefidentifikator': '25001',
      'qualifier': None,
      'segment_code': 'CAV',
      'segmentgroup_key': 'SG9',
      'sort_path': '00003-00003-00007-00003-00001-',
    }),
    dict({
      'data_element': 'D_7111',
      'description': 'Berechnungsformel',
      'direction': 'NB an MSB / LF',
      'format_version': 'FV2310',
      'id_path': 'SG2>SG5>SG8>SG9>CAV>C_C889>D_7111>Z69>',
      'line_ahb_status': 'X [11] ⊻ [15]',
      'line_name': 'Addition',
      'path': 'MP-ID Absender > Vorgang > Bestandteil des Rechenschritts > Mathematischer Operator > Operator / Operation > Merkmalswert > Merkmalswert, Code > Addition',
      'pruefidentifikator': '25001',
      'qualifier': 'Z69',
      'segment_code': 'CAV',
      'segmentgroup_key': 'SG9',
      'sort_path': '00003-00003-00007-00003-00001-00000-00000-00000-',
    }),
    dict({
      'data_element': 'D_7111',
      'description': 'Berechnungsformel',
      'direction': 'NB an MSB / LF',
      'format_version': 'FV2310',
      'id_path': 'SG2>SG5>SG8>SG9>CAV>C_C889>D_7111>Z70>',
      'line_ahb_status': 'X [11]',
      'line_name': 'Subtraktion',
      'path': 'MP-ID Absender > Vorgang > Bestandteil des Rechenschritts > Mathematischer Operator > Operator / Operation > Merkmalswert > Merkmalswert, Code > Subtraktion',
      'pruefidentifikator': '25001',
      'qualifier': 'Z70',
      'segment_code': 'CAV',
      'segmentgroup_key': 'SG9',
      'sort_path': '00003-00003-00007-00003-00001-00000-00000-00001-',
    }),
    dict({
      'data_element': 'D_7111',
      'description': 'Berechnungsformel',
      'direction': 'NB an MSB / LF',
      'format_version': 'FV2310',
      'id_path': 'SG2>SG5>SG8>SG9>CAV>C_C889>D_7111>Z80>',
      'line_ahb_status': 'X [13]',
      'line_name': 'Divisor',
      'path': 'MP-ID Absender > Vorgang > Bestandteil des Rechenschritts > Mathematischer Operator > Operator / Operation > Merkmalswert > Merkmalswert, Code > Divisor',
      'pruefidentifikator': '25001',
      'qualifier': 'Z80',
      'segment_code': 'CAV',
      'segmentgroup_key': 'SG9',
      'sort_path': '00003-00003-00007-00003-00001-00000-00000-00002-',
    }),
    dict({
      'data_element': 'D_7111',
      'description': 'Berechnungsformel',
      'direction': 'NB an MSB / LF',
      'format_version': 'FV2310',
      'id_path': 'SG2>SG5>SG8>SG9>CAV>C_C889>D_7111>Z81>',
      'line_ahb_status': 'X [13]',
      'line_name': 'Dividend',
      'path': 'MP-ID Absender > Vorgang > Bestandteil des Rechenschritts > Mathematischer Operator > Operator / Operation > Merkmalswert > Merkmalswert, Code > Dividend',
      'pruefidentifikator': '25001',
      'qualifier': 'Z81',
      'segment_code': 'CAV',
      'segmentgroup_key': 'SG9',
      'sort_path': '00003-00003-00007-00003-00001-00000-00000-00003-',
    }),
    dict({
      'data_element': 'D_7111',
      'description': 'Berechnungsformel',
      'direction': 'NB an MSB / LF',
      'format_version': 'FV2310',
      'id_path': 'SG2>SG5>SG8>SG9>CAV>C_C889>D_7111>Z82>',
      'line_ahb_status': 'X [14]',
      'line_name': 'Faktor',
      'path': 'MP-ID Absender > Vorgang > Bestandteil des Rechenschritts > Mathematischer Operator > Operator / Operation > Merkmalswert > Merkmalswert, Code > Faktor',
      'pruefidentifikator': '25001',
      'qualifier': 'Z82',
      'segment_code': 'CAV',
      'segmentgroup_key': 'SG9',
      'sort_path': '00003-00003-00007-00003-00001-00000-00000-00004-',
    }),
    dict({
      'data_element': None,
      'description': 'Berechnungsformel',
      'direction': 'NB an MSB / LF',
      'format_version': 'FV2310',
      'id_path': 'SG2>SG5>SG8>SG9>',
      'line_ahb_status': 'Muss [7]',
      'line_name': 'Energieflussrichtung',
      'path': 'MP-ID Absender > Vorgang > Bestandteil des Rechenschritts > Energieflussrichtung',
      'pruefidentifikator': '25001',
      'qualifier': None,
      'segment_code': None,
      'segmentgroup_key': 'SG9',
      'sort_path': '00003-00003-00007-00004-',
    }),
    dict({
      'data_element': None,
      'description': 'Berechnungsformel',
      'direction': 'NB an MSB / LF',
      'format_version': 'FV2310',
      'id_path': 'SG2>SG5>SG8>SG9>CCI>',
      'line_ahb_status': 'Muss',
      'line_name': 'Energieflussrichtung',
      'path': 'MP-ID Absender > Vorgang > Bestandteil des Rechenschritts > Energieflussrichtung > Energieflussrichtung',
      'pruefidentifikator': '25001',
      'qualifier': None,
      'segment_code': 'CCI',
      'segmentgroup_key': 'SG9',
      'sort_path': '00003-00003-00007-00004-00000-',
    }),
    dict({
      'data_element': 'D_7037',
      'description': 'Berechnungsformel',
      'direction': 'NB an MSB / LF',
      'format_version': 'FV2310',
      'id_path': 'SG2>SG5>SG8>SG9>CCI>C_C240>D_7037>Z87>',
      'line_ahb_status': 'X',
      'line_name': 'Energieflussrichtung',
      'path': 'MP-ID Absender > Vorgang > Bestandteil des Rechenschritts > Energieflussrichtung > Energieflussrichtung > Merkmalsbeschreibung > Merkmal, Code > Energieflussrichtung',
      'pruefidentifikator': '25001',
      'qualifier': 'Z87',
      'segment_code': 'CCI',
      'segmentgroup_key': 'SG9',
      'sort_path': '00003-00003-00007-00004-00000-00000-00000-00000-',
    }),
    dict({
      'data_element': None,
      'description': 'Berechnungsformel',
      'direction': 'NB an MSB / LF',
      'format_version': 'FV2310',
      'id_path': 'SG2>SG5>SG8>SG9>CAV>',
      'line_ahb_status': 'Muss',
      'line_name': 'Energieflussrichtung',
      'path': 'MP-ID Absender > Vorgang > Bestandteil des Rechenschritts > Energieflussrichtung > Energieflussrichtung',
      'pruefidentifikator': '25001',
      'qualifier': None,
      'segment_code': 'CAV',
      'segmentgroup_key': 'SG9',
      'sort_path': '00003-00003-00007-00004-00001-',
    }),
    dict({
      'data_element': 'D_7111',
      'description': 'Berechnungsformel',
      'direction': 'NB an MSB / LF',
      'format_version': 'FV2310',
      'id_path': 'SG2>SG5>SG8>SG9>CAV>C_C889>D_7111>Z71>',
      'line_ahb_status': 'X',
      'line_name': 'Verbrauch',
      'path': 'MP-ID Absender > Vorgang > Bestandteil des Rechenschritts > Energieflussrichtung > Energieflussrichtung > Merkmalswert > Merkmalswert, Code > Verbrauch',
      'pruefidentifikator': '25001',
      'qualifier': 'Z71',
      'segment_code': 'CAV',
      'segmentgroup_key': 'SG9',
      'sort_path': '00003-00003-00007-00004-00001-00000-00000-00000-',
    }),
    dict({
      'data_element': 'D_7111',
      'description': 'Berechnungsformel',
      'direction': 'NB an MSB / LF',
      'format_version': 'FV2310',
      'id_path': 'SG2>SG5>SG8>SG9>CAV>C_C889>D_7111>Z72>',
      'line_ahb_status': 'X',
      'line_name': 'Erzeugung',
      'path': 'MP-ID Absender > Vorgang > Bestandteil des Rechenschritts > Energieflussrichtung > Energieflussrichtung > Merkmalswert > Merkmalswert, Code > Erzeugung',
      'pruefidentifikator': '25001',
      'qualifier': 'Z72',
      'segment_code': 'CAV',
      'segmentgroup_key': 'SG9',
      'sort_path': '00003-00003-00007-00004-00001-00000-00000-00001-',
    }),
    dict({
      'data_element': None,
      'description': 'Berechnungsformel',
      'direction': 'NB an MSB / LF',
      'format_version': 'FV2310',
      'id_path': 'SG2>SG5>SG8>SG9>',
      'line_ahb_status': 'Soll [10] ∧ [7]',
      'line_name': 'Verlustfaktor Trafo',
      'path': 'MP-ID Absender > Vorgang > Bestandteil des Rechenschritts > Verlustfaktor Trafo',
      'pruefidentifikator': '25001',
      'qualifier': None,
      'segment_code': None,
      'segmentgroup_key': 'SG9',
      'sort_path': '00003-00003-00007-00005-',
    }),
    dict({
      'data_element': None,
      'description': 'Berechnungsformel',
      'direction': 'NB an MSB / LF',
      'format_version': 'FV2310',
      'id_path': 'SG2>SG5>SG8>SG9>CCI>',
      'line_ahb_status': 'Muss',
      'line_name': 'Verlustfaktor Trafo',
      'path': 'MP-ID Absender > Vorgang > Bestandteil des Rechenschritts > Verlustfaktor Trafo > Verlustfaktor Trafo',
      'pruefidentifikator': '25001',
      'qualifier': None,
      'segment_code': 'CCI',
      'segmentgroup_key': 'SG9',
      'sort_path': '00003-00003-00007-00005-00000-',
    }),
    dict({
      'data_element': 'D_7037',
      'description': 'Berechnungsformel',
      'direction': 'NB an MSB / LF',
      'format_version': 'FV2310',
      'id_path': 'SG2>SG5>SG8>SG9>CCI>C_C240>D_7037>Z16>',
      'line_ahb_status': 'X',
      'line_name': 'Verlustfaktor Trafo',
      'path': 'MP-ID Absender > Vorgang > Bestandteil des Rechenschritts > Verlustfaktor Trafo > Verlustfaktor Trafo > Merkmalsbeschreibung > Merkmal, Code > Verlustfaktor Trafo',
      'pruefidentifikator': '25001',
      'qualifier': 'Z16',
      'segment_code': 'CCI',
      'segmentgroup_key': 'SG9',
      'sort_path': '00003-00003-00007-00005-00000-00000-00000-00000-',
    }),
    dict({
      'data_element': None,
      'description': 'Berechnungsformel',
      'direction': 'NB an MSB / LF',
      'format_version': 'FV2310',
      'id_path': 'SG2>SG5>SG8>SG9>CAV>',
      'line_ahb_status': 'Muss',
      'line_name': 'Verlustfaktor Trafo',
      'path': 'MP-ID Absender > Vorgang > Bestandteil des Rechenschritts > Verlustfaktor Trafo > Verlustfaktor Trafo',
      'pruefidentifikator': '25001',
      'qualifier': None,
      'segment_code': 'CAV',
      'segmentgroup_key': 'SG9',
      'sort_path': '00003-00003-00007-00005-00001-',
    }),
    dict({
      'data_element': 'D_7111',
      'description': 'Berechnungsformel',
      'direction': 'NB an MSB / LF',
      'format_version': 'FV2310',
      'id_path': 'SG2>SG5>SG8>SG9>CAV>C_C889>D_7111>Z28>',
      'line_ahb_status': 'X',
      'line_name': 'Verlustfaktor',
      'path': 'MP-ID Absender > Vorgang > Bestandteil des Rechenschritts > Verlustfaktor Trafo > Verlustfaktor Trafo > Merkmalswert > Merkmalswert, Code > Verlustfaktor',
      'pruefidentifikator': '25001',
      'qualifier': 'Z28',
      'segment_code': 'CAV',
      'segmentgroup_key': 'SG9',
      'sort_path': '00003-00003-00007-00005-00001-00000-00000-00000-',
    }),
    dict({
      'data_element': 'D_7110',
      'description': 'Berechnungsformel',
      'direction': 'NB an MSB / LF',
      'format_version': 'FV2310',
      'id_path': 'SG2>SG5>SG8>SG9>CAV>C_C889>D_7110>',
      'line_ahb_status': 'X [912] ∧ [914] ∧ [915]',
      'line_name': 'Verlustfaktor Trafo',
      'path': 'MP-ID Absender > Vorgang > Bestandteil des Rechenschritts > Verlustfaktor Trafo > Verlustfaktor Trafo > Merkmalswert > Verlustfaktor Trafo',
      'pruefidentifikator': '25001',
      'qualifier': None,
      'segment_code': 'CAV',
      'segmentgroup_key': 'SG9',
      'sort_path': '00003-00003-00007-00005-00001-00000-00001-',
    }),
    dict({
      'data_element': None,
      'description': 'Berechnungsformel',
      'direction': 'NB an MSB / LF',
      'format_version': 'FV2310',
      'id_path': 'SG2>SG5>SG8>SG9>',
      'line_ahb_status': 'Soll [10] ∧ [7]',
      'line_name': 'Verlustfaktor Leitung',
      'path': 'MP-ID Absender > Vorgang > Bestandteil des Rechenschritts > Verlustfaktor Leitung',
      'pruefidentifikator': '25001',
      'qualifier': None,
      'segment_code': None,
      'segmentgroup_key': 'SG9',
      'sort_path': '00003-00003-00007-00006-',
    }),
    dict({
      'data_element': None,
      'description': 'Berechnungsformel',
      'direction': 'NB an MSB / LF',
      'format_version': 'FV2310',
      'id_path': 'SG2>SG5>SG8>SG9>CCI>',
      'line_ahb_status': 'Muss',
      'line_name': 'Verlustfaktor Leitung',
      'path': 'MP-ID Absender > Vorgang > Bestandteil des Rechenschritts > Verlustfaktor Leitung > Verlustfaktor Leitung',
      'pruefidentifikator': '25001',
      'qualifier': None,
      'segment_code': 'CCI',
      'segmentgroup_key': 'SG9',
      'sort_path': '00003-00003-00007-00006-00000-',
    }),
    dict({
      'data_element': 'D_7037',
      'description': 'Berechnungsformel',
      'direction': 'NB an MSB / LF',
      'format_version': 'FV2310',
      'id_path': 'SG2>SG5>SG8>SG9>CCI>C_C240>D_7037>ZB2>',
      'line_ahb_status': 'X',
      'line_name': 'Verlustfaktor Leitung',
      'path': 'MP-ID Absender > Vorgang > Bestandteil des Rechenschritts > Verlustfaktor Leitung > Verlustfaktor Leitung > Merkmalsbeschreibung > Merkmal, Code > Verlustfaktor Leitung',
      'pruefidentifikator': '25001',
      'qualifier': 'ZB2',
      'segment_code': 'CCI',
      'segmentgroup_key': 'SG9',
      'sort_path': '00003-00003-00007-00006-00000-00000-00000-00000-',
    }),
    dict({
      'data_element': None,
      'description': 'Berechnungsformel',
      'direction': 'NB an MSB / LF',
      'format_version': 'FV2310',
      'id_path': 'SG2>SG5>SG8>SG9>CAV>',
      'line_ahb_status': 'Muss',
      'line_name': 'Verlustfaktor Leitung',
      'path': 'MP-ID Absender > Vorgang > Bestandteil des Rechenschritts > Verlustfaktor Leitung > Verlustfaktor Leitung',
      'pruefidentifikator': '25001',
      'qualifier': None,
      'segment_code': 'CAV',
      'segmentgroup_key': 'SG9',
      'sort_path': '00003-00003-00007-00006-00001-',
    }),
    dict({
      'data_element': 'D_7111',
      'description': 'Berechnungsformel',
      'direction': 'NB an MSB / LF',
      'format_version': 'FV2310',
      'id_path': 'SG2>SG5>SG8>SG9>CAV>C_C889>D_7111>Z28>',
      'line_ahb_status': 'X',
      'line_name': 'Verlustfaktor',
      'path': 'MP-ID Absender > Vorgang > Bestandteil des Rechenschritts > Verlustfaktor Leitung > Verlustfaktor Leitung > Merkmalswert > Merkmalswert, Code > Verlustfaktor',
      'pruefidentifikator': '25001',
      'qualifier': 'Z28',
      'segment_code': 'CAV',
      'segmentgroup_key': 'SG9',
      'sort_path': '00003-00003-00007-00006-00001-00000-00000-00000-',
    }),
    dict({
      'data_element': 'D_7110',
      'description': 'Berechnungsformel',
      'direction': 'NB an MSB / LF',
      'format_version': 'FV2310',
      'id_path': 'SG2>SG5>SG8>SG9>CAV>C_C889>D_7110>',
      'line_ahb_status': 'X [912] ∧ [914] ∧ [915]',
      'line_name': 'Verlustfaktor Leitung',
      'path': 'MP-ID Absender > Vorgang > Bestandteil des Rechenschritts > Verlustfaktor Leitung > Verlustfaktor Leitung > Merkmalswert > Verlustfaktor Leitung',
      'pruefidentifikator': '25001',
      'qualifier': None,
      'segment_code': 'CAV',
      'segmentgroup_key': 'SG9',
      'sort_path': '00003-00003-00007-00006-00001-00000-00001-',
    }),
    dict({
      'data_element': None,
      'description': 'Berechnungsformel',
      'direction': 'NB an MSB / LF',
      'format_version': 'FV2310',
      'id_path': 'SG2>SG5>SG8>SG9>',
      'line_ahb_status': 'Soll [10] ∧ [7]',
      'line_name': 'Aufteilungsfaktor Energiemenge',
      'path': 'MP-ID Absender > Vorgang > Bestandteil des Rechenschritts > Aufteilungsfaktor Energiemenge',
      'pruefidentifikator': '25001',
      'qualifier': None,
      'segment_code': None,
      'segmentgroup_key': 'SG9',
      'sort_path': '00003-00003-00007-00007-',
    }),
    dict({
      'data_element': None,
      'description': 'Berechnungsformel',
      'direction': 'NB an MSB / LF',
      'format_version': 'FV2310',
      'id_path': 'SG2>SG5>SG8>SG9>CCI>',
      'line_ahb_status': 'Muss',
      'line_name': 'Aufteilungsfaktor Energiemenge',
      'path': 'MP-ID Absender > Vorgang > Bestandteil des Rechenschritts > Aufteilungsfaktor Energiemenge > Aufteilungsfaktor Energiemenge',
      'pruefidentifikator': '25001',
      'qualifier': None,
      'segment_code': 'CCI',
      'segmentgroup_key': 'SG9',
      'sort_path': '00003-00003-00007-00007-00000-',
    }),
    dict({
      'data_element': 'D_7037',
      'description': 'Berechnungsformel',
      'direction': 'NB an MSB / LF',
      'format_version': 'FV2310',
      'id_path': 'SG2>SG5>SG8>SG9>CCI>C_C240>D_7037>ZG6>',
      'line_ahb_status': 'X',
      'line_name': 'Aufteilungsfaktor Energiemenge',
      'path': 'MP-ID Absender > Vorgang > Bestandteil des Rechenschritts > Aufteilungsfaktor Energiemenge > Aufteilungsfaktor Energiemenge > Merkmalsbeschreibung > Merkmal, Code > Aufteilungsfaktor Energiemenge',
      'pruefidentifikator': '25001',
      'qualifier': 'ZG6',
      'segment_code': 'CCI',
      'segmentgroup_key': 'SG9',
      'sort_path': '00003-00003-00007-00007-00000-00000-00000-00000-',
    }),
    dict({
      'data_element': None,
      'description': 'Berechnungsformel',
      'direction': 'NB an MSB / LF',
      'format_version': 'FV2310',
      'id_path': 'SG2>SG5>SG8>SG9>CAV>',
      'line_ahb_status': 'Muss',
      'line_name': 'Aufteilungsfaktor Energiemenge',
      'path': 'MP-ID Absender > Vorgang > Bestandteil des Rechenschritts > Aufteilungsfaktor Energiemenge > Aufteilungsfaktor Energiemenge',
      'pruefidentifikator': '25001',
      'qualifier': None,
      'segment_code': 'CAV',
      'segmentgroup_key': 'SG9',
      'sort_path': '00003-00003-00007-00007-00001-',
    }),
    dict({
      'data_element': 'D_7111',
      'description': 'Berechnungsformel',
      'direction': 'NB an MSB / LF',
      'format_version': 'FV2310',
      'id_path': 'SG2>SG5>SG8>SG9>CAV>C_C889>D_7111>ZH6>',
      'line_ahb_status': 'X',
      'line_name': 'Aufteilungsfaktor Energiemenge',
      'path': 'MP-ID Absender > Vorgang > Bestandteil des Rechenschritts > Aufteilungsfaktor Energiemenge > Aufteilungsfaktor Energiemenge > Merkmalswert > Merkmalswert, Code > Aufteilungsfaktor Energiemenge',
      'pruefidentifikator': '25001',
      'qualifier': 'ZH6',
      'segment_code': 'CAV',
      'segmentgroup_key': 'SG9',
      'sort_path': '00003-00003-00007-00007-00001-00000-00000-00000-',
    }),
    dict({
      'data_element': 'D_7110',
      'description': 'Berechnungsformel',
      'direction': 'NB an MSB / LF',
      'format_version': 'FV2310',
      'id_path': 'SG2>SG5>SG8>SG9>CAV>C_C889>D_7110>',
      'line_ahb_status': 'X [914] ∧ [969] ∧ [912]',
      'line_name': 'Aufteilungsfaktor Energiemenge',
      'path': 'MP-ID Absender > Vorgang > Bestandteil des Rechenschritts > Aufteilungsfaktor Energiemenge > Aufteilungsfaktor Energiemenge > Merkmalswert > Aufteilungsfaktor Energiemenge',
      'pruefidentifikator': '25001',
      'qualifier': None,
      'segment_code': 'CAV',
      'segmentgroup_key': 'SG9',
      'sort_path': '00003-00003-00007-00007-00001-00000-00001-',
    }),
    dict({
      'data_element': None,
      'description': 'Berechnungsformel',
      'direction': 'NB an MSB / LF',
      'format_version': 'FV2310',
      'id_path': 'UNT>',
      'line_ahb_status': 'Muss',
      'line_name': 'Nachrichten-Endesegment',
      'path': 'Nachrichten-Endesegment',
      'pruefidentifikator': '25001',
      'qualifier': None,
      'segment_code': 'UNT',
      'segmentgroup_key': None,
      'sort_path': '00004-',
    }),
    dict({
      'data_element': 'D_0074',
      'description': 'Berechnungsformel',
      'direction': 'NB an MSB / LF',
      'format_version': 'FV2310',
      'id_path': 'UNT>D_0074>',
      'line_ahb_status': 'X',
      'line_name': 'Anzahl der Segmente in einer Nachricht',
      'path': 'Nachrichten-Endesegment > Anzahl der Segmente in einer Nachricht',
      'pruefidentifikator': '25001',
      'qualifier': None,
      'segment_code': 'UNT',
      'segmentgroup_key': None,
      'sort_path': '00004-00000-',
    }),
    dict({
      'data_element': 'D_0062',
      'description': 'Berechnungsformel',
      'direction': 'NB an MSB / LF',
      'format_version': 'FV2310',
      'id_path': 'UNT>D_0062>',
      'line_ahb_status': 'X',
      'line_name': 'Nachrichten-Referenznummer',
      'path': 'Nachrichten-Endesegment > Nachrichten-Referenznummer',
      'pruefidentifikator': '25001',
      'qualifier': None,
      'segment_code': 'UNT',
      'segmentgroup_key': None,
      'sort_path': '00004-00001-',
    }),
  ])
# ---
