# serializer version: 1
# name: test_mig_diff_snapshot_comdis
  list([
    dict({
      'diff_status': 'added',
      'id_path': 'SG2>SG3>FTX>C_C107>D_4441>@00007-00002-00001-00002-00000-',
      'line_type': 'dataelement',
      'new_dataelement_id': 'D_4441',
      'new_format': 'COMDIS',
      'new_format_version': 'FV2504',
      'new_line_name': 'Freier Text, Code',
      'new_line_status_specification': 'M',
      'new_line_status_std': 'M',
      'new_segment_id': 'FTX',
      'new_segmentgroup_id': 'SG3',
      'old_format': 'COMDIS',
      'old_format_version': 'FV2410',
      'path': 'Dokument-/Nachricht-Einzelheiten > Begründung der Korrektheit > Begründung Richtigkeit mit Angabe einer Nachrichtenreferenz > Text-Referenz > Freier Text, Code',
      'sort_path': '00007-00002-00001-00002-00000-',
    }),
    dict({
      'diff_status': 'added',
      'id_path': 'SG2>SG3>FTX>C_C107>D_4441>@00007-00002-00001-00002-00000-',
      'line_type': 'dataelement',
      'new_dataelement_id': 'D_4441',
      'new_format': 'COMDIS',
      'new_format_version': 'FV2504',
      'new_line_name': 'Freier Text, Code',
      'new_line_status_specification': 'M',
      'new_line_status_std': 'M',
      'new_segment_id': 'FTX',
      'new_segmentgroup_id': 'SG3',
      'old_format': 'COMDIS',
      'old_format_version': 'FV2410',
      'path': 'Dokument-/Nachricht-Einzelheiten > Begründung der Korrektheit > Begründung Richtigkeit mit Angabe einer Nachrichtenreferenz > Text-Referenz > Freier Text, Code',
      'sort_path': '00007-00002-00001-00002-00000-',
    }),
    dict({
      'diff_status': 'added',
      'id_path': 'SG2>SG3>FTX>C_C107>D_4441>Z07>',
      'line_type': 'code',
      'new_code_value': 'Z07',
      'new_dataelement_id': 'D_4441',
      'new_format': 'COMDIS',
      'new_format_version': 'FV2504',
      'new_line_name': 'MSCONS',
      'new_line_status_specification': 'M',
      'new_line_status_std': 'M',
      'new_segment_id': 'FTX',
      'new_segmentgroup_id': 'SG3',
      'old_format': 'COMDIS',
      'old_format_version': 'FV2410',
      'path': 'Dokument-/Nachricht-Einzelheiten > Begründung der Korrektheit > Begründung Richtigkeit mit Angabe einer Nachrichtenreferenz > Text-Referenz > Freier Text, Code > MSCONS',
      'sort_path': '00007-00002-00001-00002-00000-00000-',
    }),
    dict({
      'diff_status': 'added',
      'id_path': 'SG2>SG3>FTX>C_C107>D_4441>Z07>',
      'line_type': 'code',
      'new_code_value': 'Z07',
      'new_dataelement_id': 'D_4441',
      'new_format': 'COMDIS',
      'new_format_version': 'FV2504',
      'new_line_name': 'MSCONS',
      'new_line_status_specification': 'M',
      'new_line_status_std': 'M',
      'new_segment_id': 'FTX',
      'new_segmentgroup_id': 'SG3',
      'old_format': 'COMDIS',
      'old_format_version': 'FV2410',
      'path': 'Dokument-/Nachricht-Einzelheiten > Begründung der Korrektheit > Begründung Richtigkeit mit Angabe einer Nachrichtenreferenz > Text-Referenz > Freier Text, Code > MSCONS',
      'sort_path': '00007-00002-00001-00002-00000-00000-',
    }),
    dict({
      'diff_status': 'added',
      'id_path': 'SG2>SG3>FTX>C_C107>D_4441>Z08>',
      'line_type': 'code',
      'new_code_value': 'Z08',
      'new_dataelement_id': 'D_4441',
      'new_format': 'COMDIS',
      'new_format_version': 'FV2504',
      'new_line_name': 'UTILMD',
      'new_line_status_specification': 'M',
      'new_line_status_std': 'M',
      'new_segment_id': 'FTX',
      'new_segmentgroup_id': 'SG3',
      'old_format': 'COMDIS',
      'old_format_version': 'FV2410',
      'path': 'Dokument-/Nachricht-Einzelheiten > Begründung der Korrektheit > Begründung Richtigkeit mit Angabe einer Nachrichtenreferenz > Text-Referenz > Freier Text, Code > UTILMD',
      'sort_path': '00007-00002-00001-00002-00000-00001-',
    }),
    dict({
      'diff_status': 'added',
      'id_path': 'SG2>SG3>FTX>C_C107>D_4441>Z08>',
      'line_type': 'code',
      'new_code_value': 'Z08',
      'new_dataelement_id': 'D_4441',
      'new_format': 'COMDIS',
      'new_format_version': 'FV2504',
      'new_line_name': 'UTILMD',
      'new_line_status_specification': 'M',
      'new_line_status_std': 'M',
      'new_segment_id': 'FTX',
      'new_segmentgroup_id': 'SG3',
      'old_format': 'COMDIS',
      'old_format_version': 'FV2410',
      'path': 'Dokument-/Nachricht-Einzelheiten > Begründung der Korrektheit > Begründung Richtigkeit mit Angabe einer Nachrichtenreferenz > Text-Referenz > Freier Text, Code > UTILMD',
      'sort_path': '00007-00002-00001-00002-00000-00001-',
    }),
    dict({
      'diff_status': 'added',
      'id_path': 'SG2>SG3>FTX>C_C107>D_4441>Z09>',
      'line_type': 'code',
      'new_code_value': 'Z09',
      'new_dataelement_id': 'D_4441',
      'new_format': 'COMDIS',
      'new_format_version': 'FV2504',
      'new_line_name': 'INVOIC',
      'new_line_status_specification': 'M',
      'new_line_status_std': 'M',
      'new_segment_id': 'FTX',
      'new_segmentgroup_id': 'SG3',
      'old_format': 'COMDIS',
      'old_format_version': 'FV2410',
      'path': 'Dokument-/Nachricht-Einzelheiten > Begründung der Korrektheit > Begründung Richtigkeit mit Angabe einer Nachrichtenreferenz > Text-Referenz > Freier Text, Code > INVOIC',
      'sort_path': '00007-00002-00001-00002-00000-00002-',
    }),
    dict({
      'diff_status': 'added',
      'id_path': 'SG2>SG3>FTX>C_C107>D_4441>Z09>',
      'line_type': 'code',
      'new_code_value': 'Z09',
      'new_dataelement_id': 'D_4441',
      'new_format': 'COMDIS',
      'new_format_version': 'FV2504',
      'new_line_name': 'INVOIC',
      'new_line_status_specification': 'M',
      'new_line_status_std': 'M',
      'new_segment_id': 'FTX',
      'new_segmentgroup_id': 'SG3',
      'old_format': 'COMDIS',
      'old_format_version': 'FV2410',
      'path': 'Dokument-/Nachricht-Einzelheiten > Begründung der Korrektheit > Begründung Richtigkeit mit Angabe einer Nachrichtenreferenz > Text-Referenz > Freier Text, Code > INVOIC',
      'sort_path': '00007-00002-00001-00002-00000-00002-',
    }),
    dict({
      'diff_status': 'added',
      'id_path': 'SG2>SG3>FTX>C_C107>D_4441>Z10>',
      'line_type': 'code',
      'new_code_value': 'Z10',
      'new_dataelement_id': 'D_4441',
      'new_format': 'COMDIS',
      'new_format_version': 'FV2504',
      'new_line_name': 'ORDERS',
      'new_line_status_specification': 'M',
      'new_line_status_std': 'M',
      'new_segment_id': 'FTX',
      'new_segmentgroup_id': 'SG3',
      'old_format': 'COMDIS',
      'old_format_version': 'FV2410',
      'path': 'Dokument-/Nachricht-Einzelheiten > Begründung der Korrektheit > Begründung Richtigkeit mit Angabe einer Nachrichtenreferenz > Text-Referenz > Freier Text, Code > ORDERS',
      'sort_path': '00007-00002-00001-00002-00000-00003-',
    }),
    dict({
      'diff_status': 'added',
      'id_path': 'SG2>SG3>FTX>C_C107>D_4441>Z10>',
      'line_type': 'code',
      'new_code_value': 'Z10',
      'new_dataelement_id': 'D_4441',
      'new_format': 'COMDIS',
      'new_format_version': 'FV2504',
      'new_line_name': 'ORDERS',
      'new_line_status_specification': 'M',
      'new_line_status_std': 'M',
      'new_segment_id': 'FTX',
      'new_segmentgroup_id': 'SG3',
      'old_format': 'COMDIS',
      'old_format_version': 'FV2410',
      'path': 'Dokument-/Nachricht-Einzelheiten > Begründung der Korrektheit > Begründung Richtigkeit mit Angabe einer Nachrichtenreferenz > Text-Referenz > Freier Text, Code > ORDERS',
      'sort_path': '00007-00002-00001-00002-00000-00003-',
    }),
    dict({
      'diff_status': 'added',
      'id_path': 'SG2>SG3>FTX>C_C107>D_4441>Z11>',
      'line_type': 'code',
      'new_code_value': 'Z11',
      'new_dataelement_id': 'D_4441',
      'new_format': 'COMDIS',
      'new_format_version': 'FV2504',
      'new_line_name': 'PRICAT',
      'new_line_status_specification': 'M',
      'new_line_status_std': 'M',
      'new_segment_id': 'FTX',
      'new_segmentgroup_id': 'SG3',
      'old_format': 'COMDIS',
      'old_format_version': 'FV2410',
      'path': 'Dokument-/Nachricht-Einzelheiten > Begründung der Korrektheit > Begründung Richtigkeit mit Angabe einer Nachrichtenreferenz > Text-Referenz > Freier Text, Code > PRICAT',
      'sort_path': '00007-00002-00001-00002-00000-00004-',
    }),
    dict({
      'diff_status': 'added',
      'id_path': 'SG2>SG3>FTX>C_C107>D_4441>Z11>',
      'line_type': 'code',
      'new_code_value': 'Z11',
      'new_dataelement_id': 'D_4441',
      'new_format': 'COMDIS',
      'new_format_version': 'FV2504',
      'new_line_name': 'PRICAT',
      'new_line_status_specification': 'M',
      'new_line_status_std': 'M',
      'new_segment_id': 'FTX',
      'new_segmentgroup_id': 'SG3',
      'old_format': 'COMDIS',
      'old_format_version': 'FV2410',
      'path': 'Dokument-/Nachricht-Einzelheiten > Begründung der Korrektheit > Begründung Richtigkeit mit Angabe einer Nachrichtenreferenz > Text-Referenz > Freier Text, Code > PRICAT',
      'sort_path': '00007-00002-00001-00002-00000-00004-',
    }),
    dict({
      'diff_status': 'added',
      'id_path': 'SG2>SG3>FTX>C_C107>D_4441>Z12>',
      'line_type': 'code',
      'new_code_value': 'Z12',
      'new_dataelement_id': 'D_4441',
      'new_format': 'COMDIS',
      'new_format_version': 'FV2504',
      'new_line_name': 'IFTSTA',
      'new_line_status_specification': 'M',
      'new_line_status_std': 'M',
      'new_segment_id': 'FTX',
      'new_segmentgroup_id': 'SG3',
      'old_format': 'COMDIS',
      'old_format_version': 'FV2410',
      'path': 'Dokument-/Nachricht-Einzelheiten > Begründung der Korrektheit > Begründung Richtigkeit mit Angabe einer Nachrichtenreferenz > Text-Referenz > Freier Text, Code > IFTSTA',
      'sort_path': '00007-00002-00001-00002-00000-00005-',
    }),
    dict({
      'diff_status': 'added',
      'id_path': 'SG2>SG3>FTX>C_C107>D_4441>Z12>',
      'line_type': 'code',
      'new_code_value': 'Z12',
      'new_dataelement_id': 'D_4441',
      'new_format': 'COMDIS',
      'new_format_version': 'FV2504',
      'new_line_name': 'IFTSTA',
      'new_line_status_specification': 'M',
      'new_line_status_std': 'M',
      'new_segment_id': 'FTX',
      'new_segmentgroup_id': 'SG3',
      'old_format': 'COMDIS',
      'old_format_version': 'FV2410',
      'path': 'Dokument-/Nachricht-Einzelheiten > Begründung der Korrektheit > Begründung Richtigkeit mit Angabe einer Nachrichtenreferenz > Text-Referenz > Freier Text, Code > IFTSTA',
      'sort_path': '00007-00002-00001-00002-00000-00005-',
    }),
    dict({
      'diff_status': 'added',
      'id_path': 'SG2>SG3>FTX>C_C107>D_4441>Z13>',
      'line_type': 'code',
      'new_code_value': 'Z13',
      'new_dataelement_id': 'D_4441',
      'new_format': 'COMDIS',
      'new_format_version': 'FV2504',
      'new_line_name': 'ORDCHG',
      'new_line_status_specification': 'M',
      'new_line_status_std': 'M',
      'new_segment_id': 'FTX',
      'new_segmentgroup_id': 'SG3',
      'old_format': 'COMDIS',
      'old_format_version': 'FV2410',
      'path': 'Dokument-/Nachricht-Einzelheiten > Begründung der Korrektheit > Begründung Richtigkeit mit Angabe einer Nachrichtenreferenz > Text-Referenz > Freier Text, Code > ORDCHG',
      'sort_path': '00007-00002-00001-00002-00000-00006-',
    }),
    dict({
      'diff_status': 'added',
      'id_path': 'SG2>SG3>FTX>C_C107>D_4441>Z13>',
      'line_type': 'code',
      'new_code_value': 'Z13',
      'new_dataelement_id': 'D_4441',
      'new_format': 'COMDIS',
      'new_format_version': 'FV2504',
      'new_line_name': 'ORDCHG',
      'new_line_status_specification': 'M',
      'new_line_status_std': 'M',
      'new_segment_id': 'FTX',
      'new_segmentgroup_id': 'SG3',
      'old_format': 'COMDIS',
      'old_format_version': 'FV2410',
      'path': 'Dokument-/Nachricht-Einzelheiten > Begründung der Korrektheit > Begründung Richtigkeit mit Angabe einer Nachrichtenreferenz > Text-Referenz > Freier Text, Code > ORDCHG',
      'sort_path': '00007-00002-00001-00002-00000-00006-',
    }),
    dict({
      'diff_status': 'added',
      'id_path': 'SG2>SG3>FTX>C_C108>D_4440>@00007-00002-00001-00003-00002-',
      'line_type': 'dataelement',
      'new_dataelement_id': 'D_4440',
      'new_format': 'COMDIS',
      'new_format_version': 'FV2504',
      'new_line_name': 'Datenaustauschreferenz der Empfangsbestätigung (CONTRL) oder der Anerkennungsmeldung (APERAK)',
      'new_line_status_specification': 'R',
      'new_line_status_std': 'C',
      'new_segment_id': 'FTX',
      'new_segmentgroup_id': 'SG3',
      'old_format': 'COMDIS',
      'old_format_version': 'FV2410',
      'path': 'Dokument-/Nachricht-Einzelheiten > Begründung der Korrektheit > Begründung Richtigkeit mit Angabe einer Nachrichtenreferenz > Text > Datenaustauschreferenz der Empfangsbestätigung (CONTRL) oder der Anerkennungsmeldung (APERAK)',
      'sort_path': '00007-00002-00001-00003-00002-',
    }),
    dict({
      'diff_status': 'added',
      'id_path': 'SG2>SG3>FTX>C_C108>D_4440>@00007-00002-00001-00003-00002-',
      'line_type': 'dataelement',
      'new_dataelement_id': 'D_4440',
      'new_format': 'COMDIS',
      'new_format_version': 'FV2504',
      'new_line_name': 'Datenaustauschreferenz der Empfangsbestätigung (CONTRL) oder der Anerkennungsmeldung (APERAK)',
      'new_line_status_specification': 'R',
      'new_line_status_std': 'C',
      'new_segment_id': 'FTX',
      'new_segmentgroup_id': 'SG3',
      'old_format': 'COMDIS',
      'old_format_version': 'FV2410',
      'path': 'Dokument-/Nachricht-Einzelheiten > Begründung der Korrektheit > Begründung Richtigkeit mit Angabe einer Nachrichtenreferenz > Text > Datenaustauschreferenz der Empfangsbestätigung (CONTRL) oder der Anerkennungsmeldung (APERAK)',
      'sort_path': '00007-00002-00001-00003-00002-',
    }),
    dict({
      'diff_status': 'added',
      'id_path': 'SG2>SG3>FTX>C_C108>D_4440>@00007-00002-00001-00003-00003-',
      'line_type': 'dataelement',
      'new_dataelement_id': 'D_4440',
      'new_format': 'COMDIS',
      'new_format_version': 'FV2504',
      'new_line_name': 'Nachrichtennummer aus der Anerkennungsmeldung (APERAK)',
      'new_line_status_specification': 'D',
      'new_line_status_std': 'C',
      'new_segment_id': 'FTX',
      'new_segmentgroup_id': 'SG3',
      'old_format': 'COMDIS',
      'old_format_version': 'FV2410',
      'path': 'Dokument-/Nachricht-Einzelheiten > Begründung der Korrektheit > Begründung Richtigkeit mit Angabe einer Nachrichtenreferenz > Text > Nachrichtennummer aus der Anerkennungsmeldung (APERAK)',
      'sort_path': '00007-00002-00001-00003-00003-',
    }),
  ])
# ---
# name: test_mig_diff_snapshot_pricat
  list([
    dict({
      'diff_status': 'added',
      'id_path': 'SG1>@00006-',
      'line_type': 'segment_group',
      'new_format': 'PRICAT',
      'new_format_version': 'FV2504',
      'new_line_name': 'Preise des Netzbetreibers',
      'new_line_status_specification': 'D',
      'new_line_status_std': 'C',
      'new_segmentgroup_id': 'SG1',
      'old_format': 'PRICAT',
      'old_format_version': 'FV2410',
      'path': 'Preise des Netzbetreibers',
      'sort_path': '00006-',
    }),
    dict({
      'diff_status': 'added',
      'id_path': 'SG1>RFF>@00006-00000-',
      'line_type': 'segment',
      'new_format': 'PRICAT',
      'new_format_version': 'FV2504',
      'new_line_name': 'Preise des Netzbetreibers',
      'new_line_status_specification': 'M',
      'new_line_status_std': 'M',
      'new_segment_id': 'RFF',
      'new_segmentgroup_id': 'SG1',
      'old_format': 'PRICAT',
      'old_format_version': 'FV2410',
      'path': 'Preise des Netzbetreibers > Preise des Netzbetreibers',
      'sort_path': '00006-00000-',
    }),
    dict({
      'diff_status': 'added',
      'id_path': 'SG1>RFF>C_C506>@00006-00000-00000-',
      'line_type': 'dataelementgroup',
      'new_format': 'PRICAT',
      'new_format_version': 'FV2504',
      'new_line_name': 'Referenz',
      'new_line_status_specification': 'M',
      'new_line_status_std': 'M',
      'new_segment_id': 'RFF',
      'new_segmentgroup_id': 'SG1',
      'old_format': 'PRICAT',
      'old_format_version': 'FV2410',
      'path': 'Preise des Netzbetreibers > Preise des Netzbetreibers > Referenz',
      'sort_path': '00006-00000-00000-',
    }),
    dict({
      'diff_status': 'added',
      'id_path': 'SG1>RFF>C_C506>D_1153>@00006-00000-00000-00000-',
      'line_type': 'dataelement',
      'new_dataelement_id': 'D_1153',
      'new_format': 'PRICAT',
      'new_format_version': 'FV2504',
      'new_line_name': 'Referenz, Qualifier',
      'new_line_status_specification': 'M',
      'new_line_status_std': 'M',
      'new_segment_id': 'RFF',
      'new_segmentgroup_id': 'SG1',
      'old_format': 'PRICAT',
      'old_format_version': 'FV2410',
      'path': 'Preise des Netzbetreibers > Preise des Netzbetreibers > Referenz > Referenz, Qualifier',
      'sort_path': '00006-00000-00000-00000-',
    }),
    dict({
      'diff_status': 'added',
      'id_path': 'SG1>RFF>C_C506>D_1153>Z56>',
      'line_type': 'code',
      'new_code_value': 'Z56',
      'new_dataelement_id': 'D_1153',
      'new_format': 'PRICAT',
      'new_format_version': 'FV2504',
      'new_line_name': 'Preise des Netzbetreibers',
      'new_line_status_specification': 'M',
      'new_line_status_std': 'M',
      'new_segment_id': 'RFF',
      'new_segmentgroup_id': 'SG1',
      'old_format': 'PRICAT',
      'old_format_version': 'FV2410',
      'path': 'Preise des Netzbetreibers > Preise des Netzbetreibers > Referenz > Referenz, Qualifier > Preise des Netzbetreibers',
      'sort_path': '00006-00000-00000-00000-00000-',
    }),
    dict({
      'diff_status': 'added',
      'id_path': 'SG1>RFF>C_C506>D_1154>@00006-00000-00000-00001-',
      'line_type': 'dataelement',
      'new_dataelement_id': 'D_1154',
      'new_format': 'PRICAT',
      'new_format_version': 'FV2504',
      'new_line_name': 'MP-ID',
      'new_line_status_specification': 'R',
      'new_line_status_std': 'C',
      'new_segment_id': 'RFF',
      'new_segmentgroup_id': 'SG1',
      'old_format': 'PRICAT',
      'old_format_version': 'FV2410',
      'path': 'Preise des Netzbetreibers > Preise des Netzbetreibers > Referenz > MP-ID',
      'sort_path': '00006-00000-00000-00001-',
    }),
    dict({
      'diff_status': 'deleted',
      'id_path': 'SG17>SG36>SG40>PRI>C_C509>D_5375>',
      'line_type': 'dataelement',
      'new_format': 'PRICAT',
      'new_format_version': 'FV2504',
      'old_dataelement_id': 'D_5375',
      'old_format': 'PRICAT',
      'old_format_version': 'FV2410',
      'old_line_name': 'Preisart, Code',
      'old_line_status_specification': 'N',
      'old_line_status_std': 'C',
      'old_segment_id': 'PRI',
      'old_segmentgroup_id': 'SG40',
      'path': 'PGI-SG36 > LIN-PIA-IMD-MEA-QTY-HAN-ALI-DTM-RFF-LOC-DOC-PTY-FTX-SG37-SG38-SG39-SG40-SG41-SG47-SG48-SG49-SG50-SG51-SG52-SG54-SG55-SG56 > Preisangabe > Preisangaben > Preisinformation > Preisart, Code @00010-00001-00003-00000-00000-00002-',
      'sort_path': '00010-00001-00003-00000-00000-00002-',
    }),
    dict({
      'diff_status': 'deleted',
      'id_path': 'SG17>SG36>SG40>PRI>C_C509>D_5387>',
      'line_type': 'dataelement',
      'new_format': 'PRICAT',
      'new_format_version': 'FV2504',
      'old_dataelement_id': 'D_5387',
      'old_format': 'PRICAT',
      'old_format_version': 'FV2410',
      'old_line_name': 'Preisart, Code',
      'old_line_status_specification': 'N',
      'old_line_status_std': 'C',
      'old_segment_id': 'PRI',
      'old_segmentgroup_id': 'SG40',
      'path': 'PGI-SG36 > LIN-PIA-IMD-MEA-QTY-HAN-ALI-DTM-RFF-LOC-DOC-PTY-FTX-SG37-SG38-SG39-SG40-SG41-SG47-SG48-SG49-SG50-SG51-SG52-SG54-SG55-SG56 > Preisangabe > Preisangaben > Preisinformation > Preisart, Code @00010-00001-00003-00000-00000-00003-',
      'sort_path': '00010-00001-00003-00000-00000-00003-',
    }),
    dict({
      'diff_status': 'deleted',
      'id_path': 'SG17>SG36>SG40>PRI>C_C509>D_5375>',
      'line_type': 'dataelement',
      'new_format': 'PRICAT',
      'new_format_version': 'FV2504',
      'old_dataelement_id': 'D_5375',
      'old_format': 'PRICAT',
      'old_format_version': 'FV2410',
      'old_line_name': 'Preisart, Code',
      'old_line_status_specification': 'N',
      'old_line_status_std': 'C',
      'old_segment_id': 'PRI',
      'old_segmentgroup_id': 'SG40',
      'path': 'PGI-SG36 > LIN-PIA-IMD-MEA-QTY-HAN-ALI-DTM-RFF-LOC-DOC-PTY-FTX-SG37-SG38-SG39-SG40-SG41-SG47-SG48-SG49-SG50-SG51-SG52-SG54-SG55-SG56 > Preisangabe > Preisangaben > Preisinformation > Preisart, Code @00010-00001-00003-00000-00000-00002-',
      'sort_path': '00010-00001-00003-00000-00000-00002-',
    }),
    dict({
      'diff_status': 'deleted',
      'id_path': 'SG17>SG36>SG40>PRI>C_C509>D_5387>',
      'line_type': 'dataelement',
      'new_format': 'PRICAT',
      'new_format_version': 'FV2504',
      'old_dataelement_id': 'D_5387',
      'old_format': 'PRICAT',
      'old_format_version': 'FV2410',
      'old_line_name': 'Preisart, Code',
      'old_line_status_specification': 'N',
      'old_line_status_std': 'C',
      'old_segment_id': 'PRI',
      'old_segmentgroup_id': 'SG40',
      'path': 'PGI-SG36 > LIN-PIA-IMD-MEA-QTY-HAN-ALI-DTM-RFF-LOC-DOC-PTY-FTX-SG37-SG38-SG39-SG40-SG41-SG47-SG48-SG49-SG50-SG51-SG52-SG54-SG55-SG56 > Preisangabe > Preisangaben > Preisinformation > Preisart, Code @00010-00001-00003-00000-00000-00003-',
      'sort_path': '00010-00001-00003-00000-00000-00003-',
    }),
    dict({
      'diff_status': 'added',
      'id_path': 'SG17>SG36>SG40>RNG>@00011-00001-00003-00001-',
      'line_type': 'segment',
      'new_format': 'PRICAT',
      'new_format_version': 'FV2504',
      'new_line_name': 'Angaben zum Wertebereich',
      'new_line_status_specification': 'D',
      'new_line_status_std': 'C',
      'new_segment_id': 'RNG',
      'new_segmentgroup_id': 'SG40',
      'old_format': 'PRICAT',
      'old_format_version': 'FV2410',
      'path': 'PGI-SG36 > LIN-PIA-IMD-MEA-QTY-HAN-ALI-DTM-RFF-LOC-DOC-PTY-FTX-SG37-SG38-SG39-SG40-SG41-SG47-SG48-SG49-SG50-SG51-SG52-SG54-SG55-SG56 > Preisangabe > Angaben zum Wertebereich',
      'sort_path': '00011-00001-00003-00001-',
    }),
    dict({
      'diff_status': 'added',
      'id_path': 'SG17>SG36>SG40>RNG>D_6167>@00011-00001-00003-00001-00000-',
      'line_type': 'dataelement',
      'new_dataelement_id': 'D_6167',
      'new_format': 'PRICAT',
      'new_format_version': 'FV2504',
      'new_line_name': 'Wertebereich, Qualifier',
      'new_line_status_specification': 'M',
      'new_line_status_std': 'M',
      'new_segment_id': 'RNG',
      'new_segmentgroup_id': 'SG40',
      'old_format': 'PRICAT',
      'old_format_version': 'FV2410',
      'path': 'PGI-SG36 > LIN-PIA-IMD-MEA-QTY-HAN-ALI-DTM-RFF-LOC-DOC-PTY-FTX-SG37-SG38-SG39-SG40-SG41-SG47-SG48-SG49-SG50-SG51-SG52-SG54-SG55-SG56 > Preisangabe > Angaben zum Wertebereich > Wertebereich, Qualifier',
      'sort_path': '00011-00001-00003-00001-00000-',
    }),
    dict({
      'diff_status': 'added',
      'id_path': 'SG17>SG36>SG40>RNG>D_6167>10>@00011-00001-00003-00001-00000-00000-',
      'line_type': 'code',
      'new_code_value': '10',
      'new_dataelement_id': 'D_6167',
      'new_format': 'PRICAT',
      'new_format_version': 'FV2504',
      'new_line_name': 'jährlicher Mengenbereich',
      'new_line_status_specification': 'M',
      'new_line_status_std': 'M',
      'new_segment_id': 'RNG',
      'new_segmentgroup_id': 'SG40',
      'old_format': 'PRICAT',
      'old_format_version': 'FV2410',
      'path': 'PGI-SG36 > LIN-PIA-IMD-MEA-QTY-HAN-ALI-DTM-RFF-LOC-DOC-PTY-FTX-SG37-SG38-SG39-SG40-SG41-SG47-SG48-SG49-SG50-SG51-SG52-SG54-SG55-SG56 > Preisangabe > Angaben zum Wertebereich > Wertebereich, Qualifier > jährlicher Mengenbereich',
      'sort_path': '00011-00001-00003-00001-00000-00000-',
    }),
    dict({
      'diff_status': 'added',
      'id_path': 'SG17>SG36>SG40>RNG>C_C280>@00011-00001-00003-00001-00001-',
      'line_type': 'dataelementgroup',
      'new_format': 'PRICAT',
      'new_format_version': 'FV2504',
      'new_line_name': 'Wertebereich',
      'new_line_status_specification': 'R',
      'new_line_status_std': 'C',
      'new_segment_id': 'RNG',
      'new_segmentgroup_id': 'SG40',
      'old_format': 'PRICAT',
      'old_format_version': 'FV2410',
      'path': 'PGI-SG36 > LIN-PIA-IMD-MEA-QTY-HAN-ALI-DTM-RFF-LOC-DOC-PTY-FTX-SG37-SG38-SG39-SG40-SG41-SG47-SG48-SG49-SG50-SG51-SG52-SG54-SG55-SG56 > Preisangabe > Angaben zum Wertebereich > Wertebereich',
      'sort_path': '00011-00001-00003-00001-00001-',
    }),
    dict({
      'diff_status': 'added',
      'id_path': 'SG17>SG36>SG40>RNG>C_C280>D_6411>@00011-00001-00003-00001-00001-00000-',
      'line_type': 'dataelement',
      'new_dataelement_id': 'D_6411',
      'new_format': 'PRICAT',
      'new_format_version': 'FV2504',
      'new_line_name': 'Maßeinheit, Code',
      'new_line_status_specification': 'M',
      'new_line_status_std': 'M',
      'new_segment_id': 'RNG',
      'new_segmentgroup_id': 'SG40',
      'old_format': 'PRICAT',
      'old_format_version': 'FV2410',
      'path': 'PGI-SG36 > LIN-PIA-IMD-MEA-QTY-HAN-ALI-DTM-RFF-LOC-DOC-PTY-FTX-SG37-SG38-SG39-SG40-SG41-SG47-SG48-SG49-SG50-SG51-SG52-SG54-SG55-SG56 > Preisangabe > Angaben zum Wertebereich > Wertebereich > Maßeinheit, Code',
      'sort_path': '00011-00001-00003-00001-00001-00000-',
    }),
    dict({
      'diff_status': 'added',
      'id_path': 'SG17>SG36>SG40>RNG>C_C280>D_6411>H87>',
      'line_type': 'code',
      'new_code_value': 'H87',
      'new_dataelement_id': 'D_6411',
      'new_format': 'PRICAT',
      'new_format_version': 'FV2504',
      'new_line_name': 'Stück',
      'new_line_status_specification': 'M',
      'new_line_status_std': 'M',
      'new_segment_id': 'RNG',
      'new_segmentgroup_id': 'SG40',
      'old_format': 'PRICAT',
      'old_format_version': 'FV2410',
      'path': 'PGI-SG36 > LIN-PIA-IMD-MEA-QTY-HAN-ALI-DTM-RFF-LOC-DOC-PTY-FTX-SG37-SG38-SG39-SG40-SG41-SG47-SG48-SG49-SG50-SG51-SG52-SG54-SG55-SG56 > Preisangabe > Angaben zum Wertebereich > Wertebereich > Maßeinheit, Code > Stück',
      'sort_path': '00011-00001-00003-00001-00001-00000-00000-',
    }),
    dict({
      'diff_status': 'added',
      'id_path': 'SG17>SG36>SG40>RNG>C_C280>D_6411>DAY>',
      'line_type': 'code',
      'new_code_value': 'DAY',
      'new_dataelement_id': 'D_6411',
      'new_format': 'PRICAT',
      'new_format_version': 'FV2504',
      'new_line_name': 'Tag',
      'new_line_status_specification': 'M',
      'new_line_status_std': 'M',
      'new_segment_id': 'RNG',
      'new_segmentgroup_id': 'SG40',
      'old_format': 'PRICAT',
      'old_format_version': 'FV2410',
      'path': 'PGI-SG36 > LIN-PIA-IMD-MEA-QTY-HAN-ALI-DTM-RFF-LOC-DOC-PTY-FTX-SG37-SG38-SG39-SG40-SG41-SG47-SG48-SG49-SG50-SG51-SG52-SG54-SG55-SG56 > Preisangabe > Angaben zum Wertebereich > Wertebereich > Maßeinheit, Code > Tag',
      'sort_path': '00011-00001-00003-00001-00001-00000-00001-',
    }),
    dict({
      'diff_status': 'added',
      'id_path': 'SG17>SG36>SG40>RNG>C_C280>D_6162>@00011-00001-00003-00001-00001-00001-',
      'line_type': 'dataelement',
      'new_dataelement_id': 'D_6162',
      'new_format': 'PRICAT',
      'new_format_version': 'FV2504',
      'new_line_name': 'Wertebereichsgrenze, untere',
      'new_line_status_specification': 'R',
      'new_line_status_std': 'C',
      'new_segment_id': 'RNG',
      'new_segmentgroup_id': 'SG40',
      'old_format': 'PRICAT',
      'old_format_version': 'FV2410',
      'path': 'PGI-SG36 > LIN-PIA-IMD-MEA-QTY-HAN-ALI-DTM-RFF-LOC-DOC-PTY-FTX-SG37-SG38-SG39-SG40-SG41-SG47-SG48-SG49-SG50-SG51-SG52-SG54-SG55-SG56 > Preisangabe > Angaben zum Wertebereich > Wertebereich > Wertebereichsgrenze, untere',
      'sort_path': '00011-00001-00003-00001-00001-00001-',
    }),
    dict({
      'diff_status': 'added',
      'id_path': 'SG17>SG36>SG40>RNG>C_C280>D_6152>@00011-00001-00003-00001-00001-00002-',
      'line_type': 'dataelement',
      'new_dataelement_id': 'D_6152',
      'new_format': 'PRICAT',
      'new_format_version': 'FV2504',
      'new_line_name': 'Wertebereichsgrenze, obere',
      'new_line_status_specification': 'D',
      'new_line_status_std': 'C',
      'new_segment_id': 'RNG',
      'new_segmentgroup_id': 'SG40',
      'old_format': 'PRICAT',
      'old_format_version': 'FV2410',
      'path': 'PGI-SG36 > LIN-PIA-IMD-MEA-QTY-HAN-ALI-DTM-RFF-LOC-DOC-PTY-FTX-SG37-SG38-SG39-SG40-SG41-SG47-SG48-SG49-SG50-SG51-SG52-SG54-SG55-SG56 > Preisangabe > Angaben zum Wertebereich > Wertebereich > Wertebereichsgrenze, obere',
      'sort_path': '00011-00001-00003-00001-00001-00002-',
    }),
  ])
# ---
